Archive member included to satisfy reference by file (symbol)

.\CortexM3\ARM_GCC_541\Debug\networking.a(CyLib.o)
                              .\CortexM3\ARM_GCC_541\Debug\Cm3Start.o (CyHalt)
.\CortexM3\ARM_GCC_541\Debug\networking.a(cyPm.o)
                              .\CortexM3\ARM_GCC_541\Debug\networking.a(CyLib.o) (CyPmReadStatus)
.\CortexM3\ARM_GCC_541\Debug\networking.a(TimerISR.o)
                              .\CortexM3\ARM_GCC_541\Debug\main.o (TimerISR_StartEx)
.\CortexM3\ARM_GCC_541\Debug\networking.a(Timer_1.o)
                              .\CortexM3\ARM_GCC_541\Debug\main.o (Timer_1_WritePeriod)
.\CortexM3\ARM_GCC_541\Debug\networking.a(IDLE.o)
                              .\CortexM3\ARM_GCC_541\Debug\main.o (IDLE_Write)
.\CortexM3\ARM_GCC_541\Debug\networking.a(COLLISION.o)
                              .\CortexM3\ARM_GCC_541\Debug\main.o (COLLISION_Write)
.\CortexM3\ARM_GCC_541\Debug\networking.a(BUSY.o)
                              .\CortexM3\ARM_GCC_541\Debug\main.o (BUSY_Write)
.\CortexM3\ARM_GCC_541\Debug\networking.a(INT_RISING.o)
                              .\CortexM3\ARM_GCC_541\Debug\main.o (INT_RISING_StartEx)
.\CortexM3\ARM_GCC_541\Debug\networking.a(INT_FALLING.o)
                              .\CortexM3\ARM_GCC_541\Debug\main.o (INT_FALLING_StartEx)
.\CortexM3\ARM_GCC_541\Debug\networking.a(Timer_TX.o)
                              .\CortexM3\ARM_GCC_541\Debug\main.o (Timer_TX_WritePeriod)
.\CortexM3\ARM_GCC_541\Debug\networking.a(Timer_TX_ISR.o)
                              .\CortexM3\ARM_GCC_541\Debug\main.o (Timer_TX_ISR_StartEx)
.\CortexM3\ARM_GCC_541\Debug\networking.a(TX.o)
                              .\CortexM3\ARM_GCC_541\Debug\main.o (TX_Write)
.\CortexM3\ARM_GCC_541\Debug\networking.a(UART.o)
                              .\CortexM3\ARM_GCC_541\Debug\main.o (UART_Start)
.\CortexM3\ARM_GCC_541\Debug\networking.a(UART_cdc.o)
                              .\CortexM3\ARM_GCC_541\Debug\main.o (UART_CDC_Init)
.\CortexM3\ARM_GCC_541\Debug\networking.a(UART_drv.o)
                              .\CortexM3\ARM_GCC_541\Debug\networking.a(UART.o) (UART_lastPacketSize)
.\CortexM3\ARM_GCC_541\Debug\networking.a(UART_episr.o)
                              .\CortexM3\ARM_GCC_541\Debug\networking.a(UART.o) (UART_EP_1_ISR)
.\CortexM3\ARM_GCC_541\Debug\networking.a(UART_pm.o)
                              .\CortexM3\ARM_GCC_541\Debug\networking.a(UART.o) (UART_DP_ISR)
.\CortexM3\ARM_GCC_541\Debug\networking.a(UART_std.o)
                              .\CortexM3\ARM_GCC_541\Debug\networking.a(UART_pm.o) (UART_ConfigReg)
.\CortexM3\ARM_GCC_541\Debug\networking.a(UART_vnd.o)
                              .\CortexM3\ARM_GCC_541\Debug\networking.a(UART_drv.o) (UART_HandleVendorRqst)
.\CortexM3\ARM_GCC_541\Debug\networking.a(UART_Dp.o)
                              .\CortexM3\ARM_GCC_541\Debug\networking.a(UART.o) (UART_Dp_ClearInterrupt)
.\CortexM3\ARM_GCC_541\Debug\networking.a(PRS.o)
                              .\CortexM3\ARM_GCC_541\Debug\main.o (PRS_Read)
.\CortexM3\ARM_GCC_541\Debug\networking.a(CyBootAsmGnu.o)
                              .\CortexM3\ARM_GCC_541\Debug\cyfitter_cfg.o (CyDelayCycles)
.\CortexM3\ARM_GCC_541\Debug\networking.a(CyFlash.o)
                              .\CortexM3\ARM_GCC_541\Debug\networking.a(cyPm.o) (CyFlash_SetWaitCycles)
.\CortexM3\ARM_GCC_541\Debug\networking.a(CySpc.o)
                              .\CortexM3\ARM_GCC_541\Debug\networking.a(CyFlash.o) (CySpcStart)
.\CortexM3\ARM_GCC_541\Debug\networking.a(UART_cls.o)
                              .\CortexM3\ARM_GCC_541\Debug\networking.a(UART_drv.o) (UART_DispatchClassRqst)
.\CortexM3\ARM_GCC_541\Debug\networking.a(UART_descr.o)
                              .\CortexM3\ARM_GCC_541\Debug\networking.a(UART_std.o) (UART_idSerialNumberStringDescriptor)
c:/program files (x86)/cypress/psoc creator/4.1/psoc creator/import/gnu/arm/5.4.1/bin/../lib/gcc/arm-none-eabi/5.4.1/../../../../arm-none-eabi/lib/armv7-m\libg_nano.a(lib_a-errno.o)
                              .\CortexM3\ARM_GCC_541\Debug\Cm3Start.o (__errno)
c:/program files (x86)/cypress/psoc creator/4.1/psoc creator/import/gnu/arm/5.4.1/bin/../lib/gcc/arm-none-eabi/5.4.1/../../../../arm-none-eabi/lib/armv7-m\libg_nano.a(lib_a-exit.o)
                              c:/program files (x86)/cypress/psoc creator/4.1/psoc creator/import/gnu/arm/5.4.1/bin/../lib/gcc/arm-none-eabi/5.4.1/../../../../arm-none-eabi/lib/armv7-m/crt0.o (exit)
c:/program files (x86)/cypress/psoc creator/4.1/psoc creator/import/gnu/arm/5.4.1/bin/../lib/gcc/arm-none-eabi/5.4.1/../../../../arm-none-eabi/lib/armv7-m\libg_nano.a(lib_a-impure.o)
                              c:/program files (x86)/cypress/psoc creator/4.1/psoc creator/import/gnu/arm/5.4.1/bin/../lib/gcc/arm-none-eabi/5.4.1/../../../../arm-none-eabi/lib/armv7-m\libg_nano.a(lib_a-exit.o) (_global_impure_ptr)
[...]
Memory Configuration

Name             Origin             Length             Attributes
rom              0x00000000         0x00040000         xr
ram              0x1fff8000         0x00010000         xrw
*default*        0x00000000         0xffffffff

Linker script and memory map

LOAD c:/program files (x86)/cypress/psoc creator/4.1/psoc creator/import/gnu/arm/5.4.1/bin/../lib/gcc/arm-none-eabi/5.4.1/armv7-m/crti.o
LOAD c:/program files (x86)/cypress/psoc creator/4.1/psoc creator/import/gnu/arm/5.4.1/bin/../lib/gcc/arm-none-eabi/5.4.1/armv7-m/crtbegin.o
LOAD c:/program files (x86)/cypress/psoc creator/4.1/psoc creator/import/gnu/arm/5.4.1/bin/../lib/gcc/arm-none-eabi/5.4.1/../../../../arm-none-eabi/lib/armv7-m/crt0.o
START GROUP
LOAD .\CortexM3\ARM_GCC_541\Debug\main.o
LOAD .\CortexM3\ARM_GCC_541\Debug\cyfitter_cfg.o
LOAD .\CortexM3\ARM_GCC_541\Debug\cymetadata.o
LOAD .\CortexM3\ARM_GCC_541\Debug\Cm3Start.o
LOAD .\CortexM3\ARM_GCC_541\Debug\networking.a
LOAD C:\Program Files (x86)\Cypress\PSoC Creator\4.1\PSoC Creator\psoc\content\cycomponentlibrary\CyComponentLibrary.cylib\CortexM3\ARM_GCC_541\Debug\CyComponentLibrary.a
END GROUP
START GROUP
LOAD c:/program files (x86)/cypress/psoc creator/4.1/psoc creator/import/gnu/arm/5.4.1/bin/../lib/gcc/arm-none-eabi/5.4.1/armv7-m\libgcc.a
LOAD c:/program files (x86)/cypress/psoc creator/4.1/psoc creator/import/gnu/arm/5.4.1/bin/../lib/gcc/arm-none-eabi/5.4.1/../../../../arm-none-eabi/lib/armv7-m\libg_nano.a
LOAD c:/program files (x86)/cypress/psoc creator/4.1/psoc creator/import/gnu/arm/5.4.1/bin/../lib/gcc/arm-none-eabi/5.4.1/../../../../arm-none-eabi/lib/armv7-m\libc_nano.a
END GROUP
START GROUP
LOAD c:/program files (x86)/cypress/psoc creator/4.1/psoc creator/import/gnu/arm/5.4.1/bin/../lib/gcc/arm-none-eabi/5.4.1/armv7-m\libgcc.a
LOAD c:/program files (x86)/cypress/psoc creator/4.1/psoc creator/import/gnu/arm/5.4.1/bin/../lib/gcc/arm-none-eabi/5.4.1/../../../../arm-none-eabi/lib/armv7-m\libc_nano.a
END GROUP
LOAD c:/program files (x86)/cypress/psoc creator/4.1/psoc creator/import/gnu/arm/5.4.1/bin/../lib/gcc/arm-none-eabi/5.4.1/armv7-m/crtend.o
LOAD c:/program files (x86)/cypress/psoc creator/4.1/psoc creator/import/gnu/arm/5.4.1/bin/../lib/gcc/arm-none-eabi/5.4.1/armv7-m/crtn.o
START GROUP
LOAD c:/program files (x86)/cypress/psoc creator/4.1/psoc creator/import/gnu/arm/5.4.1/bin/../lib/gcc/arm-none-eabi/5.4.1/armv7-m\libgcc.a
LOAD c:/program files (x86)/cypress/psoc creator/4.1/psoc creator/import/gnu/arm/5.4.1/bin/../lib/gcc/arm-none-eabi/5.4.1/../../../../arm-none-eabi/lib/armv7-m\libc.a
LOAD c:/program files (x86)/cypress/psoc creator/4.1/psoc creator/import/gnu/arm/5.4.1/bin/../lib/gcc/arm-none-eabi/5.4.1/../../../../arm-none-eabi/lib/armv7-m\libnosys.a
END GROUP
                0x00000000                CY_APPL_ORIGIN = 0x0
                0x00000100                CY_FLASH_ROW_SIZE = 0x100
                0x00000020                CY_ECC_ROW_SIZE = 0x20
                0x00000000                CY_EE_IN_BTLDR = 0x0
                0x00000000                CY_APPL_LOADABLE = 0x0
                0x00000800                CY_EE_SIZE = 0x800
                0x00000001                CY_APPL_NUM = 0x1
                0x00000001                CY_APPL_MAX = 0x1
                0x00000040                CY_METADATA_SIZE = 0x40
                0x00000000                CY_APPL_LOADABLE = 0x0
                0x00000000                CY_CHECKSUM_EXCLUDE_SIZE = ALIGN (0x0, CY_FLASH_ROW_SIZE)
                [!provide]                PROVIDE (__cy_heap_start, _end)
                0x00000001                PROVIDE (__cy_region_num, ((__cy_regions_end - __cy_regions) / 0x10))
                0x20008000                PROVIDE (__cy_stack, (ORIGIN (ram) + LENGTH (ram)))
                [!provide]                PROVIDE (__cy_heap_end, (__cy_stack - 0x800))

.cybootloader   0x00000000        0x0
 *(.cybootloader)
                0x00000000                appl1_start = CY_APPL_ORIGIN?CY_APPL_ORIGIN:ALIGN (CY_FLASH_ROW_SIZE)
                0x0001ff00                appl2_start = (appl1_start + ALIGN ((((LENGTH (rom) - appl1_start) - (0x2 * CY_FLASH_ROW_SIZE)) / 0x2), CY_FLASH_ROW_SIZE))
                0x00000000                appl_start = (CY_APPL_NUM == 0x1)?appl1_start:appl2_start
                0x00000000                ecc_offset = ((appl_start / CY_FLASH_ROW_SIZE) * CY_ECC_ROW_SIZE)
                0x00000000                ee_offset = (CY_APPL_LOADABLE && ! (CY_EE_IN_BTLDR))?((CY_EE_SIZE / CY_APPL_MAX) * (CY_APPL_NUM - 0x1)):0x0
                0x00000800                ee_size = (CY_APPL_LOADABLE && ! (CY_EE_IN_BTLDR))?(CY_EE_SIZE / CY_APPL_MAX):CY_EE_SIZE
                [!provide]                PROVIDE (CY_ECC_OFFSET, ecc_offset)

.text           0x00000000     0x2106
 CREATE_OBJECT_SYMBOLS
                0x00000000                PROVIDE (__cy_interrupt_vector, RomVectors)
 *(.romvectors)
 .romvectors    0x00000000       0x10 .\CortexM3\ARM_GCC_541\Debug\Cm3Start.o
                0x00000000                RomVectors
                0x00000001                ASSERT ((. != __cy_interrupt_vector), No interrupt vector)
                0x00000001                ASSERT (CY_APPL_ORIGIN?(SIZEOF (.cybootloader) <= CY_APPL_ORIGIN):0x1, Wrong image location)
                0x00000010                PROVIDE (__cy_reset, Reset)
 *(.text.Reset)
 .text.Reset    0x00000010       0x18 .\CortexM3\ARM_GCC_541\Debug\Cm3Start.o
                0x00000010                Reset
                0x00000001                ASSERT ((. != __cy_reset), No reset code)
 *(.dma_init)
                0x00000001                ASSERT ((((appl_start + .) <= 0x10000) || 0x1), DMA Init must be within the first 64k of flash)
 *(.text .text.* .gnu.linkonce.t.*)
 .text          0x00000028       0x5c c:/program files (x86)/cypress/psoc creator/4.1/psoc creator/import/gnu/arm/5.4.1/bin/../lib/gcc/arm-none-eabi/5.4.1/armv7-m/crtbegin.o
 .text.TIMER    0x00000084       0x24 .\CortexM3\ARM_GCC_541\Debug\main.o
                0x00000084                TIMER
 .text.Timer_TX_ISR_HANDLER
                0x000000a8       0xf4 .\CortexM3\ARM_GCC_541\Debug\main.o
                0x000000a8                Timer_TX_ISR_HANDLER
 .text.RISING   0x0000019c       0x28 .\CortexM3\ARM_GCC_541\Debug\main.o
                0x0000019c                RISING
 .text.FALLING  0x000001c4       0x2c .\CortexM3\ARM_GCC_541\Debug\main.o
                0x000001c4                FALLING
 .text.main     0x000001f0      0x170 .\CortexM3\ARM_GCC_541\Debug\main.o
                0x000001f0                main
 .text.CyClockStartupError
                0x00000360        0x4 .\CortexM3\ARM_GCC_541\Debug\cyfitter_cfg.o
 .text.cfg_write_bytes32
                0x00000364       0x34 .\CortexM3\ARM_GCC_541\Debug\cyfitter_cfg.o
 .text.AnalogSetDefault
                0x00000398       0x28 .\CortexM3\ARM_GCC_541\Debug\cyfitter_cfg.o
 .text.CYMEMZERO
                0x000003c0        0xc .\CortexM3\ARM_GCC_541\Debug\cyfitter_cfg.o
 .text.ClockSetup
                0x000003cc       0xd8 .\CortexM3\ARM_GCC_541\Debug\cyfitter_cfg.o
 .text.CYCONFIGCPY
                0x000004a4        0x8 .\CortexM3\ARM_GCC_541\Debug\cyfitter_cfg.o
 .text.cyfitter_cfg
                0x000004ac       0xf8 .\CortexM3\ARM_GCC_541\Debug\cyfitter_cfg.o
                0x000004ac                cyfitter_cfg
 .text.IntDefaultHandler
                0x000005a4       0x10 .\CortexM3\ARM_GCC_541\Debug\Cm3Start.o
                0x000005a4                IntDefaultHandler
 .text.Start_c  0x000005b4       0x4c .\CortexM3\ARM_GCC_541\Debug\Cm3Start.o
                0x000005b4                Start_c
 .text.initialize_psoc
                0x00000600       0x68 .\CortexM3\ARM_GCC_541\Debug\Cm3Start.o
                0x00000600                initialize_psoc
 .text.CyHalt   0x00000668        0x4 .\CortexM3\ARM_GCC_541\Debug\networking.a(CyLib.o)
                0x00000668                CyHalt
 .text.CyDelayUs
                0x0000066c       0x14 .\CortexM3\ARM_GCC_541\Debug\networking.a(CyLib.o)
                0x0000066c                CyDelayUs
 .text.CyIntSetVector
                0x00000680       0x28 .\CortexM3\ARM_GCC_541\Debug\networking.a(CyLib.o)
                0x00000680                CyIntSetVector
 .text.CyIntSetPriority
                0x000006a8       0x30 .\CortexM3\ARM_GCC_541\Debug\networking.a(CyLib.o)
                0x000006a8                CyIntSetPriority
 .text.CyGetUniqueId
                0x000006d8       0x70 .\CortexM3\ARM_GCC_541\Debug\networking.a(CyLib.o)
                0x000006d8                CyGetUniqueId
 .text.TimerISR_SetVector
                0x00000748        0xc .\CortexM3\ARM_GCC_541\Debug\networking.a(TimerISR.o)
                0x00000748                TimerISR_SetVector
 .text.TimerISR_SetPriority
                0x00000754       0x10 .\CortexM3\ARM_GCC_541\Debug\networking.a(TimerISR.o)
                0x00000754                TimerISR_SetPriority
 .text.TimerISR_Enable
                0x00000764        0xc .\CortexM3\ARM_GCC_541\Debug\networking.a(TimerISR.o)
                0x00000764                TimerISR_Enable
 .text.TimerISR_Disable
                0x00000770        0xc .\CortexM3\ARM_GCC_541\Debug\networking.a(TimerISR.o)
                0x00000770                TimerISR_Disable
 .text.TimerISR_StartEx
                0x0000077c       0x1c .\CortexM3\ARM_GCC_541\Debug\networking.a(TimerISR.o)
                0x0000077c                TimerISR_StartEx
 .text.Timer_1_Enable
                0x00000798       0x10 .\CortexM3\ARM_GCC_541\Debug\networking.a(Timer_1.o)
                0x00000798                Timer_1_Enable
 .text.Timer_1_SetInterruptMode
                0x000007a8        0xc .\CortexM3\ARM_GCC_541\Debug\networking.a(Timer_1.o)
                0x000007a8                Timer_1_SetInterruptMode
 .text.Timer_1_ReadStatusRegister
                0x000007b4        0xc .\CortexM3\ARM_GCC_541\Debug\networking.a(Timer_1.o)
                0x000007b4                Timer_1_ReadStatusRegister
 .text.Timer_1_WritePeriod
                0x000007c0        0xc .\CortexM3\ARM_GCC_541\Debug\networking.a(Timer_1.o)
                0x000007c0                Timer_1_WritePeriod
 .text.Timer_1_ReadCapture
                0x000007cc        0xc .\CortexM3\ARM_GCC_541\Debug\networking.a(Timer_1.o)
                0x000007cc                Timer_1_ReadCapture
 .text.Timer_1_WriteCounter
                0x000007d8        0xc .\CortexM3\ARM_GCC_541\Debug\networking.a(Timer_1.o)
                0x000007d8                Timer_1_WriteCounter
 .text.Timer_1_ClearFIFO
                0x000007e4       0x14 .\CortexM3\ARM_GCC_541\Debug\networking.a(Timer_1.o)
                0x000007e4                Timer_1_ClearFIFO
 .text.Timer_1_Init
                0x000007f8       0x30 .\CortexM3\ARM_GCC_541\Debug\networking.a(Timer_1.o)
                0x000007f8                Timer_1_Init
 .text.Timer_1_Start
                0x00000828       0x1c .\CortexM3\ARM_GCC_541\Debug\networking.a(Timer_1.o)
                0x00000828                Timer_1_Start
 .text.IDLE_Write
                0x00000844       0x18 .\CortexM3\ARM_GCC_541\Debug\networking.a(IDLE.o)
                0x00000844                IDLE_Write
 .text.IDLE_Read
                0x0000085c       0x10 .\CortexM3\ARM_GCC_541\Debug\networking.a(IDLE.o)
                0x0000085c                IDLE_Read
 .text.COLLISION_Write
                0x0000086c       0x18 .\CortexM3\ARM_GCC_541\Debug\networking.a(COLLISION.o)
                0x0000086c                COLLISION_Write
 .text.COLLISION_Read
                0x00000884       0x10 .\CortexM3\ARM_GCC_541\Debug\networking.a(COLLISION.o)
                0x00000884                COLLISION_Read
 .text.BUSY_Write
                0x00000894       0x18 .\CortexM3\ARM_GCC_541\Debug\networking.a(BUSY.o)
                0x00000894                BUSY_Write
 .text.BUSY_Read
                0x000008ac       0x10 .\CortexM3\ARM_GCC_541\Debug\networking.a(BUSY.o)
                0x000008ac                BUSY_Read
 .text.INT_RISING_SetVector
                0x000008bc        0xc .\CortexM3\ARM_GCC_541\Debug\networking.a(INT_RISING.o)
                0x000008bc                INT_RISING_SetVector
 .text.INT_RISING_SetPriority
                0x000008c8       0x10 .\CortexM3\ARM_GCC_541\Debug\networking.a(INT_RISING.o)
                0x000008c8                INT_RISING_SetPriority
 .text.INT_RISING_Enable
                0x000008d8        0xc .\CortexM3\ARM_GCC_541\Debug\networking.a(INT_RISING.o)
                0x000008d8                INT_RISING_Enable
 .text.INT_RISING_Disable
                0x000008e4        0xc .\CortexM3\ARM_GCC_541\Debug\networking.a(INT_RISING.o)
                0x000008e4                INT_RISING_Disable
 .text.INT_RISING_StartEx
                0x000008f0       0x1c .\CortexM3\ARM_GCC_541\Debug\networking.a(INT_RISING.o)
                0x000008f0                INT_RISING_StartEx
 .text.INT_FALLING_SetVector
                0x0000090c        0xc .\CortexM3\ARM_GCC_541\Debug\networking.a(INT_FALLING.o)
                0x0000090c                INT_FALLING_SetVector
 .text.INT_FALLING_SetPriority
                0x00000918       0x10 .\CortexM3\ARM_GCC_541\Debug\networking.a(INT_FALLING.o)
                0x00000918                INT_FALLING_SetPriority
 .text.INT_FALLING_Enable
                0x00000928        0xc .\CortexM3\ARM_GCC_541\Debug\networking.a(INT_FALLING.o)
                0x00000928                INT_FALLING_Enable
 .text.INT_FALLING_Disable
                0x00000934        0xc .\CortexM3\ARM_GCC_541\Debug\networking.a(INT_FALLING.o)
                0x00000934                INT_FALLING_Disable
 .text.INT_FALLING_StartEx
                0x00000940       0x1c .\CortexM3\ARM_GCC_541\Debug\networking.a(INT_FALLING.o)
                0x00000940                INT_FALLING_StartEx
 .text.Timer_TX_Enable
                0x0000095c       0x10 .\CortexM3\ARM_GCC_541\Debug\networking.a(Timer_TX.o)
                0x0000095c                Timer_TX_Enable
 .text.Timer_TX_SetInterruptMode
                0x0000096c        0xc .\CortexM3\ARM_GCC_541\Debug\networking.a(Timer_TX.o)
                0x0000096c                Timer_TX_SetInterruptMode
 .text.Timer_TX_ReadStatusRegister
                0x00000978        0xc .\CortexM3\ARM_GCC_541\Debug\networking.a(Timer_TX.o)
                0x00000978                Timer_TX_ReadStatusRegister
 .text.Timer_TX_WritePeriod
                0x00000984        0xc .\CortexM3\ARM_GCC_541\Debug\networking.a(Timer_TX.o)
                0x00000984                Timer_TX_WritePeriod
 .text.Timer_TX_ReadCapture
                0x00000990        0xc .\CortexM3\ARM_GCC_541\Debug\networking.a(Timer_TX.o)
                0x00000990                Timer_TX_ReadCapture
 .text.Timer_TX_WriteCounter
                0x0000099c        0xc .\CortexM3\ARM_GCC_541\Debug\networking.a(Timer_TX.o)
                0x0000099c                Timer_TX_WriteCounter
 .text.Timer_TX_ClearFIFO
                0x000009a8       0x14 .\CortexM3\ARM_GCC_541\Debug\networking.a(Timer_TX.o)
                0x000009a8                Timer_TX_ClearFIFO
 .text.Timer_TX_Init
                0x000009bc       0x30 .\CortexM3\ARM_GCC_541\Debug\networking.a(Timer_TX.o)
                0x000009bc                Timer_TX_Init
 .text.Timer_TX_Start
                0x000009ec       0x1c .\CortexM3\ARM_GCC_541\Debug\networking.a(Timer_TX.o)
                0x000009ec                Timer_TX_Start
 .text.Timer_TX_ISR_SetVector
                0x00000a08        0xc .\CortexM3\ARM_GCC_541\Debug\networking.a(Timer_TX_ISR.o)
                0x00000a08                Timer_TX_ISR_SetVector
 .text.Timer_TX_ISR_SetPriority
                0x00000a14       0x10 .\CortexM3\ARM_GCC_541\Debug\networking.a(Timer_TX_ISR.o)
                0x00000a14                Timer_TX_ISR_SetPriority
 .text.Timer_TX_ISR_Enable
                0x00000a24        0xc .\CortexM3\ARM_GCC_541\Debug\networking.a(Timer_TX_ISR.o)
                0x00000a24                Timer_TX_ISR_Enable
 .text.Timer_TX_ISR_Disable
                0x00000a30        0xc .\CortexM3\ARM_GCC_541\Debug\networking.a(Timer_TX_ISR.o)
                0x00000a30                Timer_TX_ISR_Disable
 .text.Timer_TX_ISR_StartEx
                0x00000a3c       0x1c .\CortexM3\ARM_GCC_541\Debug\networking.a(Timer_TX_ISR.o)
                0x00000a3c                Timer_TX_ISR_StartEx
 .text.TX_Write
                0x00000a58       0x18 .\CortexM3\ARM_GCC_541\Debug\networking.a(TX.o)
                0x00000a58                TX_Write
 .text.UART_Init
                0x00000a70      0x140 .\CortexM3\ARM_GCC_541\Debug\networking.a(UART.o)
                0x00000a70                UART_Init
 .text.UART_InitComponent
                0x00000bb0       0xb8 .\CortexM3\ARM_GCC_541\Debug\networking.a(UART.o)
                0x00000bb0                UART_InitComponent
 .text.UART_Start
                0x00000c68       0x24 .\CortexM3\ARM_GCC_541\Debug\networking.a(UART.o)
                0x00000c68                UART_Start
 .text.UART_ReInitComponent
                0x00000c8c       0x4c .\CortexM3\ARM_GCC_541\Debug\networking.a(UART.o)
                0x00000c8c                UART_ReInitComponent
 .text.UART_GetConfiguration
                0x00000cd8        0xc .\CortexM3\ARM_GCC_541\Debug\networking.a(UART.o)
                0x00000cd8                UART_GetConfiguration
 .text.UART_IsConfigurationChanged
                0x00000ce4       0x20 .\CortexM3\ARM_GCC_541\Debug\networking.a(UART.o)
                0x00000ce4                UART_IsConfigurationChanged
 .text.UART_GetEPState
                0x00000d04       0x14 .\CortexM3\ARM_GCC_541\Debug\networking.a(UART.o)
                0x00000d04                UART_GetEPState
 .text.UART_GetEPCount
                0x00000d18       0x28 .\CortexM3\ARM_GCC_541\Debug\networking.a(UART.o)
                0x00000d18                UART_GetEPCount
 .text.UART_LoadInEP
                0x00000d40       0x94 .\CortexM3\ARM_GCC_541\Debug\networking.a(UART.o)
                0x00000d40                UART_LoadInEP
 .text.UART_EnableOutEP
                0x00000dd4       0x2c .\CortexM3\ARM_GCC_541\Debug\networking.a(UART.o)
                0x00000dd4                UART_EnableOutEP
 .text.UART_ReadOutEP
                0x00000e00       0x50 .\CortexM3\ARM_GCC_541\Debug\networking.a(UART.o)
                0x00000e00                UART_ReadOutEP
 .text.UART_GetInterfaceComPort
                0x00000e50       0x38 .\CortexM3\ARM_GCC_541\Debug\networking.a(UART_cdc.o)
                0x00000e50                UART_GetInterfaceComPort
 .text.UART_DispatchCDCClassRqst
                0x00000e88       0x98 .\CortexM3\ARM_GCC_541\Debug\networking.a(UART_cdc.o)
                0x00000e88                UART_DispatchCDCClassRqst
 .text.UART_CDC_Init
                0x00000f20       0x98 .\CortexM3\ARM_GCC_541\Debug\networking.a(UART_cdc.o)
                0x00000f20                UART_CDC_Init
 .text.UART_PutChar
                0x00000fb8       0x28 .\CortexM3\ARM_GCC_541\Debug\networking.a(UART_cdc.o)
                0x00000fb8                UART_PutChar
 .text.UART_PutCRLF
                0x00000fe0       0x30 .\CortexM3\ARM_GCC_541\Debug\networking.a(UART_cdc.o)
                0x00000fe0                UART_PutCRLF
 .text.UART_DataIsReady
                0x00001010       0x18 .\CortexM3\ARM_GCC_541\Debug\networking.a(UART_cdc.o)
                0x00001010                UART_DataIsReady
 .text.UART_CDCIsReady
                0x00001028       0x18 .\CortexM3\ARM_GCC_541\Debug\networking.a(UART_cdc.o)
                0x00001028                UART_CDCIsReady
 .text.UART_GetAll
                0x00001040       0x30 .\CortexM3\ARM_GCC_541\Debug\networking.a(UART_cdc.o)
                0x00001040                UART_GetAll
 .text.UART_GetDTERate
                0x00001070       0x30 .\CortexM3\ARM_GCC_541\Debug\networking.a(UART_cdc.o)
                0x00001070                UART_GetDTERate
 .text.UART_Cdc_EpInit
                0x000010a0       0x50 .\CortexM3\ARM_GCC_541\Debug\networking.a(UART_cdc.o)
                0x000010a0                UART_Cdc_EpInit
 .text.UART_LoadEP0
                0x000010f0       0x98 .\CortexM3\ARM_GCC_541\Debug\networking.a(UART_drv.o)
                0x000010f0                UART_LoadEP0
 .text.UART_InitZeroLengthControlTransfer
                0x00001188       0x34 .\CortexM3\ARM_GCC_541\Debug\networking.a(UART_drv.o)
                0x00001188                UART_InitZeroLengthControlTransfer
 .text.UART_ControlReadDataStage
                0x000011bc        0x8 .\CortexM3\ARM_GCC_541\Debug\networking.a(UART_drv.o)
                0x000011bc                UART_ControlReadDataStage
 .text.UART_ControlWriteDataStage
                0x000011c4       0x84 .\CortexM3\ARM_GCC_541\Debug\networking.a(UART_drv.o)
                0x000011c4                UART_ControlWriteDataStage
 .text.UART_InitNoDataControlTransfer
                0x00001248       0x2c .\CortexM3\ARM_GCC_541\Debug\networking.a(UART_drv.o)
                0x00001248                UART_InitNoDataControlTransfer
 .text.UART_UpdateStatusBlock
                0x00001274       0x24 .\CortexM3\ARM_GCC_541\Debug\networking.a(UART_drv.o)
                0x00001274                UART_UpdateStatusBlock
 .text.UART_HandleSetup
                0x00001298       0x5c .\CortexM3\ARM_GCC_541\Debug\networking.a(UART_drv.o)
                0x00001298                UART_HandleSetup
 .text.UART_ControlReadStatusStage
                0x000012f4       0x38 .\CortexM3\ARM_GCC_541\Debug\networking.a(UART_drv.o)
                0x000012f4                UART_ControlReadStatusStage
 .text.UART_HandleOUT
                0x0000132c       0x38 .\CortexM3\ARM_GCC_541\Debug\networking.a(UART_drv.o)
                0x0000132c                UART_HandleOUT
 .text.UART_ControlWriteStatusStage
                0x00001364       0x20 .\CortexM3\ARM_GCC_541\Debug\networking.a(UART_drv.o)
                0x00001364                UART_ControlWriteStatusStage
 .text.UART_NoDataControlStatusStage
                0x00001384       0x40 .\CortexM3\ARM_GCC_541\Debug\networking.a(UART_drv.o)
                0x00001384                UART_NoDataControlStatusStage
 .text.UART_HandleIN
                0x000013c4       0x2c .\CortexM3\ARM_GCC_541\Debug\networking.a(UART_drv.o)
                0x000013c4                UART_HandleIN
 .text.UART_EP_0_ISR
                0x000013f0       0xb8 .\CortexM3\ARM_GCC_541\Debug\networking.a(UART_drv.o)
                0x000013f0                UART_EP_0_ISR
 .text.UART_InitializeStatusBlock
                0x000014a8       0x24 .\CortexM3\ARM_GCC_541\Debug\networking.a(UART_drv.o)
                0x000014a8                UART_InitializeStatusBlock
 .text.UART_InitControlRead
                0x000014cc       0x50 .\CortexM3\ARM_GCC_541\Debug\networking.a(UART_drv.o)
                0x000014cc                UART_InitControlRead
 .text.UART_InitControlWrite
                0x0000151c       0x48 .\CortexM3\ARM_GCC_541\Debug\networking.a(UART_drv.o)
                0x0000151c                UART_InitControlWrite
 .text.UART_EP_1_ISR
                0x00001564       0x30 .\CortexM3\ARM_GCC_541\Debug\networking.a(UART_episr.o)
                0x00001564                UART_EP_1_ISR
 .text.UART_EP_2_ISR
                0x00001594       0x34 .\CortexM3\ARM_GCC_541\Debug\networking.a(UART_episr.o)
                0x00001594                UART_EP_2_ISR
 .text.UART_EP_3_ISR
                0x000015c8       0x3c .\CortexM3\ARM_GCC_541\Debug\networking.a(UART_episr.o)
                0x000015c8                UART_EP_3_ISR
 .text.UART_SOF_ISR
                0x00001604        0x4 .\CortexM3\ARM_GCC_541\Debug\networking.a(UART_episr.o)
                0x00001604                UART_SOF_ISR
 .text.UART_BUS_RESET_ISR
                0x00001608        0x8 .\CortexM3\ARM_GCC_541\Debug\networking.a(UART_episr.o)
                0x00001608                UART_BUS_RESET_ISR
 .text.UART_DP_ISR
                0x00001610        0x8 .\CortexM3\ARM_GCC_541\Debug\networking.a(UART_pm.o)
                0x00001610                UART_DP_ISR
 .text.UART_ReadDieID
                0x00001618       0x6c .\CortexM3\ARM_GCC_541\Debug\networking.a(UART_std.o)
                0x00001618                UART_ReadDieID
 .text.UART_ConfigReg
                0x00001684       0xa4 .\CortexM3\ARM_GCC_541\Debug\networking.a(UART_std.o)
                0x00001684                UART_ConfigReg
 .text.UART_GetConfigTablePtr
                0x00001728       0x28 .\CortexM3\ARM_GCC_541\Debug\networking.a(UART_std.o)
                0x00001728                UART_GetConfigTablePtr
 .text.UART_ConfigAltChanged
                0x00001750      0x11c .\CortexM3\ARM_GCC_541\Debug\networking.a(UART_std.o)
                0x00001750                UART_ConfigAltChanged
 .text.UART_GetDeviceTablePtr
                0x0000186c       0x18 .\CortexM3\ARM_GCC_541\Debug\networking.a(UART_std.o)
                0x0000186c                UART_GetDeviceTablePtr
 .text.UART_GetInterfaceClassTablePtr
                0x00001884       0x28 .\CortexM3\ARM_GCC_541\Debug\networking.a(UART_std.o)
                0x00001884                UART_GetInterfaceClassTablePtr
 .text.UART_Config
                0x000018ac      0x1ec .\CortexM3\ARM_GCC_541\Debug\networking.a(UART_std.o)
                0x000018ac                UART_Config
 .text.UART_SetEndpointHalt
                0x00001a98       0x64 .\CortexM3\ARM_GCC_541\Debug\networking.a(UART_std.o)
                0x00001a98                UART_SetEndpointHalt
 .text.UART_ClearEndpointHalt
                0x00001afc       0xa8 .\CortexM3\ARM_GCC_541\Debug\networking.a(UART_std.o)
                0x00001afc                UART_ClearEndpointHalt
 .text.UART_ValidateAlternateSetting
                0x00001ba4       0x4c .\CortexM3\ARM_GCC_541\Debug\networking.a(UART_std.o)
                0x00001ba4                UART_ValidateAlternateSetting
 .text.UART_HandleStandardRqst
                0x00001bf0      0x354 .\CortexM3\ARM_GCC_541\Debug\networking.a(UART_std.o)
                0x00001bf0                UART_HandleStandardRqst
 .text.UART_HandleVendorRqst
                0x00001f44       0x18 .\CortexM3\ARM_GCC_541\Debug\networking.a(UART_vnd.o)
                0x00001f44                UART_HandleVendorRqst
 .text.UART_Dp_ClearInterrupt
                0x00001f5c       0x10 .\CortexM3\ARM_GCC_541\Debug\networking.a(UART_Dp.o)
                0x00001f5c                UART_Dp_ClearInterrupt
 .text.PRS_Enable
                0x00001f6c       0x10 .\CortexM3\ARM_GCC_541\Debug\networking.a(PRS.o)
                0x00001f6c                PRS_Enable
 .text.PRS_ResetSeedInit
                0x00001f7c       0x28 .\CortexM3\ARM_GCC_541\Debug\networking.a(PRS.o)
                0x00001f7c                PRS_ResetSeedInit
 .text.PRS_Read
                0x00001fa4       0x10 .\CortexM3\ARM_GCC_541\Debug\networking.a(PRS.o)
                0x00001fa4                PRS_Read
 .text.PRS_WriteSeed
                0x00001fb4       0x10 .\CortexM3\ARM_GCC_541\Debug\networking.a(PRS.o)
                0x00001fb4                PRS_WriteSeed
 .text.PRS_WritePolynomial
                0x00001fc4       0x10 .\CortexM3\ARM_GCC_541\Debug\networking.a(PRS.o)
                0x00001fc4                PRS_WritePolynomial
 .text.PRS_Init
                0x00001fd4       0x1c .\CortexM3\ARM_GCC_541\Debug\networking.a(PRS.o)
                0x00001fd4                PRS_Init
 .text.PRS_Start
                0x00001ff0       0x1c .\CortexM3\ARM_GCC_541\Debug\networking.a(PRS.o)
                0x00001ff0                PRS_Start
 *fill*         0x0000200c        0x4 
 .text          0x00002010       0x20 .\CortexM3\ARM_GCC_541\Debug\networking.a(CyBootAsmGnu.o)
                0x00002010                CyDelayCycles
                0x00002020                CyEnterCriticalSection
                0x00002028                CyExitCriticalSection
 .text.UART_DispatchClassRqst
                0x00002030       0x58 .\CortexM3\ARM_GCC_541\Debug\networking.a(UART_cls.o)
                0x00002030                UART_DispatchClassRqst
 .text.__errno  0x00002088        0xc c:/program files (x86)/cypress/psoc creator/4.1/psoc creator/import/gnu/arm/5.4.1/bin/../lib/gcc/arm-none-eabi/5.4.1/../../../../arm-none-eabi/lib/armv7-m\libg_nano.a(lib_a-errno.o)
                0x00002088                __errno
 .text.__libc_init_array
                0x00002094       0x4c c:/program files (x86)/cypress/psoc creator/4.1/psoc creator/import/gnu/arm/5.4.1/bin/../lib/gcc/arm-none-eabi/5.4.1/../../../../arm-none-eabi/lib/armv7-m\libg_nano.a(lib_a-init.o)
                0x00002094                __libc_init_array
 .text.memcpy   0x000020e0       0x16 c:/program files (x86)/cypress/psoc creator/4.1/psoc creator/import/gnu/arm/5.4.1/bin/../lib/gcc/arm-none-eabi/5.4.1/../../../../arm-none-eabi/lib/armv7-m\libg_nano.a(lib_a-memcpy-stub.o)
                0x000020e0                memcpy
 .text.memset   0x000020f6       0x10 c:/program files (x86)/cypress/psoc creator/4.1/psoc creator/import/gnu/arm/5.4.1/bin/../lib/gcc/arm-none-eabi/5.4.1/../../../../arm-none-eabi/lib/armv7-m\libg_nano.a(lib_a-memset.o)
                0x000020f6                memset
 *(.plt)
 *(.gnu.warning)
 *(.glue_7t)
 .glue_7t       0x00002106        0x0 linker stubs
 *(.glue_7)
 .glue_7        0x00002106        0x0 linker stubs
 *(.vfp11_veneer)
 .vfp11_veneer  0x00002106        0x0 linker stubs
 *(.bootloader)
 *(.ARM.extab* .gnu.linkonce.armextab.*)
 *(.gcc_except_table)

.v4_bx          0x00002108        0x0
 .v4_bx         0x00002108        0x0 linker stubs

.iplt           0x00002108        0x0
 .iplt          0x00002108        0x0 c:/program files (x86)/cypress/psoc creator/4.1/psoc creator/import/gnu/arm/5.4.1/bin/../lib/gcc/arm-none-eabi/5.4.1/armv7-m/crtbegin.o

.eh_frame_hdr
 *(.eh_frame_hdr)

.eh_frame       0x00002108        0x4
 *(.eh_frame)
 .eh_frame      0x00002108        0x0 c:/program files (x86)/cypress/psoc creator/4.1/psoc creator/import/gnu/arm/5.4.1/bin/../lib/gcc/arm-none-eabi/5.4.1/armv7-m/crtbegin.o
 .eh_frame      0x00002108        0x4 c:/program files (x86)/cypress/psoc creator/4.1/psoc creator/import/gnu/arm/5.4.1/bin/../lib/gcc/arm-none-eabi/5.4.1/armv7-m/crtend.o
                [!provide]                PROVIDE (__exidx_start, .)

.ARM.exidx
 *(.ARM.exidx* .gnu.linkonce.armexidx.*)
                0x0000210c                __exidx_end = .

.rodata         0x0000210c      0x1dc
 *(.rodata .rodata.* .gnu.linkonce.r.*)
 .rodata        0x0000210c       0x30 .\CortexM3\ARM_GCC_541\Debug\cyfitter_cfg.o
 .rodata        0x0000213c        0x2 .\CortexM3\ARM_GCC_541\Debug\networking.a(UART_cdc.o)
 *fill*         0x0000213e        0x2 
 .rodata.str1.4
                0x00002140       0x14 .\CortexM3\ARM_GCC_541\Debug\networking.a(UART_std.o)
                                 0x11 (size before relaxing)
 .rodata        0x00002154      0x15e .\CortexM3\ARM_GCC_541\Debug\networking.a(UART_descr.o)
                0x00002154                UART_TABLE
                0x0000215c                UART_DEVICE0_TABLE
                0x00002174                UART_DEVICE0_CONFIGURATION0_TABLE
                0x0000219c                UART_DEVICE0_CONFIGURATION0_INTERFACE_CLASS
                0x000021a0                UART_DEVICE0_CONFIGURATION0_EP_SETTINGS_TABLE
                0x000021b8                UART_SN_STRING_DESCRIPTOR
                0x000021bc                UART_STRING_DESCRIPTORS
                0x0000225c                UART_DEVICE0_CONFIGURATION0_DESCR
                0x000022a0                UART_DEVICE0_DESCR
 .rodata.str1.1
                0x000022b2        0x2 c:/program files (x86)/cypress/psoc creator/4.1/psoc creator/import/gnu/arm/5.4.1/bin/../lib/gcc/arm-none-eabi/5.4.1/../../../../arm-none-eabi/lib/armv7-m\libg_nano.a(lib_a-impure.o)
                0x000022b4                . = ALIGN (0x4)
 *(.init)
 .init          0x000022b4        0x4 c:/program files (x86)/cypress/psoc creator/4.1/psoc creator/import/gnu/arm/5.4.1/bin/../lib/gcc/arm-none-eabi/5.4.1/armv7-m/crti.o
                0x000022b4                _init
 .init          0x000022b8        0x8 c:/program files (x86)/cypress/psoc creator/4.1/psoc creator/import/gnu/arm/5.4.1/bin/../lib/gcc/arm-none-eabi/5.4.1/armv7-m/crtn.o
                0x000022c0                . = ALIGN (0x4)
                0x000022c0                __preinit_array_start = .
 *(.preinit_array)
                0x000022c0                __preinit_array_end = .
                0x000022c0                . = ALIGN (0x4)
                0x000022c0                __init_array_start = .
 *(SORT(.init_array.*))
 *(.init_array)
 .init_array    0x000022c0        0x4 c:/program files (x86)/cypress/psoc creator/4.1/psoc creator/import/gnu/arm/5.4.1/bin/../lib/gcc/arm-none-eabi/5.4.1/armv7-m/crtbegin.o
 .init_array    0x000022c4        0x4 .\CortexM3\ARM_GCC_541\Debug\Cm3Start.o
                0x000022c8                __init_array_end = .
                0x000022c8                . = ALIGN (0x4)
 *(.fini)
 .fini          0x000022c8        0x4 c:/program files (x86)/cypress/psoc creator/4.1/psoc creator/import/gnu/arm/5.4.1/bin/../lib/gcc/arm-none-eabi/5.4.1/armv7-m/crti.o
                0x000022c8                _fini
 .fini          0x000022cc        0x8 c:/program files (x86)/cypress/psoc creator/4.1/psoc creator/import/gnu/arm/5.4.1/bin/../lib/gcc/arm-none-eabi/5.4.1/armv7-m/crtn.o
                0x000022d4                . = ALIGN (0x4)
                0x000022d4                __fini_array_start = .
 *(.fini_array)
 .fini_array    0x000022d4        0x4 c:/program files (x86)/cypress/psoc creator/4.1/psoc creator/import/gnu/arm/5.4.1/bin/../lib/gcc/arm-none-eabi/5.4.1/armv7-m/crtbegin.o
 *(SORT(.fini_array.*))
                0x000022d8                __fini_array_end = .
                0x000022d8                . = ALIGN (0x4)
 *crtbegin.o(.ctors)
 *(EXCLUDE_FILE(*crtend.o) .ctors)
 *(SORT(.ctors.*))
 *crtend.o(.ctors)
                0x000022d8                . = ALIGN (0x4)
 *crtbegin.o(.dtors)
 *(EXCLUDE_FILE(*crtend.o) .dtors)
 *(SORT(.dtors.*))
 *crtend.o(.dtors)
                0x000022d8                . = ALIGN (0x4)
                0x000022d8                __cy_regions = .
                0x000022d8        0x4 LONG 0x22e8 __cy_region_init_ram
                0x000022dc        0x4 LONG 0x1fff80c8 __cy_region_start_data
                0x000022e0        0x4 LONG 0x98 __cy_region_init_size_ram
                0x000022e4        0x4 LONG 0x2250 __cy_region_zero_size_ram
                0x000022e8                __cy_regions_end = .
                0x000022e8                . = ALIGN (0x8)
                0x000022e8                _etext = .

.cy_checksum_exclude
                0x000022e8        0x0
 *(.cy_checksum_exclude)

.ramvectors     0x1fff8000       0xc0
                0x1fff8000                __cy_region_start_ram = .
 *(.ramvectors)
 .ramvectors    0x1fff8000       0xc0 .\CortexM3\ARM_GCC_541\Debug\Cm3Start.o
                0x1fff8000                CyRamVectors

.noinit         0x1fff80c0        0x1
 *(.noinit)
 .noinit        0x1fff80c0        0x1 .\CortexM3\ARM_GCC_541\Debug\networking.a(CyLib.o)
                0x1fff80c0                CyResetStatus

.data           0x1fff80c8       0x98 load address 0x000022e8
                0x1fff80c8                __cy_region_start_data = .
 *(.jcr)
 .jcr           0x1fff80c8        0x0 c:/program files (x86)/cypress/psoc creator/4.1/psoc creator/import/gnu/arm/5.4.1/bin/../lib/gcc/arm-none-eabi/5.4.1/armv7-m/crtbegin.o
 .jcr           0x1fff80c8        0x4 c:/program files (x86)/cypress/psoc creator/4.1/psoc creator/import/gnu/arm/5.4.1/bin/../lib/gcc/arm-none-eabi/5.4.1/armv7-m/crtend.o
 *(.got.plt)
 *(.got)
 *(.shdata)
 *(.data .data.* .gnu.linkonce.d.*)
 .data          0x1fff80cc       0x10 .\CortexM3\ARM_GCC_541\Debug\networking.a(CyLib.o)
                0x1fff80cc                cydelay_32k_ms
                0x1fff80d0                cydelay_freq_khz
                0x1fff80d4                cydelay_freq_mhz
                0x1fff80d8                cydelay_freq_hz
 .data          0x1fff80dc       0x1a .\CortexM3\ARM_GCC_541\Debug\networking.a(UART_cdc.o)
                0x1fff80dc                UART_linesCoding
 *fill*         0x1fff80f6        0x2 
 .data.impure_data
                0x1fff80f8       0x60 c:/program files (x86)/cypress/psoc creator/4.1/psoc creator/import/gnu/arm/5.4.1/bin/../lib/gcc/arm-none-eabi/5.4.1/../../../../arm-none-eabi/lib/armv7-m\libg_nano.a(lib_a-impure.o)
 .data._impure_ptr
                0x1fff8158        0x4 c:/program files (x86)/cypress/psoc creator/4.1/psoc creator/import/gnu/arm/5.4.1/bin/../lib/gcc/arm-none-eabi/5.4.1/../../../../arm-none-eabi/lib/armv7-m\libg_nano.a(lib_a-impure.o)
                0x1fff8158                _impure_ptr
                0x1fff8160                . = ALIGN (0x8)
 *fill*         0x1fff815c        0x4 
 *(.ram)
                0x1fff8160                _edata = .

.igot.plt       0x1fff8160        0x0 load address 0x00002380
 .igot.plt      0x1fff8160        0x0 c:/program files (x86)/cypress/psoc creator/4.1/psoc creator/import/gnu/arm/5.4.1/bin/../lib/gcc/arm-none-eabi/5.4.1/armv7-m/crtbegin.o

.bss            0x1fff8160     0x2250 load address 0x00002380
                0x1fff8160                PROVIDE (__bss_start__, .)
 *(.shbss)
 *(.bss .bss.* .gnu.linkonce.b.*)
 .bss           0x1fff8160       0x1c c:/program files (x86)/cypress/psoc creator/4.1/psoc creator/import/gnu/arm/5.4.1/bin/../lib/gcc/arm-none-eabi/5.4.1/armv7-m/crtbegin.o
 .bss           0x1fff817c       0x18 .\CortexM3\ARM_GCC_541\Debug\main.o
                0x1fff817c                lowFlag
                0x1fff817d                systemState
                0x1fff8180                SERIAL_POS
                0x1fff8184                TX_Bit_Counter
                0x1fff8188                count
                0x1fff818c                uartConnected
                0x1fff8190                dataConvertedReadOutCount
 .bss           0x1fff8194        0x1 .\CortexM3\ARM_GCC_541\Debug\networking.a(Timer_1.o)
                0x1fff8194                Timer_1_initVar
 .bss           0x1fff8195        0x1 .\CortexM3\ARM_GCC_541\Debug\networking.a(Timer_TX.o)
                0x1fff8195                Timer_TX_initVar
 .bss           0x1fff8196        0x1 .\CortexM3\ARM_GCC_541\Debug\networking.a(UART.o)
                0x1fff8196                UART_initVar
 .bss           0x1fff8197        0x1 .\CortexM3\ARM_GCC_541\Debug\networking.a(UART_cdc.o)
 .bss           0x1fff8198        0x2 .\CortexM3\ARM_GCC_541\Debug\networking.a(UART_std.o)
 .bss           0x1fff819a        0x1 .\CortexM3\ARM_GCC_541\Debug\networking.a(PRS.o)
                0x1fff819a                PRS_initVar
 *(COMMON)
 *fill*         0x1fff819b        0x1 
 COMMON         0x1fff819c     0x213c .\CortexM3\ARM_GCC_541\Debug\main.o
                0x1fff819c                SERIAL_BUFFER
                0x1fff8390                dataSize
                0x1fff8394                currentChar
                0x1fff8398                CONVERTED_DATA
 COMMON         0x1fffa2d8       0x18 .\CortexM3\ARM_GCC_541\Debug\networking.a(UART_cdc.o)
                0x1fffa2d8                UART_linesChanged
                0x1fffa2dc                UART_cdcDataInEp
                0x1fffa2e0                UART_cdcCommInInterruptEp
                0x1fffa2e4                UART_cdcDataOutEp
                0x1fffa2e8                UART_linesControlBitmap
                0x1fffa2ec                UART_serialStateBitmap
 COMMON         0x1fffa2f0       0x98 .\CortexM3\ARM_GCC_541\Debug\networking.a(UART_drv.o)
                0x1fffa2f0                UART_transferState
                0x1fffa2f4                UART_interfaceSettingLast
                0x1fffa2f6                UART_configuration
                0x1fffa2f7                UART_ep0Toggle
                0x1fffa2f8                UART_interfaceNumber
                0x1fffa2f9                UART_device
                0x1fffa2fc                UART_EP
                0x1fffa368                UART_interfaceClass
                0x1fffa36c                UART_transferByteCount
                0x1fffa370                UART_interfaceSetting
                0x1fffa372                UART_ep0Count
                0x1fffa373                UART_configurationChanged
                0x1fffa374                UART_interfaceStatus
                0x1fffa376                UART_lastPacketSize
                0x1fffa377                UART_deviceAddress
                0x1fffa378                UART_deviceStatus
                0x1fffa379                UART_ep0Mode
                0x1fffa37c                UART_currentTD
 COMMON         0x1fffa388       0x22 .\CortexM3\ARM_GCC_541\Debug\networking.a(UART_descr.o)
                0x1fffa388                UART_idSerialNumberStringDescriptor
                0x1fffa3b0                . = ALIGN (0x8)
 *fill*         0x1fffa3aa        0x6 
 *(.ram.b)
                0x1fffa3b0                _end = .
                0x1fffa3b0                __end = .
                0x1fffa3b0                PROVIDE (end, .)
                0x1fffa3b0                PROVIDE (__bss_end__, .)
                0x000022e8                __cy_region_init_ram = LOADADDR (.data)
                0x00000098                __cy_region_init_size_ram = (_edata - ADDR (.data))
                0x00002250                __cy_region_zero_size_ram = (_end - _edata)

.heap           0x1fffa3b0       0x80 load address 0x00002380
                0x1fffa3b0                . = _end
                0x1fffa430                . = (. + 0x80)
 *fill*         0x1fffa3b0       0x80 
                0x1fffa430                __cy_heap_limit = .

.stack          0x20007800      0x800
                0x20007800                __cy_stack_limit = .
                0x20008000                . = (. + 0x800)
 *fill*         0x20007800      0x800 
                0x00000001                ASSERT ((__cy_stack_limit >= __cy_heap_limit), region RAM overflowed with stack)
                0x00000000                cy_checksum_exclude_size = (CY_APPL_LOADABLE == 0x1)?SIZEOF (.cy_checksum_exclude):0x0
                0x00000001                ASSERT ((cy_checksum_exclude_size <= CY_CHECKSUM_EXCLUDE_SIZE), CY_BOOT: Section .cy_checksum_exclude size exceedes specified limit.)

.cyloadermeta
 *(.cyloadermeta)

.cyloadablemeta
 *(.cyloadablemeta)

.cyconfigecc    0x80000000      0x264
 *(.cyconfigecc)
 .cyconfigecc   0x80000000      0x264 .\CortexM3\ARM_GCC_541\Debug\cymetadata.o
                0x80000000                cy_meta_configecc

.cycustnvl      0x90000000        0x4
 *(.cycustnvl)
 .cycustnvl     0x90000000        0x4 .\CortexM3\ARM_GCC_541\Debug\cymetadata.o
                0x90000000                cy_meta_custnvl

.cywolatch      0x90100000        0x4
 *(.cywolatch)
 .cywolatch     0x90100000        0x4 .\CortexM3\ARM_GCC_541\Debug\cymetadata.o
                0x90100000                cy_meta_wonvl

.cyeeprom       0x90200000        0x0
 *(.cyeeprom)
                0x00000001                ASSERT ((. <= ((0x90200000 + ee_offset) + ee_size)), .cyeeprom data will not fit in EEPROM)

.cyflashprotect
                0x90400000      0x100
 *(.cyflashprotect)
 .cyflashprotect
                0x90400000      0x100 .\CortexM3\ARM_GCC_541\Debug\cymetadata.o
                0x90400000                cy_meta_flashprotect

.cymeta         0x90500000        0xc
 *(.cymeta)
 .cymeta        0x90500000        0xc .\CortexM3\ARM_GCC_541\Debug\cymetadata.o
                0x90500000                cy_metadata

.rel.dyn        0x00002380        0x0 load address 0x9050000c
 .rel.iplt      0x00002380        0x0 c:/program files (x86)/cypress/psoc creator/4.1/psoc creator/import/gnu/arm/5.4.1/bin/../lib/gcc/arm-none-eabi/5.4.1/armv7-m/crtbegin.o

.stab
 *(.stab)

.stabstr
 *(.stabstr)

.debug
 *(.debug)

.line
 *(.line)

.debug_srcinfo
 *(.debug_srcinfo)

.debug_sfnames
 *(.debug_sfnames)

.debug_aranges  0x00000000      0xd90
 *(.debug_aranges)
 .debug_aranges
                0x00000000       0x40 .\CortexM3\ARM_GCC_541\Debug\main.o
 .debug_aranges
                0x00000040       0x58 .\CortexM3\ARM_GCC_541\Debug\cyfitter_cfg.o
 .debug_aranges
                0x00000098       0x18 .\CortexM3\ARM_GCC_541\Debug\cymetadata.o
 .debug_aranges
                0x000000b0       0x48 .\CortexM3\ARM_GCC_541\Debug\Cm3Start.o
 .debug_aranges
                0x000000f8      0x2a0 .\CortexM3\ARM_GCC_541\Debug\networking.a(CyLib.o)
 .debug_aranges
                0x00000398       0x98 .\CortexM3\ARM_GCC_541\Debug\networking.a(cyPm.o)
 .debug_aranges
                0x00000430       0x80 .\CortexM3\ARM_GCC_541\Debug\networking.a(TimerISR.o)
 .debug_aranges
                0x000004b0       0x90 .\CortexM3\ARM_GCC_541\Debug\networking.a(Timer_1.o)
 .debug_aranges
                0x00000540       0x38 .\CortexM3\ARM_GCC_541\Debug\networking.a(IDLE.o)
 .debug_aranges
                0x00000578       0x38 .\CortexM3\ARM_GCC_541\Debug\networking.a(COLLISION.o)
 .debug_aranges
                0x000005b0       0x38 .\CortexM3\ARM_GCC_541\Debug\networking.a(BUSY.o)
 .debug_aranges
                0x000005e8       0x80 .\CortexM3\ARM_GCC_541\Debug\networking.a(INT_RISING.o)
 .debug_aranges
                0x00000668       0x80 .\CortexM3\ARM_GCC_541\Debug\networking.a(INT_FALLING.o)
 .debug_aranges
                0x000006e8       0x90 .\CortexM3\ARM_GCC_541\Debug\networking.a(Timer_TX.o)
 .debug_aranges
                0x00000778       0x80 .\CortexM3\ARM_GCC_541\Debug\networking.a(Timer_TX_ISR.o)
 .debug_aranges
                0x000007f8       0x38 .\CortexM3\ARM_GCC_541\Debug\networking.a(TX.o)
 .debug_aranges
                0x00000830       0xc8 .\CortexM3\ARM_GCC_541\Debug\networking.a(UART.o)
 .debug_aranges
                0x000008f8       0xe8 .\CortexM3\ARM_GCC_541\Debug\networking.a(UART_cdc.o)
 .debug_aranges
                0x000009e0       0x98 .\CortexM3\ARM_GCC_541\Debug\networking.a(UART_drv.o)
 .debug_aranges
                0x00000a78       0x40 .\CortexM3\ARM_GCC_541\Debug\networking.a(UART_episr.o)
 .debug_aranges
                0x00000ab8       0x40 .\CortexM3\ARM_GCC_541\Debug\networking.a(UART_pm.o)
 .debug_aranges
                0x00000af8       0x80 .\CortexM3\ARM_GCC_541\Debug\networking.a(UART_std.o)
 .debug_aranges
                0x00000b78       0x20 .\CortexM3\ARM_GCC_541\Debug\networking.a(UART_vnd.o)
 .debug_aranges
                0x00000b98       0x48 .\CortexM3\ARM_GCC_541\Debug\networking.a(UART_Dp.o)
 .debug_aranges
                0x00000be0       0x60 .\CortexM3\ARM_GCC_541\Debug\networking.a(PRS.o)
 .debug_aranges
                0x00000c40       0x20 .\CortexM3\ARM_GCC_541\Debug\networking.a(CyBootAsmGnu.o)
 .debug_aranges
                0x00000c60       0x80 .\CortexM3\ARM_GCC_541\Debug\networking.a(CyFlash.o)
 .debug_aranges
                0x00000ce0       0x78 .\CortexM3\ARM_GCC_541\Debug\networking.a(CySpc.o)
 .debug_aranges
                0x00000d58       0x20 .\CortexM3\ARM_GCC_541\Debug\networking.a(UART_cls.o)
 .debug_aranges
                0x00000d78       0x18 .\CortexM3\ARM_GCC_541\Debug\networking.a(UART_descr.o)

.debug_pubnames
 *(.debug_pubnames)

.debug_info     0x00000000     0x8395
 *(.debug_info .gnu.linkonce.wi.*)
 .debug_info    0x00000000      0x693 .\CortexM3\ARM_GCC_541\Debug\main.o
 .debug_info    0x00000693      0x4ee .\CortexM3\ARM_GCC_541\Debug\cyfitter_cfg.o
 .debug_info    0x00000b81      0x135 .\CortexM3\ARM_GCC_541\Debug\cymetadata.o
 .debug_info    0x00000cb6      0x3bb .\CortexM3\ARM_GCC_541\Debug\Cm3Start.o
 .debug_info    0x00001071     0x1374 .\CortexM3\ARM_GCC_541\Debug\networking.a(CyLib.o)
 .debug_info    0x000023e5      0xa2a .\CortexM3\ARM_GCC_541\Debug\networking.a(cyPm.o)
 .debug_info    0x00002e0f      0x2d2 .\CortexM3\ARM_GCC_541\Debug\networking.a(TimerISR.o)
 .debug_info    0x000030e1      0x2ec .\CortexM3\ARM_GCC_541\Debug\networking.a(Timer_1.o)
 .debug_info    0x000033cd      0x11f .\CortexM3\ARM_GCC_541\Debug\networking.a(IDLE.o)
 .debug_info    0x000034ec      0x11f .\CortexM3\ARM_GCC_541\Debug\networking.a(COLLISION.o)
 .debug_info    0x0000360b      0x11f .\CortexM3\ARM_GCC_541\Debug\networking.a(BUSY.o)
 .debug_info    0x0000372a      0x2d2 .\CortexM3\ARM_GCC_541\Debug\networking.a(INT_RISING.o)
 .debug_info    0x000039fc      0x2d2 .\CortexM3\ARM_GCC_541\Debug\networking.a(INT_FALLING.o)
 .debug_info    0x00003cce      0x2ec .\CortexM3\ARM_GCC_541\Debug\networking.a(Timer_TX.o)
 .debug_info    0x00003fba      0x2d2 .\CortexM3\ARM_GCC_541\Debug\networking.a(Timer_TX_ISR.o)
 .debug_info    0x0000428c      0x11f .\CortexM3\ARM_GCC_541\Debug\networking.a(TX.o)
 .debug_info    0x000043ab      0x98f .\CortexM3\ARM_GCC_541\Debug\networking.a(UART.o)
 .debug_info    0x00004d3a      0xaf7 .\CortexM3\ARM_GCC_541\Debug\networking.a(UART_cdc.o)
 .debug_info    0x00005831      0x655 .\CortexM3\ARM_GCC_541\Debug\networking.a(UART_drv.o)
 .debug_info    0x00005e86      0x254 .\CortexM3\ARM_GCC_541\Debug\networking.a(UART_episr.o)
 .debug_info    0x000060da      0x2e4 .\CortexM3\ARM_GCC_541\Debug\networking.a(UART_pm.o)
 .debug_info    0x000063be      0xb26 .\CortexM3\ARM_GCC_541\Debug\networking.a(UART_std.o)
 .debug_info    0x00006ee4       0xed .\CortexM3\ARM_GCC_541\Debug\networking.a(UART_vnd.o)
 .debug_info    0x00006fd1      0x174 .\CortexM3\ARM_GCC_541\Debug\networking.a(UART_Dp.o)
 .debug_info    0x00007145      0x275 .\CortexM3\ARM_GCC_541\Debug\networking.a(PRS.o)
 .debug_info    0x000073ba       0xb9 .\CortexM3\ARM_GCC_541\Debug\networking.a(CyBootAsmGnu.o)
 .debug_info    0x00007473      0x5b8 .\CortexM3\ARM_GCC_541\Debug\networking.a(CyFlash.o)
 .debug_info    0x00007a2b      0x4e9 .\CortexM3\ARM_GCC_541\Debug\networking.a(CySpc.o)
 .debug_info    0x00007f14      0x1de .\CortexM3\ARM_GCC_541\Debug\networking.a(UART_cls.o)
 .debug_info    0x000080f2      0x2a3 .\CortexM3\ARM_GCC_541\Debug\networking.a(UART_descr.o)

.debug_abbrev   0x00000000     0x2573
 *(.debug_abbrev)
 .debug_abbrev  0x00000000      0x176 .\CortexM3\ARM_GCC_541\Debug\main.o
 .debug_abbrev  0x00000176      0x1fe .\CortexM3\ARM_GCC_541\Debug\cyfitter_cfg.o
 .debug_abbrev  0x00000374       0x66 .\CortexM3\ARM_GCC_541\Debug\cymetadata.o
 .debug_abbrev  0x000003da      0x1e8 .\CortexM3\ARM_GCC_541\Debug\Cm3Start.o
 .debug_abbrev  0x000005c2      0x254 .\CortexM3\ARM_GCC_541\Debug\networking.a(CyLib.o)
 .debug_abbrev  0x00000816      0x1ab .\CortexM3\ARM_GCC_541\Debug\networking.a(cyPm.o)
 .debug_abbrev  0x000009c1      0x173 .\CortexM3\ARM_GCC_541\Debug\networking.a(TimerISR.o)
 .debug_abbrev  0x00000b34      0x12b .\CortexM3\ARM_GCC_541\Debug\networking.a(Timer_1.o)
 .debug_abbrev  0x00000c5f       0x90 .\CortexM3\ARM_GCC_541\Debug\networking.a(IDLE.o)
 .debug_abbrev  0x00000cef       0x90 .\CortexM3\ARM_GCC_541\Debug\networking.a(COLLISION.o)
 .debug_abbrev  0x00000d7f       0x90 .\CortexM3\ARM_GCC_541\Debug\networking.a(BUSY.o)
 .debug_abbrev  0x00000e0f      0x173 .\CortexM3\ARM_GCC_541\Debug\networking.a(INT_RISING.o)
 .debug_abbrev  0x00000f82      0x173 .\CortexM3\ARM_GCC_541\Debug\networking.a(INT_FALLING.o)
 .debug_abbrev  0x000010f5      0x12b .\CortexM3\ARM_GCC_541\Debug\networking.a(Timer_TX.o)
 .debug_abbrev  0x00001220      0x173 .\CortexM3\ARM_GCC_541\Debug\networking.a(Timer_TX_ISR.o)
 .debug_abbrev  0x00001393       0x90 .\CortexM3\ARM_GCC_541\Debug\networking.a(TX.o)
 .debug_abbrev  0x00001423      0x215 .\CortexM3\ARM_GCC_541\Debug\networking.a(UART.o)
 .debug_abbrev  0x00001638      0x245 .\CortexM3\ARM_GCC_541\Debug\networking.a(UART_cdc.o)
 .debug_abbrev  0x0000187d      0x189 .\CortexM3\ARM_GCC_541\Debug\networking.a(UART_drv.o)
 .debug_abbrev  0x00001a06      0x11b .\CortexM3\ARM_GCC_541\Debug\networking.a(UART_episr.o)
 .debug_abbrev  0x00001b21      0x108 .\CortexM3\ARM_GCC_541\Debug\networking.a(UART_pm.o)
 .debug_abbrev  0x00001c29      0x20a .\CortexM3\ARM_GCC_541\Debug\networking.a(UART_std.o)
 .debug_abbrev  0x00001e33       0x9b .\CortexM3\ARM_GCC_541\Debug\networking.a(UART_vnd.o)
 .debug_abbrev  0x00001ece       0x90 .\CortexM3\ARM_GCC_541\Debug\networking.a(UART_Dp.o)
 .debug_abbrev  0x00001f5e      0x140 .\CortexM3\ARM_GCC_541\Debug\networking.a(PRS.o)
 .debug_abbrev  0x0000209e       0x14 .\CortexM3\ARM_GCC_541\Debug\networking.a(CyBootAsmGnu.o)
 .debug_abbrev  0x000020b2      0x198 .\CortexM3\ARM_GCC_541\Debug\networking.a(CyFlash.o)
 .debug_abbrev  0x0000224a      0x194 .\CortexM3\ARM_GCC_541\Debug\networking.a(CySpc.o)
 .debug_abbrev  0x000023de       0xe1 .\CortexM3\ARM_GCC_541\Debug\networking.a(UART_cls.o)
 .debug_abbrev  0x000024bf       0xb4 .\CortexM3\ARM_GCC_541\Debug\networking.a(UART_descr.o)

.debug_line     0x00000000     0x32d2
 *(.debug_line)
 .debug_line    0x00000000      0x2cf .\CortexM3\ARM_GCC_541\Debug\main.o
 .debug_line    0x000002cf      0x1db .\CortexM3\ARM_GCC_541\Debug\cyfitter_cfg.o
 .debug_line    0x000004aa      0x141 .\CortexM3\ARM_GCC_541\Debug\cymetadata.o
 .debug_line    0x000005eb      0x234 .\CortexM3\ARM_GCC_541\Debug\Cm3Start.o
 .debug_line    0x0000081f      0x816 .\CortexM3\ARM_GCC_541\Debug\networking.a(CyLib.o)
 .debug_line    0x00001035      0x367 .\CortexM3\ARM_GCC_541\Debug\networking.a(cyPm.o)
 .debug_line    0x0000139c      0x135 .\CortexM3\ARM_GCC_541\Debug\networking.a(TimerISR.o)
 .debug_line    0x000014d1      0x172 .\CortexM3\ARM_GCC_541\Debug\networking.a(Timer_1.o)
 .debug_line    0x00001643       0x91 .\CortexM3\ARM_GCC_541\Debug\networking.a(IDLE.o)
 .debug_line    0x000016d4       0x96 .\CortexM3\ARM_GCC_541\Debug\networking.a(COLLISION.o)
 .debug_line    0x0000176a       0x91 .\CortexM3\ARM_GCC_541\Debug\networking.a(BUSY.o)
 .debug_line    0x000017fb      0x137 .\CortexM3\ARM_GCC_541\Debug\networking.a(INT_RISING.o)
 .debug_line    0x00001932      0x138 .\CortexM3\ARM_GCC_541\Debug\networking.a(INT_FALLING.o)
 .debug_line    0x00001a6a      0x173 .\CortexM3\ARM_GCC_541\Debug\networking.a(Timer_TX.o)
 .debug_line    0x00001bdd      0x139 .\CortexM3\ARM_GCC_541\Debug\networking.a(Timer_TX_ISR.o)
 .debug_line    0x00001d16       0x8f .\CortexM3\ARM_GCC_541\Debug\networking.a(TX.o)
 .debug_line    0x00001da5      0x2d0 .\CortexM3\ARM_GCC_541\Debug\networking.a(UART.o)
 .debug_line    0x00002075      0x2e9 .\CortexM3\ARM_GCC_541\Debug\networking.a(UART_cdc.o)
 .debug_line    0x0000235e      0x218 .\CortexM3\ARM_GCC_541\Debug\networking.a(UART_drv.o)
 .debug_line    0x00002576       0xdd .\CortexM3\ARM_GCC_541\Debug\networking.a(UART_episr.o)
 .debug_line    0x00002653      0x102 .\CortexM3\ARM_GCC_541\Debug\networking.a(UART_pm.o)
 .debug_line    0x00002755      0x3d9 .\CortexM3\ARM_GCC_541\Debug\networking.a(UART_std.o)
 .debug_line    0x00002b2e       0x6d .\CortexM3\ARM_GCC_541\Debug\networking.a(UART_vnd.o)
 .debug_line    0x00002b9b       0xb8 .\CortexM3\ARM_GCC_541\Debug\networking.a(UART_Dp.o)
 .debug_line    0x00002c53      0x110 .\CortexM3\ARM_GCC_541\Debug\networking.a(PRS.o)
 .debug_line    0x00002d63       0x66 .\CortexM3\ARM_GCC_541\Debug\networking.a(CyBootAsmGnu.o)
 .debug_line    0x00002dc9      0x1e9 .\CortexM3\ARM_GCC_541\Debug\networking.a(CyFlash.o)
 .debug_line    0x00002fb2      0x23c .\CortexM3\ARM_GCC_541\Debug\networking.a(CySpc.o)
 .debug_line    0x000031ee       0x89 .\CortexM3\ARM_GCC_541\Debug\networking.a(UART_cls.o)
 .debug_line    0x00003277       0x5b .\CortexM3\ARM_GCC_541\Debug\networking.a(UART_descr.o)

.debug_frame    0x00000000     0x2078
 *(.debug_frame)
 .debug_frame   0x00000000       0x90 .\CortexM3\ARM_GCC_541\Debug\main.o
 .debug_frame   0x00000090       0xe4 .\CortexM3\ARM_GCC_541\Debug\cyfitter_cfg.o
 .debug_frame   0x00000174       0xb8 .\CortexM3\ARM_GCC_541\Debug\Cm3Start.o
 .debug_frame   0x0000022c      0x738 .\CortexM3\ARM_GCC_541\Debug\networking.a(CyLib.o)
 .debug_frame   0x00000964      0x1f8 .\CortexM3\ARM_GCC_541\Debug\networking.a(cyPm.o)
 .debug_frame   0x00000b5c      0x104 .\CortexM3\ARM_GCC_541\Debug\networking.a(TimerISR.o)
 .debug_frame   0x00000c60      0x124 .\CortexM3\ARM_GCC_541\Debug\networking.a(Timer_1.o)
 .debug_frame   0x00000d84       0x50 .\CortexM3\ARM_GCC_541\Debug\networking.a(IDLE.o)
 .debug_frame   0x00000dd4       0x50 .\CortexM3\ARM_GCC_541\Debug\networking.a(COLLISION.o)
 .debug_frame   0x00000e24       0x50 .\CortexM3\ARM_GCC_541\Debug\networking.a(BUSY.o)
 .debug_frame   0x00000e74      0x104 .\CortexM3\ARM_GCC_541\Debug\networking.a(INT_RISING.o)
 .debug_frame   0x00000f78      0x104 .\CortexM3\ARM_GCC_541\Debug\networking.a(INT_FALLING.o)
 .debug_frame   0x0000107c      0x124 .\CortexM3\ARM_GCC_541\Debug\networking.a(Timer_TX.o)
 .debug_frame   0x000011a0      0x104 .\CortexM3\ARM_GCC_541\Debug\networking.a(Timer_TX_ISR.o)
 .debug_frame   0x000012a4       0x50 .\CortexM3\ARM_GCC_541\Debug\networking.a(TX.o)
 .debug_frame   0x000012f4      0x1dc .\CortexM3\ARM_GCC_541\Debug\networking.a(UART.o)
 .debug_frame   0x000014d0      0x27c .\CortexM3\ARM_GCC_541\Debug\networking.a(UART_cdc.o)
 .debug_frame   0x0000174c      0x194 .\CortexM3\ARM_GCC_541\Debug\networking.a(UART_drv.o)
 .debug_frame   0x000018e0       0x6c .\CortexM3\ARM_GCC_541\Debug\networking.a(UART_episr.o)
 .debug_frame   0x0000194c       0xa0 .\CortexM3\ARM_GCC_541\Debug\networking.a(UART_pm.o)
 .debug_frame   0x000019ec      0x17c .\CortexM3\ARM_GCC_541\Debug\networking.a(UART_std.o)
 .debug_frame   0x00001b68       0x20 .\CortexM3\ARM_GCC_541\Debug\networking.a(UART_vnd.o)
 .debug_frame   0x00001b88       0x70 .\CortexM3\ARM_GCC_541\Debug\networking.a(UART_Dp.o)
 .debug_frame   0x00001bf8       0xc4 .\CortexM3\ARM_GCC_541\Debug\networking.a(PRS.o)
 .debug_frame   0x00001cbc      0x174 .\CortexM3\ARM_GCC_541\Debug\networking.a(CyFlash.o)
 .debug_frame   0x00001e30      0x160 .\CortexM3\ARM_GCC_541\Debug\networking.a(CySpc.o)
 .debug_frame   0x00001f90       0x2c .\CortexM3\ARM_GCC_541\Debug\networking.a(UART_cls.o)
 .debug_frame   0x00001fbc       0x20 c:/program files (x86)/cypress/psoc creator/4.1/psoc creator/import/gnu/arm/5.4.1/bin/../lib/gcc/arm-none-eabi/5.4.1/../../../../arm-none-eabi/lib/armv7-m\libg_nano.a(lib_a-errno.o)
 .debug_frame   0x00001fdc       0x28 c:/program files (x86)/cypress/psoc creator/4.1/psoc creator/import/gnu/arm/5.4.1/bin/../lib/gcc/arm-none-eabi/5.4.1/../../../../arm-none-eabi/lib/armv7-m\libg_nano.a(lib_a-exit.o)
 .debug_frame   0x00002004       0x2c c:/program files (x86)/cypress/psoc creator/4.1/psoc creator/import/gnu/arm/5.4.1/bin/../lib/gcc/arm-none-eabi/5.4.1/../../../../arm-none-eabi/lib/armv7-m\libg_nano.a(lib_a-init.o)
 .debug_frame   0x00002030       0x28 c:/program files (x86)/cypress/psoc creator/4.1/psoc creator/import/gnu/arm/5.4.1/bin/../lib/gcc/arm-none-eabi/5.4.1/../../../../arm-none-eabi/lib/armv7-m\libg_nano.a(lib_a-memcpy-stub.o)
 .debug_frame   0x00002058       0x20 c:/program files (x86)/cypress/psoc creator/4.1/psoc creator/import/gnu/arm/5.4.1/bin/../lib/gcc/arm-none-eabi/5.4.1/../../../../arm-none-eabi/lib/armv7-m\libg_nano.a(lib_a-memset.o)

.debug_str      0x00000000     0x2d8f
 *(.debug_str)
 .debug_str     0x00000000      0x45c .\CortexM3\ARM_GCC_541\Debug\main.o
                                0x4aa (size before relaxing)
 .debug_str     0x0000045c      0x176 .\CortexM3\ARM_GCC_541\Debug\cyfitter_cfg.o
                                0x338 (size before relaxing)
 .debug_str     0x000005d2       0x7f .\CortexM3\ARM_GCC_541\Debug\cymetadata.o
                                0x20d (size before relaxing)
 .debug_str     0x00000651      0x144 .\CortexM3\ARM_GCC_541\Debug\Cm3Start.o
                                0x333 (size before relaxing)
 .debug_str     0x00000795      0x835 .\CortexM3\ARM_GCC_541\Debug\networking.a(CyLib.o)
                                0xa70 (size before relaxing)
 .debug_str     0x00000fca      0x365 .\CortexM3\ARM_GCC_541\Debug\networking.a(cyPm.o)
                                0x75c (size before relaxing)
 .debug_str     0x0000132f       0xff .\CortexM3\ARM_GCC_541\Debug\networking.a(TimerISR.o)
                                0x2f9 (size before relaxing)
 .debug_str     0x0000142e      0x168 .\CortexM3\ARM_GCC_541\Debug\networking.a(Timer_1.o)
                                0x388 (size before relaxing)
 .debug_str     0x00001596       0x4c .\CortexM3\ARM_GCC_541\Debug\networking.a(IDLE.o)
                                0x206 (size before relaxing)
 .debug_str     0x000015e2       0x50 .\CortexM3\ARM_GCC_541\Debug\networking.a(COLLISION.o)
                                0x21f (size before relaxing)
 .debug_str     0x00001632       0x41 .\CortexM3\ARM_GCC_541\Debug\networking.a(BUSY.o)
                                0x206 (size before relaxing)
 .debug_str     0x00001673      0x119 .\CortexM3\ARM_GCC_541\Debug\networking.a(INT_RISING.o)
                                0x315 (size before relaxing)
 .debug_str     0x0000178c      0x126 .\CortexM3\ARM_GCC_541\Debug\networking.a(INT_FALLING.o)
                                0x323 (size before relaxing)
 .debug_str     0x000018b2      0x152 .\CortexM3\ARM_GCC_541\Debug\networking.a(Timer_TX.o)
                                0x39a (size before relaxing)
 .debug_str     0x00001a04      0x133 .\CortexM3\ARM_GCC_541\Debug\networking.a(Timer_TX_ISR.o)
                                0x331 (size before relaxing)
 .debug_str     0x00001b37       0x43 .\CortexM3\ARM_GCC_541\Debug\networking.a(TX.o)
                                0x1fc (size before relaxing)
 .debug_str     0x00001b7a      0x388 .\CortexM3\ARM_GCC_541\Debug\networking.a(UART.o)
                                0x61b (size before relaxing)
 .debug_str     0x00001f02      0x440 .\CortexM3\ARM_GCC_541\Debug\networking.a(UART_cdc.o)
                                0x75b (size before relaxing)
 .debug_str     0x00002342      0x249 .\CortexM3\ARM_GCC_541\Debug\networking.a(UART_drv.o)
                                0x5f3 (size before relaxing)
 .debug_str     0x0000258b       0x6e .\CortexM3\ARM_GCC_541\Debug\networking.a(UART_episr.o)
                                0x2e7 (size before relaxing)
 .debug_str     0x000025f9       0xb4 .\CortexM3\ARM_GCC_541\Debug\networking.a(UART_pm.o)
                                0x2f5 (size before relaxing)
 .debug_str     0x000026ad      0x226 .\CortexM3\ARM_GCC_541\Debug\networking.a(UART_std.o)
                                0x759 (size before relaxing)
 .debug_str     0x000028d3       0x22 .\CortexM3\ARM_GCC_541\Debug\networking.a(UART_vnd.o)
                                0x20d (size before relaxing)
 .debug_str     0x000028f5       0x87 .\CortexM3\ARM_GCC_541\Debug\networking.a(UART_Dp.o)
                                0x255 (size before relaxing)
 .debug_str     0x0000297c       0xba .\CortexM3\ARM_GCC_541\Debug\networking.a(PRS.o)
                                0x2c6 (size before relaxing)
 .debug_str     0x00002a36      0x19c .\CortexM3\ARM_GCC_541\Debug\networking.a(CyFlash.o)
                                0x3ca (size before relaxing)
 .debug_str     0x00002bd2       0xac .\CortexM3\ARM_GCC_541\Debug\networking.a(CySpc.o)
                                0x353 (size before relaxing)
 .debug_str     0x00002c7e       0x22 .\CortexM3\ARM_GCC_541\Debug\networking.a(UART_cls.o)
                                0x2c0 (size before relaxing)
 .debug_str     0x00002ca0       0xef .\CortexM3\ARM_GCC_541\Debug\networking.a(UART_descr.o)
                                0x35b (size before relaxing)

.debug_loc      0x00000000     0x305f
 *(.debug_loc)
 .debug_loc     0x00000000       0x32 .\CortexM3\ARM_GCC_541\Debug\main.o
 .debug_loc     0x00000032      0x1d7 .\CortexM3\ARM_GCC_541\Debug\cyfitter_cfg.o
 .debug_loc     0x00000209      0x144 .\CortexM3\ARM_GCC_541\Debug\Cm3Start.o
 .debug_loc     0x0000034d      0xa11 .\CortexM3\ARM_GCC_541\Debug\networking.a(CyLib.o)
 .debug_loc     0x00000d5e      0x1e4 .\CortexM3\ARM_GCC_541\Debug\networking.a(cyPm.o)
 .debug_loc     0x00000f42       0x56 .\CortexM3\ARM_GCC_541\Debug\networking.a(TimerISR.o)
 .debug_loc     0x00000f98       0x13 .\CortexM3\ARM_GCC_541\Debug\networking.a(Timer_1.o)
 .debug_loc     0x00000fab       0x42 .\CortexM3\ARM_GCC_541\Debug\networking.a(IDLE.o)
 .debug_loc     0x00000fed       0x42 .\CortexM3\ARM_GCC_541\Debug\networking.a(COLLISION.o)
 .debug_loc     0x0000102f       0x42 .\CortexM3\ARM_GCC_541\Debug\networking.a(BUSY.o)
 .debug_loc     0x00001071       0x56 .\CortexM3\ARM_GCC_541\Debug\networking.a(INT_RISING.o)
 .debug_loc     0x000010c7       0x56 .\CortexM3\ARM_GCC_541\Debug\networking.a(INT_FALLING.o)
 .debug_loc     0x0000111d       0x13 .\CortexM3\ARM_GCC_541\Debug\networking.a(Timer_TX.o)
 .debug_loc     0x00001130       0x56 .\CortexM3\ARM_GCC_541\Debug\networking.a(Timer_TX_ISR.o)
 .debug_loc     0x00001186       0x42 .\CortexM3\ARM_GCC_541\Debug\networking.a(TX.o)
 .debug_loc     0x000011c8      0x3e1 .\CortexM3\ARM_GCC_541\Debug\networking.a(UART.o)
 .debug_loc     0x000015a9      0x557 .\CortexM3\ARM_GCC_541\Debug\networking.a(UART_cdc.o)
 .debug_loc     0x00001b00      0x171 .\CortexM3\ARM_GCC_541\Debug\networking.a(UART_drv.o)
 .debug_loc     0x00001c71       0x26 .\CortexM3\ARM_GCC_541\Debug\networking.a(UART_pm.o)
 .debug_loc     0x00001c97      0x945 .\CortexM3\ARM_GCC_541\Debug\networking.a(UART_std.o)
 .debug_loc     0x000025dc       0x84 .\CortexM3\ARM_GCC_541\Debug\networking.a(UART_Dp.o)
 .debug_loc     0x00002660       0x79 .\CortexM3\ARM_GCC_541\Debug\networking.a(PRS.o)
 .debug_loc     0x000026d9      0x2f2 .\CortexM3\ARM_GCC_541\Debug\networking.a(CyFlash.o)
 .debug_loc     0x000029cb      0x64d .\CortexM3\ARM_GCC_541\Debug\networking.a(CySpc.o)
 .debug_loc     0x00003018       0x47 .\CortexM3\ARM_GCC_541\Debug\networking.a(UART_cls.o)

.debug_macinfo
 *(.debug_macinfo)

.debug_ranges   0x00000000      0xbc0
 *(.debug_ranges)
 .debug_ranges  0x00000000       0x48 .\CortexM3\ARM_GCC_541\Debug\main.o
 .debug_ranges  0x00000048       0x48 .\CortexM3\ARM_GCC_541\Debug\cyfitter_cfg.o
 .debug_ranges  0x00000090       0x38 .\CortexM3\ARM_GCC_541\Debug\Cm3Start.o
 .debug_ranges  0x000000c8      0x290 .\CortexM3\ARM_GCC_541\Debug\networking.a(CyLib.o)
 .debug_ranges  0x00000358       0x88 .\CortexM3\ARM_GCC_541\Debug\networking.a(cyPm.o)
 .debug_ranges  0x000003e0       0x70 .\CortexM3\ARM_GCC_541\Debug\networking.a(TimerISR.o)
 .debug_ranges  0x00000450       0x80 .\CortexM3\ARM_GCC_541\Debug\networking.a(Timer_1.o)
 .debug_ranges  0x000004d0       0x28 .\CortexM3\ARM_GCC_541\Debug\networking.a(IDLE.o)
 .debug_ranges  0x000004f8       0x28 .\CortexM3\ARM_GCC_541\Debug\networking.a(COLLISION.o)
 .debug_ranges  0x00000520       0x28 .\CortexM3\ARM_GCC_541\Debug\networking.a(BUSY.o)
 .debug_ranges  0x00000548       0x70 .\CortexM3\ARM_GCC_541\Debug\networking.a(INT_RISING.o)
 .debug_ranges  0x000005b8       0x70 .\CortexM3\ARM_GCC_541\Debug\networking.a(INT_FALLING.o)
 .debug_ranges  0x00000628       0x80 .\CortexM3\ARM_GCC_541\Debug\networking.a(Timer_TX.o)
 .debug_ranges  0x000006a8       0x70 .\CortexM3\ARM_GCC_541\Debug\networking.a(Timer_TX_ISR.o)
 .debug_ranges  0x00000718       0x28 .\CortexM3\ARM_GCC_541\Debug\networking.a(TX.o)
 .debug_ranges  0x00000740       0xd0 .\CortexM3\ARM_GCC_541\Debug\networking.a(UART.o)
 .debug_ranges  0x00000810       0xd8 .\CortexM3\ARM_GCC_541\Debug\networking.a(UART_cdc.o)
 .debug_ranges  0x000008e8       0x88 .\CortexM3\ARM_GCC_541\Debug\networking.a(UART_drv.o)
 .debug_ranges  0x00000970       0x30 .\CortexM3\ARM_GCC_541\Debug\networking.a(UART_episr.o)
 .debug_ranges  0x000009a0       0x30 .\CortexM3\ARM_GCC_541\Debug\networking.a(UART_pm.o)
 .debug_ranges  0x000009d0       0x70 .\CortexM3\ARM_GCC_541\Debug\networking.a(UART_std.o)
 .debug_ranges  0x00000a40       0x10 .\CortexM3\ARM_GCC_541\Debug\networking.a(UART_vnd.o)
 .debug_ranges  0x00000a50       0x38 .\CortexM3\ARM_GCC_541\Debug\networking.a(UART_Dp.o)
 .debug_ranges  0x00000a88       0x50 .\CortexM3\ARM_GCC_541\Debug\networking.a(PRS.o)
 .debug_ranges  0x00000ad8       0x70 .\CortexM3\ARM_GCC_541\Debug\networking.a(CyFlash.o)
 .debug_ranges  0x00000b48       0x68 .\CortexM3\ARM_GCC_541\Debug\networking.a(CySpc.o)
 .debug_ranges  0x00000bb0       0x10 .\CortexM3\ARM_GCC_541\Debug\networking.a(UART_cls.o)

.comment        0x00000000       0x6e
 .comment       0x00000000       0x6e .\CortexM3\ARM_GCC_541\Debug\main.o
                                 0x6f (size before relaxing)
 .comment       0x0000006e       0x6f .\CortexM3\ARM_GCC_541\Debug\cyfitter_cfg.o
 .comment       0x0000006e       0x6f .\CortexM3\ARM_GCC_541\Debug\cymetadata.o
 .comment       0x0000006e       0x6f .\CortexM3\ARM_GCC_541\Debug\Cm3Start.o
 .comment       0x0000006e       0x6f .\CortexM3\ARM_GCC_541\Debug\networking.a(CyLib.o)
 .comment       0x0000006e       0x6f .\CortexM3\ARM_GCC_541\Debug\networking.a(cyPm.o)
 .comment       0x0000006e       0x6f .\CortexM3\ARM_GCC_541\Debug\networking.a(TimerISR.o)
 .comment       0x0000006e       0x6f .\CortexM3\ARM_GCC_541\Debug\networking.a(Timer_1.o)
 .comment       0x0000006e       0x6f .\CortexM3\ARM_GCC_541\Debug\networking.a(IDLE.o)
 .comment       0x0000006e       0x6f .\CortexM3\ARM_GCC_541\Debug\networking.a(COLLISION.o)
 .comment       0x0000006e       0x6f .\CortexM3\ARM_GCC_541\Debug\networking.a(BUSY.o)
 .comment       0x0000006e       0x6f .\CortexM3\ARM_GCC_541\Debug\networking.a(INT_RISING.o)
 .comment       0x0000006e       0x6f .\CortexM3\ARM_GCC_541\Debug\networking.a(INT_FALLING.o)
 .comment       0x0000006e       0x6f .\CortexM3\ARM_GCC_541\Debug\networking.a(Timer_TX.o)
 .comment       0x0000006e       0x6f .\CortexM3\ARM_GCC_541\Debug\networking.a(Timer_TX_ISR.o)
 .comment       0x0000006e       0x6f .\CortexM3\ARM_GCC_541\Debug\networking.a(TX.o)
 .comment       0x0000006e       0x6f .\CortexM3\ARM_GCC_541\Debug\networking.a(UART.o)
 .comment       0x0000006e       0x6f .\CortexM3\ARM_GCC_541\Debug\networking.a(UART_cdc.o)
 .comment       0x0000006e       0x6f .\CortexM3\ARM_GCC_541\Debug\networking.a(UART_drv.o)
 .comment       0x0000006e       0x6f .\CortexM3\ARM_GCC_541\Debug\networking.a(UART_episr.o)
 .comment       0x0000006e       0x6f .\CortexM3\ARM_GCC_541\Debug\networking.a(UART_pm.o)
 .comment       0x0000006e       0x6f .\CortexM3\ARM_GCC_541\Debug\networking.a(UART_std.o)
 .comment       0x0000006e       0x6f .\CortexM3\ARM_GCC_541\Debug\networking.a(UART_vnd.o)
 .comment       0x0000006e       0x6f .\CortexM3\ARM_GCC_541\Debug\networking.a(UART_Dp.o)
 .comment       0x0000006e       0x6f .\CortexM3\ARM_GCC_541\Debug\networking.a(PRS.o)
 .comment       0x0000006e       0x6f .\CortexM3\ARM_GCC_541\Debug\networking.a(CyFlash.o)
 .comment       0x0000006e       0x6f .\CortexM3\ARM_GCC_541\Debug\networking.a(CySpc.o)
 .comment       0x0000006e       0x6f .\CortexM3\ARM_GCC_541\Debug\networking.a(UART_cls.o)
 .comment       0x0000006e       0x6f .\CortexM3\ARM_GCC_541\Debug\networking.a(UART_descr.o)

.debug_weaknames
 *(.debug_weaknames)

.debug_funcnames
 *(.debug_funcnames)

.debug_typenames
 *(.debug_typenames)

.debug_varnames
 *(.debug_varnames)

.note.gnu.arm.ident
 *(.note.gnu.arm.ident)

.ARM.attributes
                0x00000000       0x29
 *(.ARM.attributes)
 .ARM.attributes
                0x00000000       0x1d c:/program files (x86)/cypress/psoc creator/4.1/psoc creator/import/gnu/arm/5.4.1/bin/../lib/gcc/arm-none-eabi/5.4.1/armv7-m/crti.o
 .ARM.attributes
                0x0000001d       0x2d c:/program files (x86)/cypress/psoc creator/4.1/psoc creator/import/gnu/arm/5.4.1/bin/../lib/gcc/arm-none-eabi/5.4.1/armv7-m/crtbegin.o
 .ARM.attributes
                0x0000004a       0x1b c:/program files (x86)/cypress/psoc creator/4.1/psoc creator/import/gnu/arm/5.4.1/bin/../lib/gcc/arm-none-eabi/5.4.1/../../../../arm-none-eabi/lib/armv7-m/crt0.o
 .ARM.attributes
                0x00000065       0x33 .\CortexM3\ARM_GCC_541\Debug\main.o
 .ARM.attributes
                0x00000098       0x33 .\CortexM3\ARM_GCC_541\Debug\cyfitter_cfg.o
 .ARM.attributes
                0x000000cb       0x33 .\CortexM3\ARM_GCC_541\Debug\cymetadata.o
 .ARM.attributes
                0x000000fe       0x33 .\CortexM3\ARM_GCC_541\Debug\Cm3Start.o
 .ARM.attributes
                0x00000131       0x33 .\CortexM3\ARM_GCC_541\Debug\networking.a(CyLib.o)
 .ARM.attributes
                0x00000164       0x33 .\CortexM3\ARM_GCC_541\Debug\networking.a(cyPm.o)
 .ARM.attributes
                0x00000197       0x33 .\CortexM3\ARM_GCC_541\Debug\networking.a(TimerISR.o)
 .ARM.attributes
                0x000001ca       0x33 .\CortexM3\ARM_GCC_541\Debug\networking.a(Timer_1.o)
 .ARM.attributes
                0x000001fd       0x33 .\CortexM3\ARM_GCC_541\Debug\networking.a(IDLE.o)
 .ARM.attributes
                0x00000230       0x33 .\CortexM3\ARM_GCC_541\Debug\networking.a(COLLISION.o)
 .ARM.attributes
                0x00000263       0x33 .\CortexM3\ARM_GCC_541\Debug\networking.a(BUSY.o)
 .ARM.attributes
                0x00000296       0x33 .\CortexM3\ARM_GCC_541\Debug\networking.a(INT_RISING.o)
 .ARM.attributes
                0x000002c9       0x33 .\CortexM3\ARM_GCC_541\Debug\networking.a(INT_FALLING.o)
 .ARM.attributes
                0x000002fc       0x33 .\CortexM3\ARM_GCC_541\Debug\networking.a(Timer_TX.o)
 .ARM.attributes
                0x0000032f       0x33 .\CortexM3\ARM_GCC_541\Debug\networking.a(Timer_TX_ISR.o)
 .ARM.attributes
                0x00000362       0x33 .\CortexM3\ARM_GCC_541\Debug\networking.a(TX.o)
 .ARM.attributes
                0x00000395       0x33 .\CortexM3\ARM_GCC_541\Debug\networking.a(UART.o)
 .ARM.attributes
                0x000003c8       0x33 .\CortexM3\ARM_GCC_541\Debug\networking.a(UART_cdc.o)
 .ARM.attributes
                0x000003fb       0x33 .\CortexM3\ARM_GCC_541\Debug\networking.a(UART_drv.o)
 .ARM.attributes
                0x0000042e       0x33 .\CortexM3\ARM_GCC_541\Debug\networking.a(UART_episr.o)
 .ARM.attributes
                0x00000461       0x33 .\CortexM3\ARM_GCC_541\Debug\networking.a(UART_pm.o)
 .ARM.attributes
                0x00000494       0x33 .\CortexM3\ARM_GCC_541\Debug\networking.a(UART_std.o)
 .ARM.attributes
                0x000004c7       0x33 .\CortexM3\ARM_GCC_541\Debug\networking.a(UART_vnd.o)
 .ARM.attributes
                0x000004fa       0x33 .\CortexM3\ARM_GCC_541\Debug\networking.a(UART_Dp.o)
 .ARM.attributes
                0x0000052d       0x33 .\CortexM3\ARM_GCC_541\Debug\networking.a(PRS.o)
 .ARM.attributes
                0x00000560       0x21 .\CortexM3\ARM_GCC_541\Debug\networking.a(CyBootAsmGnu.o)
 .ARM.attributes
                0x00000581       0x33 .\CortexM3\ARM_GCC_541\Debug\networking.a(CyFlash.o)
 .ARM.attributes
                0x000005b4       0x33 .\CortexM3\ARM_GCC_541\Debug\networking.a(CySpc.o)
 .ARM.attributes
                0x000005e7       0x33 .\CortexM3\ARM_GCC_541\Debug\networking.a(UART_cls.o)
 .ARM.attributes
                0x0000061a       0x33 .\CortexM3\ARM_GCC_541\Debug\networking.a(UART_descr.o)
 .ARM.attributes
                0x0000064d       0x2d c:/program files (x86)/cypress/psoc creator/4.1/psoc creator/import/gnu/arm/5.4.1/bin/../lib/gcc/arm-none-eabi/5.4.1/../../../../arm-none-eabi/lib/armv7-m\libg_nano.a(lib_a-errno.o)
 .ARM.attributes
                0x0000067a       0x2d c:/program files (x86)/cypress/psoc creator/4.1/psoc creator/import/gnu/arm/5.4.1/bin/../lib/gcc/arm-none-eabi/5.4.1/../../../../arm-none-eabi/lib/armv7-m\libg_nano.a(lib_a-exit.o)
 .ARM.attributes
                0x000006a7       0x2d c:/program files (x86)/cypress/psoc creator/4.1/psoc creator/import/gnu/arm/5.4.1/bin/../lib/gcc/arm-none-eabi/5.4.1/../../../../arm-none-eabi/lib/armv7-m\libg_nano.a(lib_a-impure.o)
 .ARM.attributes
                0x000006d4       0x2d c:/program files (x86)/cypress/psoc creator/4.1/psoc creator/import/gnu/arm/5.4.1/bin/../lib/gcc/arm-none-eabi/5.4.1/../../../../arm-none-eabi/lib/armv7-m\libg_nano.a(lib_a-init.o)
 .ARM.attributes
                0x00000701       0x2d c:/program files (x86)/cypress/psoc creator/4.1/psoc creator/import/gnu/arm/5.4.1/bin/../lib/gcc/arm-none-eabi/5.4.1/../../../../arm-none-eabi/lib/armv7-m\libg_nano.a(lib_a-memcpy-stub.o)
 .ARM.attributes
                0x0000072e       0x2d c:/program files (x86)/cypress/psoc creator/4.1/psoc creator/import/gnu/arm/5.4.1/bin/../lib/gcc/arm-none-eabi/5.4.1/../../../../arm-none-eabi/lib/armv7-m\libg_nano.a(lib_a-memset.o)
 .ARM.attributes
                0x0000075b       0x2d c:/program files (x86)/cypress/psoc creator/4.1/psoc creator/import/gnu/arm/5.4.1/bin/../lib/gcc/arm-none-eabi/5.4.1/armv7-m/crtend.o
 .ARM.attributes
                0x00000788       0x1d c:/program files (x86)/cypress/psoc creator/4.1/psoc creator/import/gnu/arm/5.4.1/bin/../lib/gcc/arm-none-eabi/5.4.1/armv7-m/crtn.o

/DISCARD/
 *(.note.GNU-stack)
OUTPUT(C:\Users\marlowea\Google Drive\BACKUP\docs\2017-2018\sem2year4\CE4950\Project\psocker2017\networking.cydsn\CortexM3\ARM_GCC_541\Debug\networking.elf elf32-littlearm)
