Archive member included to satisfy reference by file (symbol)

.\CortexM3\ARM_GCC_541\Debug\networking.a(CyLib.o)
                              .\CortexM3\ARM_GCC_541\Debug\Cm3Start.o (CyHalt)
.\CortexM3\ARM_GCC_541\Debug\networking.a(cyPm.o)
                              .\CortexM3\ARM_GCC_541\Debug\networking.a(CyLib.o) (CyPmReadStatus)
.\CortexM3\ARM_GCC_541\Debug\networking.a(TimerISR.o)
                              .\CortexM3\ARM_GCC_541\Debug\main.o (TimerISR_StartEx)
.\CortexM3\ARM_GCC_541\Debug\networking.a(Timer_1.o)
                              .\CortexM3\ARM_GCC_541\Debug\main.o (Timer_1_WritePeriod)
.\CortexM3\ARM_GCC_541\Debug\networking.a(IDLE.o)
                              .\CortexM3\ARM_GCC_541\Debug\main.o (IDLE_Write)
.\CortexM3\ARM_GCC_541\Debug\networking.a(COLLISION.o)
                              .\CortexM3\ARM_GCC_541\Debug\main.o (COLLISION_Write)
.\CortexM3\ARM_GCC_541\Debug\networking.a(BUSY.o)
                              .\CortexM3\ARM_GCC_541\Debug\main.o (BUSY_Write)
.\CortexM3\ARM_GCC_541\Debug\networking.a(INT_RISING.o)
                              .\CortexM3\ARM_GCC_541\Debug\main.o (INT_RISING_StartEx)
.\CortexM3\ARM_GCC_541\Debug\networking.a(INT_FALLING.o)
                              .\CortexM3\ARM_GCC_541\Debug\main.o (INT_FALLING_StartEx)
.\CortexM3\ARM_GCC_541\Debug\networking.a(Timer_TX.o)
                              .\CortexM3\ARM_GCC_541\Debug\main.o (Timer_TX_WritePeriod)
.\CortexM3\ARM_GCC_541\Debug\networking.a(Timer_TX_ISR.o)
                              .\CortexM3\ARM_GCC_541\Debug\main.o (Timer_TX_ISR_StartEx)
.\CortexM3\ARM_GCC_541\Debug\networking.a(TX.o)
                              .\CortexM3\ARM_GCC_541\Debug\main.o (TX_Write)
.\CortexM3\ARM_GCC_541\Debug\networking.a(UART.o)
                              .\CortexM3\ARM_GCC_541\Debug\main.o (UART_Start)
.\CortexM3\ARM_GCC_541\Debug\networking.a(UART_cdc.o)
                              .\CortexM3\ARM_GCC_541\Debug\main.o (UART_CDC_Init)
.\CortexM3\ARM_GCC_541\Debug\networking.a(UART_drv.o)
                              .\CortexM3\ARM_GCC_541\Debug\networking.a(UART.o) (UART_lastPacketSize)
.\CortexM3\ARM_GCC_541\Debug\networking.a(UART_episr.o)
                              .\CortexM3\ARM_GCC_541\Debug\networking.a(UART.o) (UART_EP_1_ISR)
.\CortexM3\ARM_GCC_541\Debug\networking.a(UART_pm.o)
                              .\CortexM3\ARM_GCC_541\Debug\networking.a(UART.o) (UART_DP_ISR)
.\CortexM3\ARM_GCC_541\Debug\networking.a(UART_std.o)
                              .\CortexM3\ARM_GCC_541\Debug\networking.a(UART_pm.o) (UART_ConfigReg)
.\CortexM3\ARM_GCC_541\Debug\networking.a(UART_vnd.o)
                              .\CortexM3\ARM_GCC_541\Debug\networking.a(UART_drv.o) (UART_HandleVendorRqst)
.\CortexM3\ARM_GCC_541\Debug\networking.a(UART_Dp.o)
                              .\CortexM3\ARM_GCC_541\Debug\networking.a(UART.o) (UART_Dp_ClearInterrupt)
.\CortexM3\ARM_GCC_541\Debug\networking.a(PRS.o)
                              .\CortexM3\ARM_GCC_541\Debug\main.o (PRS_Read)
.\CortexM3\ARM_GCC_541\Debug\networking.a(TIMER_RZ.o)
                              .\CortexM3\ARM_GCC_541\Debug\main.o (TIMER_RZ_Stop)
.\CortexM3\ARM_GCC_541\Debug\networking.a(RZ_ISR.o)
                              .\CortexM3\ARM_GCC_541\Debug\main.o (RZ_ISR_StartEx)
.\CortexM3\ARM_GCC_541\Debug\networking.a(COLL_OUT.o)
                              .\CortexM3\ARM_GCC_541\Debug\main.o (COLL_OUT_Write)
.\CortexM3\ARM_GCC_541\Debug\networking.a(CyBootAsmGnu.o)
                              .\CortexM3\ARM_GCC_541\Debug\cyfitter_cfg.o (CyDelayCycles)
.\CortexM3\ARM_GCC_541\Debug\networking.a(CyFlash.o)
                              .\CortexM3\ARM_GCC_541\Debug\networking.a(cyPm.o) (CyFlash_SetWaitCycles)
.\CortexM3\ARM_GCC_541\Debug\networking.a(CySpc.o)
                              .\CortexM3\ARM_GCC_541\Debug\networking.a(CyFlash.o) (CySpcStart)
.\CortexM3\ARM_GCC_541\Debug\networking.a(UART_cls.o)
                              .\CortexM3\ARM_GCC_541\Debug\networking.a(UART_drv.o) (UART_DispatchClassRqst)
.\CortexM3\ARM_GCC_541\Debug\networking.a(UART_descr.o)
                              .\CortexM3\ARM_GCC_541\Debug\networking.a(UART_std.o) (UART_idSerialNumberStringDescriptor)
c:/program files (x86)/cypress/psoc creator/4.1/psoc creator/import/gnu/arm/5.4.1/bin/../lib/gcc/arm-none-eabi/5.4.1/../../../../arm-none-eabi/lib/armv7-m\libg_nano.a(lib_a-errno.o)
                              .\CortexM3\ARM_GCC_541\Debug\Cm3Start.o (__errno)
c:/program files (x86)/cypress/psoc creator/4.1/psoc creator/import/gnu/arm/5.4.1/bin/../lib/gcc/arm-none-eabi/5.4.1/../../../../arm-none-eabi/lib/armv7-m\libg_nano.a(lib_a-exit.o)
                              c:/program files (x86)/cypress/psoc creator/4.1/psoc creator/import/gnu/arm/5.4.1/bin/../lib/gcc/arm-none-eabi/5.4.1/../../../../arm-none-eabi/lib/armv7-m/crt0.o (exit)
[...]
Memory Configuration

Name             Origin             Length             Attributes
rom              0x00000000         0x00040000         xr
ram              0x1fff8000         0x00010000         xrw
*default*        0x00000000         0xffffffff

Linker script and memory map

LOAD c:/program files (x86)/cypress/psoc creator/4.1/psoc creator/import/gnu/arm/5.4.1/bin/../lib/gcc/arm-none-eabi/5.4.1/armv7-m/crti.o
LOAD c:/program files (x86)/cypress/psoc creator/4.1/psoc creator/import/gnu/arm/5.4.1/bin/../lib/gcc/arm-none-eabi/5.4.1/armv7-m/crtbegin.o
LOAD c:/program files (x86)/cypress/psoc creator/4.1/psoc creator/import/gnu/arm/5.4.1/bin/../lib/gcc/arm-none-eabi/5.4.1/../../../../arm-none-eabi/lib/armv7-m/crt0.o
START GROUP
LOAD .\CortexM3\ARM_GCC_541\Debug\main.o
LOAD .\CortexM3\ARM_GCC_541\Debug\cyfitter_cfg.o
LOAD .\CortexM3\ARM_GCC_541\Debug\cymetadata.o
LOAD .\CortexM3\ARM_GCC_541\Debug\Cm3Start.o
LOAD .\CortexM3\ARM_GCC_541\Debug\networking.a
LOAD C:\Program Files (x86)\Cypress\PSoC Creator\4.1\PSoC Creator\psoc\content\cycomponentlibrary\CyComponentLibrary.cylib\CortexM3\ARM_GCC_541\Debug\CyComponentLibrary.a
END GROUP
START GROUP
LOAD c:/program files (x86)/cypress/psoc creator/4.1/psoc creator/import/gnu/arm/5.4.1/bin/../lib/gcc/arm-none-eabi/5.4.1/armv7-m\libgcc.a
LOAD c:/program files (x86)/cypress/psoc creator/4.1/psoc creator/import/gnu/arm/5.4.1/bin/../lib/gcc/arm-none-eabi/5.4.1/../../../../arm-none-eabi/lib/armv7-m\libg_nano.a
LOAD c:/program files (x86)/cypress/psoc creator/4.1/psoc creator/import/gnu/arm/5.4.1/bin/../lib/gcc/arm-none-eabi/5.4.1/../../../../arm-none-eabi/lib/armv7-m\libc_nano.a
END GROUP
START GROUP
LOAD c:/program files (x86)/cypress/psoc creator/4.1/psoc creator/import/gnu/arm/5.4.1/bin/../lib/gcc/arm-none-eabi/5.4.1/armv7-m\libgcc.a
LOAD c:/program files (x86)/cypress/psoc creator/4.1/psoc creator/import/gnu/arm/5.4.1/bin/../lib/gcc/arm-none-eabi/5.4.1/../../../../arm-none-eabi/lib/armv7-m\libc_nano.a
END GROUP
LOAD c:/program files (x86)/cypress/psoc creator/4.1/psoc creator/import/gnu/arm/5.4.1/bin/../lib/gcc/arm-none-eabi/5.4.1/armv7-m/crtend.o
LOAD c:/program files (x86)/cypress/psoc creator/4.1/psoc creator/import/gnu/arm/5.4.1/bin/../lib/gcc/arm-none-eabi/5.4.1/armv7-m/crtn.o
START GROUP
LOAD c:/program files (x86)/cypress/psoc creator/4.1/psoc creator/import/gnu/arm/5.4.1/bin/../lib/gcc/arm-none-eabi/5.4.1/armv7-m\libgcc.a
LOAD c:/program files (x86)/cypress/psoc creator/4.1/psoc creator/import/gnu/arm/5.4.1/bin/../lib/gcc/arm-none-eabi/5.4.1/../../../../arm-none-eabi/lib/armv7-m\libc.a
LOAD c:/program files (x86)/cypress/psoc creator/4.1/psoc creator/import/gnu/arm/5.4.1/bin/../lib/gcc/arm-none-eabi/5.4.1/../../../../arm-none-eabi/lib/armv7-m\libnosys.a
END GROUP
                0x00000000                CY_APPL_ORIGIN = 0x0
                0x00000100                CY_FLASH_ROW_SIZE = 0x100
                0x00000020                CY_ECC_ROW_SIZE = 0x20
                0x00000000                CY_EE_IN_BTLDR = 0x0
                0x00000000                CY_APPL_LOADABLE = 0x0
                0x00000800                CY_EE_SIZE = 0x800
                0x00000001                CY_APPL_NUM = 0x1
                0x00000001                CY_APPL_MAX = 0x1
                0x00000040                CY_METADATA_SIZE = 0x40
                0x00000000                CY_APPL_LOADABLE = 0x0
                0x00000000                CY_CHECKSUM_EXCLUDE_SIZE = ALIGN (0x0, CY_FLASH_ROW_SIZE)
                [!provide]                PROVIDE (__cy_heap_start, _end)
                0x00000001                PROVIDE (__cy_region_num, ((__cy_regions_end - __cy_regions) / 0x10))
                0x20008000                PROVIDE (__cy_stack, (ORIGIN (ram) + LENGTH (ram)))
                [!provide]                PROVIDE (__cy_heap_end, (__cy_stack - 0x800))

.cybootloader   0x00000000        0x0
 *(.cybootloader)
                0x00000000                appl1_start = CY_APPL_ORIGIN?CY_APPL_ORIGIN:ALIGN (CY_FLASH_ROW_SIZE)
                0x0001ff00                appl2_start = (appl1_start + ALIGN ((((LENGTH (rom) - appl1_start) - (0x2 * CY_FLASH_ROW_SIZE)) / 0x2), CY_FLASH_ROW_SIZE))
                0x00000000                appl_start = (CY_APPL_NUM == 0x1)?appl1_start:appl2_start
                0x00000000                ecc_offset = ((appl_start / CY_FLASH_ROW_SIZE) * CY_ECC_ROW_SIZE)
                0x00000000                ee_offset = (CY_APPL_LOADABLE && ! (CY_EE_IN_BTLDR))?((CY_EE_SIZE / CY_APPL_MAX) * (CY_APPL_NUM - 0x1)):0x0
                0x00000800                ee_size = (CY_APPL_LOADABLE && ! (CY_EE_IN_BTLDR))?(CY_EE_SIZE / CY_APPL_MAX):CY_EE_SIZE
                [!provide]                PROVIDE (CY_ECC_OFFSET, ecc_offset)

.text           0x00000000     0x2276
 CREATE_OBJECT_SYMBOLS
                0x00000000                PROVIDE (__cy_interrupt_vector, RomVectors)
 *(.romvectors)
 .romvectors    0x00000000       0x10 .\CortexM3\ARM_GCC_541\Debug\Cm3Start.o
                0x00000000                RomVectors
                0x00000001                ASSERT ((. != __cy_interrupt_vector), No interrupt vector)
                0x00000001                ASSERT (CY_APPL_ORIGIN?(SIZEOF (.cybootloader) <= CY_APPL_ORIGIN):0x1, Wrong image location)
                0x00000010                PROVIDE (__cy_reset, Reset)
 *(.text.Reset)
 .text.Reset    0x00000010       0x18 .\CortexM3\ARM_GCC_541\Debug\Cm3Start.o
                0x00000010                Reset
                0x00000001                ASSERT ((. != __cy_reset), No reset code)
 *(.dma_init)
                0x00000001                ASSERT ((((appl_start + .) <= 0x10000) || 0x1), DMA Init must be within the first 64k of flash)
 *(.text .text.* .gnu.linkonce.t.*)
 .text          0x00000028       0x5c c:/program files (x86)/cypress/psoc creator/4.1/psoc creator/import/gnu/arm/5.4.1/bin/../lib/gcc/arm-none-eabi/5.4.1/armv7-m/crtbegin.o
 .text.TIMER    0x00000084       0x24 .\CortexM3\ARM_GCC_541\Debug\main.o
                0x00000084                TIMER
 .text.COLL     0x000000a8       0x24 .\CortexM3\ARM_GCC_541\Debug\main.o
                0x000000a8                COLL
 .text.Timer_TX_ISR_HANDLER
                0x000000cc      0x114 .\CortexM3\ARM_GCC_541\Debug\main.o
                0x000000cc                Timer_TX_ISR_HANDLER
 .text.RISING   0x000001e0       0x28 .\CortexM3\ARM_GCC_541\Debug\main.o
                0x000001e0                RISING
 .text.FALLING  0x00000208       0x2c .\CortexM3\ARM_GCC_541\Debug\main.o
                0x00000208                FALLING
 .text.main     0x00000234      0x180 .\CortexM3\ARM_GCC_541\Debug\main.o
                0x00000234                main
 .text.CyClockStartupError
                0x000003b4        0x4 .\CortexM3\ARM_GCC_541\Debug\cyfitter_cfg.o
 .text.cfg_write_bytes32
                0x000003b8       0x34 .\CortexM3\ARM_GCC_541\Debug\cyfitter_cfg.o
 .text.AnalogSetDefault
                0x000003ec       0x28 .\CortexM3\ARM_GCC_541\Debug\cyfitter_cfg.o
 .text.CYMEMZERO
                0x00000414        0xc .\CortexM3\ARM_GCC_541\Debug\cyfitter_cfg.o
 .text.ClockSetup
                0x00000420       0xd8 .\CortexM3\ARM_GCC_541\Debug\cyfitter_cfg.o
 .text.CYCONFIGCPY
                0x000004f8        0x8 .\CortexM3\ARM_GCC_541\Debug\cyfitter_cfg.o
 .text.cyfitter_cfg
                0x00000500      0x108 .\CortexM3\ARM_GCC_541\Debug\cyfitter_cfg.o
                0x00000500                cyfitter_cfg
 .text.IntDefaultHandler
                0x00000608       0x10 .\CortexM3\ARM_GCC_541\Debug\Cm3Start.o
                0x00000608                IntDefaultHandler
 .text.Start_c  0x00000618       0x4c .\CortexM3\ARM_GCC_541\Debug\Cm3Start.o
                0x00000618                Start_c
 .text.initialize_psoc
                0x00000664       0x68 .\CortexM3\ARM_GCC_541\Debug\Cm3Start.o
                0x00000664                initialize_psoc
 .text.CyHalt   0x000006cc        0x4 .\CortexM3\ARM_GCC_541\Debug\networking.a(CyLib.o)
                0x000006cc                CyHalt
 .text.CyDelayUs
                0x000006d0       0x14 .\CortexM3\ARM_GCC_541\Debug\networking.a(CyLib.o)
                0x000006d0                CyDelayUs
 .text.CyIntSetVector
                0x000006e4       0x28 .\CortexM3\ARM_GCC_541\Debug\networking.a(CyLib.o)
                0x000006e4                CyIntSetVector
 .text.CyIntSetPriority
                0x0000070c       0x30 .\CortexM3\ARM_GCC_541\Debug\networking.a(CyLib.o)
                0x0000070c                CyIntSetPriority
 .text.CyGetUniqueId
                0x0000073c       0x70 .\CortexM3\ARM_GCC_541\Debug\networking.a(CyLib.o)
                0x0000073c                CyGetUniqueId
 .text.TimerISR_SetVector
                0x000007ac        0xc .\CortexM3\ARM_GCC_541\Debug\networking.a(TimerISR.o)
                0x000007ac                TimerISR_SetVector
 .text.TimerISR_SetPriority
                0x000007b8       0x10 .\CortexM3\ARM_GCC_541\Debug\networking.a(TimerISR.o)
                0x000007b8                TimerISR_SetPriority
 .text.TimerISR_Enable
                0x000007c8        0xc .\CortexM3\ARM_GCC_541\Debug\networking.a(TimerISR.o)
                0x000007c8                TimerISR_Enable
 .text.TimerISR_Disable
                0x000007d4        0xc .\CortexM3\ARM_GCC_541\Debug\networking.a(TimerISR.o)
                0x000007d4                TimerISR_Disable
 .text.TimerISR_StartEx
                0x000007e0       0x1c .\CortexM3\ARM_GCC_541\Debug\networking.a(TimerISR.o)
                0x000007e0                TimerISR_StartEx
 .text.Timer_1_Enable
                0x000007fc       0x10 .\CortexM3\ARM_GCC_541\Debug\networking.a(Timer_1.o)
                0x000007fc                Timer_1_Enable
 .text.Timer_1_SetInterruptMode
                0x0000080c        0xc .\CortexM3\ARM_GCC_541\Debug\networking.a(Timer_1.o)
                0x0000080c                Timer_1_SetInterruptMode
 .text.Timer_1_ReadStatusRegister
                0x00000818        0xc .\CortexM3\ARM_GCC_541\Debug\networking.a(Timer_1.o)
                0x00000818                Timer_1_ReadStatusRegister
 .text.Timer_1_WritePeriod
                0x00000824        0xc .\CortexM3\ARM_GCC_541\Debug\networking.a(Timer_1.o)
                0x00000824                Timer_1_WritePeriod
 .text.Timer_1_ReadCapture
                0x00000830        0xc .\CortexM3\ARM_GCC_541\Debug\networking.a(Timer_1.o)
                0x00000830                Timer_1_ReadCapture
 .text.Timer_1_WriteCounter
                0x0000083c        0xc .\CortexM3\ARM_GCC_541\Debug\networking.a(Timer_1.o)
                0x0000083c                Timer_1_WriteCounter
 .text.Timer_1_ClearFIFO
                0x00000848       0x14 .\CortexM3\ARM_GCC_541\Debug\networking.a(Timer_1.o)
                0x00000848                Timer_1_ClearFIFO
 .text.Timer_1_Init
                0x0000085c       0x30 .\CortexM3\ARM_GCC_541\Debug\networking.a(Timer_1.o)
                0x0000085c                Timer_1_Init
 .text.Timer_1_Start
                0x0000088c       0x1c .\CortexM3\ARM_GCC_541\Debug\networking.a(Timer_1.o)
                0x0000088c                Timer_1_Start
 .text.IDLE_Write
                0x000008a8       0x18 .\CortexM3\ARM_GCC_541\Debug\networking.a(IDLE.o)
                0x000008a8                IDLE_Write
 .text.IDLE_Read
                0x000008c0       0x10 .\CortexM3\ARM_GCC_541\Debug\networking.a(IDLE.o)
                0x000008c0                IDLE_Read
 .text.COLLISION_Write
                0x000008d0       0x18 .\CortexM3\ARM_GCC_541\Debug\networking.a(COLLISION.o)
                0x000008d0                COLLISION_Write
 .text.COLLISION_Read
                0x000008e8       0x10 .\CortexM3\ARM_GCC_541\Debug\networking.a(COLLISION.o)
                0x000008e8                COLLISION_Read
 .text.BUSY_Write
                0x000008f8       0x18 .\CortexM3\ARM_GCC_541\Debug\networking.a(BUSY.o)
                0x000008f8                BUSY_Write
 .text.BUSY_Read
                0x00000910       0x10 .\CortexM3\ARM_GCC_541\Debug\networking.a(BUSY.o)
                0x00000910                BUSY_Read
 .text.INT_RISING_SetVector
                0x00000920        0xc .\CortexM3\ARM_GCC_541\Debug\networking.a(INT_RISING.o)
                0x00000920                INT_RISING_SetVector
 .text.INT_RISING_SetPriority
                0x0000092c       0x10 .\CortexM3\ARM_GCC_541\Debug\networking.a(INT_RISING.o)
                0x0000092c                INT_RISING_SetPriority
 .text.INT_RISING_Enable
                0x0000093c        0xc .\CortexM3\ARM_GCC_541\Debug\networking.a(INT_RISING.o)
                0x0000093c                INT_RISING_Enable
 .text.INT_RISING_Disable
                0x00000948        0xc .\CortexM3\ARM_GCC_541\Debug\networking.a(INT_RISING.o)
                0x00000948                INT_RISING_Disable
 .text.INT_RISING_StartEx
                0x00000954       0x1c .\CortexM3\ARM_GCC_541\Debug\networking.a(INT_RISING.o)
                0x00000954                INT_RISING_StartEx
 .text.INT_FALLING_SetVector
                0x00000970        0xc .\CortexM3\ARM_GCC_541\Debug\networking.a(INT_FALLING.o)
                0x00000970                INT_FALLING_SetVector
 .text.INT_FALLING_SetPriority
                0x0000097c       0x10 .\CortexM3\ARM_GCC_541\Debug\networking.a(INT_FALLING.o)
                0x0000097c                INT_FALLING_SetPriority
 .text.INT_FALLING_Enable
                0x0000098c        0xc .\CortexM3\ARM_GCC_541\Debug\networking.a(INT_FALLING.o)
                0x0000098c                INT_FALLING_Enable
 .text.INT_FALLING_Disable
                0x00000998        0xc .\CortexM3\ARM_GCC_541\Debug\networking.a(INT_FALLING.o)
                0x00000998                INT_FALLING_Disable
 .text.INT_FALLING_StartEx
                0x000009a4       0x1c .\CortexM3\ARM_GCC_541\Debug\networking.a(INT_FALLING.o)
                0x000009a4                INT_FALLING_StartEx
 .text.Timer_TX_Enable
                0x000009c0       0x10 .\CortexM3\ARM_GCC_541\Debug\networking.a(Timer_TX.o)
                0x000009c0                Timer_TX_Enable
 .text.Timer_TX_SetInterruptMode
                0x000009d0        0xc .\CortexM3\ARM_GCC_541\Debug\networking.a(Timer_TX.o)
                0x000009d0                Timer_TX_SetInterruptMode
 .text.Timer_TX_ReadStatusRegister
                0x000009dc        0xc .\CortexM3\ARM_GCC_541\Debug\networking.a(Timer_TX.o)
                0x000009dc                Timer_TX_ReadStatusRegister
 .text.Timer_TX_WritePeriod
                0x000009e8        0xc .\CortexM3\ARM_GCC_541\Debug\networking.a(Timer_TX.o)
                0x000009e8                Timer_TX_WritePeriod
 .text.Timer_TX_ReadCapture
                0x000009f4        0xc .\CortexM3\ARM_GCC_541\Debug\networking.a(Timer_TX.o)
                0x000009f4                Timer_TX_ReadCapture
 .text.Timer_TX_WriteCounter
                0x00000a00        0xc .\CortexM3\ARM_GCC_541\Debug\networking.a(Timer_TX.o)
                0x00000a00                Timer_TX_WriteCounter
 .text.Timer_TX_ClearFIFO
                0x00000a0c       0x14 .\CortexM3\ARM_GCC_541\Debug\networking.a(Timer_TX.o)
                0x00000a0c                Timer_TX_ClearFIFO
 .text.Timer_TX_Init
                0x00000a20       0x30 .\CortexM3\ARM_GCC_541\Debug\networking.a(Timer_TX.o)
                0x00000a20                Timer_TX_Init
 .text.Timer_TX_Start
                0x00000a50       0x1c .\CortexM3\ARM_GCC_541\Debug\networking.a(Timer_TX.o)
                0x00000a50                Timer_TX_Start
 .text.Timer_TX_ISR_SetVector
                0x00000a6c        0xc .\CortexM3\ARM_GCC_541\Debug\networking.a(Timer_TX_ISR.o)
                0x00000a6c                Timer_TX_ISR_SetVector
 .text.Timer_TX_ISR_SetPriority
                0x00000a78       0x10 .\CortexM3\ARM_GCC_541\Debug\networking.a(Timer_TX_ISR.o)
                0x00000a78                Timer_TX_ISR_SetPriority
 .text.Timer_TX_ISR_Enable
                0x00000a88        0xc .\CortexM3\ARM_GCC_541\Debug\networking.a(Timer_TX_ISR.o)
                0x00000a88                Timer_TX_ISR_Enable
 .text.Timer_TX_ISR_Disable
                0x00000a94        0xc .\CortexM3\ARM_GCC_541\Debug\networking.a(Timer_TX_ISR.o)
                0x00000a94                Timer_TX_ISR_Disable
 .text.Timer_TX_ISR_StartEx
                0x00000aa0       0x1c .\CortexM3\ARM_GCC_541\Debug\networking.a(Timer_TX_ISR.o)
                0x00000aa0                Timer_TX_ISR_StartEx
 .text.TX_Write
                0x00000abc       0x18 .\CortexM3\ARM_GCC_541\Debug\networking.a(TX.o)
                0x00000abc                TX_Write
 .text.UART_Init
                0x00000ad4      0x140 .\CortexM3\ARM_GCC_541\Debug\networking.a(UART.o)
                0x00000ad4                UART_Init
 .text.UART_InitComponent
                0x00000c14       0xbc .\CortexM3\ARM_GCC_541\Debug\networking.a(UART.o)
                0x00000c14                UART_InitComponent
 .text.UART_Start
                0x00000cd0       0x24 .\CortexM3\ARM_GCC_541\Debug\networking.a(UART.o)
                0x00000cd0                UART_Start
 .text.UART_ReInitComponent
                0x00000cf4       0x4c .\CortexM3\ARM_GCC_541\Debug\networking.a(UART.o)
                0x00000cf4                UART_ReInitComponent
 .text.UART_GetConfiguration
                0x00000d40        0xc .\CortexM3\ARM_GCC_541\Debug\networking.a(UART.o)
                0x00000d40                UART_GetConfiguration
 .text.UART_IsConfigurationChanged
                0x00000d4c       0x20 .\CortexM3\ARM_GCC_541\Debug\networking.a(UART.o)
                0x00000d4c                UART_IsConfigurationChanged
 .text.UART_GetEPState
                0x00000d6c       0x14 .\CortexM3\ARM_GCC_541\Debug\networking.a(UART.o)
                0x00000d6c                UART_GetEPState
 .text.UART_GetEPCount
                0x00000d80       0x28 .\CortexM3\ARM_GCC_541\Debug\networking.a(UART.o)
                0x00000d80                UART_GetEPCount
 .text.UART_LoadInEP
                0x00000da8       0x94 .\CortexM3\ARM_GCC_541\Debug\networking.a(UART.o)
                0x00000da8                UART_LoadInEP
 .text.UART_EnableOutEP
                0x00000e3c       0x2c .\CortexM3\ARM_GCC_541\Debug\networking.a(UART.o)
                0x00000e3c                UART_EnableOutEP
 .text.UART_ReadOutEP
                0x00000e68       0x50 .\CortexM3\ARM_GCC_541\Debug\networking.a(UART.o)
                0x00000e68                UART_ReadOutEP
 .text.UART_GetInterfaceComPort
                0x00000eb8       0x38 .\CortexM3\ARM_GCC_541\Debug\networking.a(UART_cdc.o)
                0x00000eb8                UART_GetInterfaceComPort
 .text.UART_DispatchCDCClassRqst
                0x00000ef0       0x98 .\CortexM3\ARM_GCC_541\Debug\networking.a(UART_cdc.o)
                0x00000ef0                UART_DispatchCDCClassRqst
 .text.UART_CDC_Init
                0x00000f88       0x98 .\CortexM3\ARM_GCC_541\Debug\networking.a(UART_cdc.o)
                0x00000f88                UART_CDC_Init
 .text.UART_PutChar
                0x00001020       0x28 .\CortexM3\ARM_GCC_541\Debug\networking.a(UART_cdc.o)
                0x00001020                UART_PutChar
 .text.UART_PutCRLF
                0x00001048       0x30 .\CortexM3\ARM_GCC_541\Debug\networking.a(UART_cdc.o)
                0x00001048                UART_PutCRLF
 .text.UART_DataIsReady
                0x00001078       0x18 .\CortexM3\ARM_GCC_541\Debug\networking.a(UART_cdc.o)
                0x00001078                UART_DataIsReady
 .text.UART_CDCIsReady
                0x00001090       0x18 .\CortexM3\ARM_GCC_541\Debug\networking.a(UART_cdc.o)
                0x00001090                UART_CDCIsReady
 .text.UART_GetAll
                0x000010a8       0x30 .\CortexM3\ARM_GCC_541\Debug\networking.a(UART_cdc.o)
                0x000010a8                UART_GetAll
 .text.UART_GetDTERate
                0x000010d8       0x30 .\CortexM3\ARM_GCC_541\Debug\networking.a(UART_cdc.o)
                0x000010d8                UART_GetDTERate
 .text.UART_Cdc_EpInit
                0x00001108       0x50 .\CortexM3\ARM_GCC_541\Debug\networking.a(UART_cdc.o)
                0x00001108                UART_Cdc_EpInit
 .text.UART_LoadEP0
                0x00001158       0x98 .\CortexM3\ARM_GCC_541\Debug\networking.a(UART_drv.o)
                0x00001158                UART_LoadEP0
 .text.UART_InitZeroLengthControlTransfer
                0x000011f0       0x34 .\CortexM3\ARM_GCC_541\Debug\networking.a(UART_drv.o)
                0x000011f0                UART_InitZeroLengthControlTransfer
 .text.UART_ControlReadDataStage
                0x00001224        0x8 .\CortexM3\ARM_GCC_541\Debug\networking.a(UART_drv.o)
                0x00001224                UART_ControlReadDataStage
 .text.UART_ControlWriteDataStage
                0x0000122c       0x84 .\CortexM3\ARM_GCC_541\Debug\networking.a(UART_drv.o)
                0x0000122c                UART_ControlWriteDataStage
 .text.UART_InitNoDataControlTransfer
                0x000012b0       0x2c .\CortexM3\ARM_GCC_541\Debug\networking.a(UART_drv.o)
                0x000012b0                UART_InitNoDataControlTransfer
 .text.UART_UpdateStatusBlock
                0x000012dc       0x24 .\CortexM3\ARM_GCC_541\Debug\networking.a(UART_drv.o)
                0x000012dc                UART_UpdateStatusBlock
 .text.UART_HandleSetup
                0x00001300       0x5c .\CortexM3\ARM_GCC_541\Debug\networking.a(UART_drv.o)
                0x00001300                UART_HandleSetup
 .text.UART_ControlReadStatusStage
                0x0000135c       0x38 .\CortexM3\ARM_GCC_541\Debug\networking.a(UART_drv.o)
                0x0000135c                UART_ControlReadStatusStage
 .text.UART_HandleOUT
                0x00001394       0x38 .\CortexM3\ARM_GCC_541\Debug\networking.a(UART_drv.o)
                0x00001394                UART_HandleOUT
 .text.UART_ControlWriteStatusStage
                0x000013cc       0x20 .\CortexM3\ARM_GCC_541\Debug\networking.a(UART_drv.o)
                0x000013cc                UART_ControlWriteStatusStage
 .text.UART_NoDataControlStatusStage
                0x000013ec       0x40 .\CortexM3\ARM_GCC_541\Debug\networking.a(UART_drv.o)
                0x000013ec                UART_NoDataControlStatusStage
 .text.UART_HandleIN
                0x0000142c       0x2c .\CortexM3\ARM_GCC_541\Debug\networking.a(UART_drv.o)
                0x0000142c                UART_HandleIN
 .text.UART_EP_0_ISR
                0x00001458       0xb8 .\CortexM3\ARM_GCC_541\Debug\networking.a(UART_drv.o)
                0x00001458                UART_EP_0_ISR
 .text.UART_InitializeStatusBlock
                0x00001510       0x24 .\CortexM3\ARM_GCC_541\Debug\networking.a(UART_drv.o)
                0x00001510                UART_InitializeStatusBlock
 .text.UART_InitControlRead
                0x00001534       0x50 .\CortexM3\ARM_GCC_541\Debug\networking.a(UART_drv.o)
                0x00001534                UART_InitControlRead
 .text.UART_InitControlWrite
                0x00001584       0x48 .\CortexM3\ARM_GCC_541\Debug\networking.a(UART_drv.o)
                0x00001584                UART_InitControlWrite
 .text.UART_EP_1_ISR
                0x000015cc       0x30 .\CortexM3\ARM_GCC_541\Debug\networking.a(UART_episr.o)
                0x000015cc                UART_EP_1_ISR
 .text.UART_EP_2_ISR
                0x000015fc       0x34 .\CortexM3\ARM_GCC_541\Debug\networking.a(UART_episr.o)
                0x000015fc                UART_EP_2_ISR
 .text.UART_EP_3_ISR
                0x00001630       0x3c .\CortexM3\ARM_GCC_541\Debug\networking.a(UART_episr.o)
                0x00001630                UART_EP_3_ISR
 .text.UART_SOF_ISR
                0x0000166c        0x4 .\CortexM3\ARM_GCC_541\Debug\networking.a(UART_episr.o)
                0x0000166c                UART_SOF_ISR
 .text.UART_BUS_RESET_ISR
                0x00001670        0x8 .\CortexM3\ARM_GCC_541\Debug\networking.a(UART_episr.o)
                0x00001670                UART_BUS_RESET_ISR
 .text.UART_DP_ISR
                0x00001678        0x8 .\CortexM3\ARM_GCC_541\Debug\networking.a(UART_pm.o)
                0x00001678                UART_DP_ISR
 .text.UART_ReadDieID
                0x00001680       0x6c .\CortexM3\ARM_GCC_541\Debug\networking.a(UART_std.o)
                0x00001680                UART_ReadDieID
 .text.UART_ConfigReg
                0x000016ec       0xa4 .\CortexM3\ARM_GCC_541\Debug\networking.a(UART_std.o)
                0x000016ec                UART_ConfigReg
 .text.UART_GetConfigTablePtr
                0x00001790       0x28 .\CortexM3\ARM_GCC_541\Debug\networking.a(UART_std.o)
                0x00001790                UART_GetConfigTablePtr
 .text.UART_ConfigAltChanged
                0x000017b8      0x11c .\CortexM3\ARM_GCC_541\Debug\networking.a(UART_std.o)
                0x000017b8                UART_ConfigAltChanged
 .text.UART_GetDeviceTablePtr
                0x000018d4       0x18 .\CortexM3\ARM_GCC_541\Debug\networking.a(UART_std.o)
                0x000018d4                UART_GetDeviceTablePtr
 .text.UART_GetInterfaceClassTablePtr
                0x000018ec       0x28 .\CortexM3\ARM_GCC_541\Debug\networking.a(UART_std.o)
                0x000018ec                UART_GetInterfaceClassTablePtr
 .text.UART_Config
                0x00001914      0x1ec .\CortexM3\ARM_GCC_541\Debug\networking.a(UART_std.o)
                0x00001914                UART_Config
 .text.UART_SetEndpointHalt
                0x00001b00       0x64 .\CortexM3\ARM_GCC_541\Debug\networking.a(UART_std.o)
                0x00001b00                UART_SetEndpointHalt
 .text.UART_ClearEndpointHalt
                0x00001b64       0xa8 .\CortexM3\ARM_GCC_541\Debug\networking.a(UART_std.o)
                0x00001b64                UART_ClearEndpointHalt
 .text.UART_ValidateAlternateSetting
                0x00001c0c       0x4c .\CortexM3\ARM_GCC_541\Debug\networking.a(UART_std.o)
                0x00001c0c                UART_ValidateAlternateSetting
 .text.UART_HandleStandardRqst
                0x00001c58      0x354 .\CortexM3\ARM_GCC_541\Debug\networking.a(UART_std.o)
                0x00001c58                UART_HandleStandardRqst
 .text.UART_HandleVendorRqst
                0x00001fac       0x18 .\CortexM3\ARM_GCC_541\Debug\networking.a(UART_vnd.o)
                0x00001fac                UART_HandleVendorRqst
 .text.UART_Dp_ClearInterrupt
                0x00001fc4       0x10 .\CortexM3\ARM_GCC_541\Debug\networking.a(UART_Dp.o)
                0x00001fc4                UART_Dp_ClearInterrupt
 .text.PRS_Enable
                0x00001fd4       0x10 .\CortexM3\ARM_GCC_541\Debug\networking.a(PRS.o)
                0x00001fd4                PRS_Enable
 .text.PRS_ResetSeedInit
                0x00001fe4       0x28 .\CortexM3\ARM_GCC_541\Debug\networking.a(PRS.o)
                0x00001fe4                PRS_ResetSeedInit
 .text.PRS_Read
                0x0000200c       0x10 .\CortexM3\ARM_GCC_541\Debug\networking.a(PRS.o)
                0x0000200c                PRS_Read
 .text.PRS_WriteSeed
                0x0000201c       0x10 .\CortexM3\ARM_GCC_541\Debug\networking.a(PRS.o)
                0x0000201c                PRS_WriteSeed
 .text.PRS_WritePolynomial
                0x0000202c       0x10 .\CortexM3\ARM_GCC_541\Debug\networking.a(PRS.o)
                0x0000202c                PRS_WritePolynomial
 .text.PRS_Init
                0x0000203c       0x1c .\CortexM3\ARM_GCC_541\Debug\networking.a(PRS.o)
                0x0000203c                PRS_Init
 .text.PRS_Start
                0x00002058       0x1c .\CortexM3\ARM_GCC_541\Debug\networking.a(PRS.o)
                0x00002058                PRS_Start
 .text.TIMER_RZ_Enable
                0x00002074       0x10 .\CortexM3\ARM_GCC_541\Debug\networking.a(TIMER_RZ.o)
                0x00002074                TIMER_RZ_Enable
 .text.TIMER_RZ_Stop
                0x00002084       0x10 .\CortexM3\ARM_GCC_541\Debug\networking.a(TIMER_RZ.o)
                0x00002084                TIMER_RZ_Stop
 .text.TIMER_RZ_SetInterruptMode
                0x00002094        0xc .\CortexM3\ARM_GCC_541\Debug\networking.a(TIMER_RZ.o)
                0x00002094                TIMER_RZ_SetInterruptMode
 .text.TIMER_RZ_ReadStatusRegister
                0x000020a0        0xc .\CortexM3\ARM_GCC_541\Debug\networking.a(TIMER_RZ.o)
                0x000020a0                TIMER_RZ_ReadStatusRegister
 .text.TIMER_RZ_WritePeriod
                0x000020ac        0xc .\CortexM3\ARM_GCC_541\Debug\networking.a(TIMER_RZ.o)
                0x000020ac                TIMER_RZ_WritePeriod
 .text.TIMER_RZ_ReadCapture
                0x000020b8        0xc .\CortexM3\ARM_GCC_541\Debug\networking.a(TIMER_RZ.o)
                0x000020b8                TIMER_RZ_ReadCapture
 .text.TIMER_RZ_WriteCounter
                0x000020c4        0xc .\CortexM3\ARM_GCC_541\Debug\networking.a(TIMER_RZ.o)
                0x000020c4                TIMER_RZ_WriteCounter
 .text.TIMER_RZ_ClearFIFO
                0x000020d0       0x14 .\CortexM3\ARM_GCC_541\Debug\networking.a(TIMER_RZ.o)
                0x000020d0                TIMER_RZ_ClearFIFO
 .text.TIMER_RZ_Init
                0x000020e4       0x30 .\CortexM3\ARM_GCC_541\Debug\networking.a(TIMER_RZ.o)
                0x000020e4                TIMER_RZ_Init
 .text.TIMER_RZ_Start
                0x00002114       0x1c .\CortexM3\ARM_GCC_541\Debug\networking.a(TIMER_RZ.o)
                0x00002114                TIMER_RZ_Start
 .text.RZ_ISR_SetVector
                0x00002130        0xc .\CortexM3\ARM_GCC_541\Debug\networking.a(RZ_ISR.o)
                0x00002130                RZ_ISR_SetVector
 .text.RZ_ISR_SetPriority
                0x0000213c       0x10 .\CortexM3\ARM_GCC_541\Debug\networking.a(RZ_ISR.o)
                0x0000213c                RZ_ISR_SetPriority
 .text.RZ_ISR_Enable
                0x0000214c        0xc .\CortexM3\ARM_GCC_541\Debug\networking.a(RZ_ISR.o)
                0x0000214c                RZ_ISR_Enable
 .text.RZ_ISR_Disable
                0x00002158        0xc .\CortexM3\ARM_GCC_541\Debug\networking.a(RZ_ISR.o)
                0x00002158                RZ_ISR_Disable
 .text.RZ_ISR_StartEx
                0x00002164       0x1c .\CortexM3\ARM_GCC_541\Debug\networking.a(RZ_ISR.o)
                0x00002164                RZ_ISR_StartEx
 .text          0x00002180       0x20 .\CortexM3\ARM_GCC_541\Debug\networking.a(CyBootAsmGnu.o)
                0x00002180                CyDelayCycles
                0x00002190                CyEnterCriticalSection
                0x00002198                CyExitCriticalSection
 .text.UART_DispatchClassRqst
                0x000021a0       0x58 .\CortexM3\ARM_GCC_541\Debug\networking.a(UART_cls.o)
                0x000021a0                UART_DispatchClassRqst
 .text.__errno  0x000021f8        0xc c:/program files (x86)/cypress/psoc creator/4.1/psoc creator/import/gnu/arm/5.4.1/bin/../lib/gcc/arm-none-eabi/5.4.1/../../../../arm-none-eabi/lib/armv7-m\libg_nano.a(lib_a-errno.o)
                0x000021f8                __errno
 .text.__libc_init_array
                0x00002204       0x4c c:/program files (x86)/cypress/psoc creator/4.1/psoc creator/import/gnu/arm/5.4.1/bin/../lib/gcc/arm-none-eabi/5.4.1/../../../../arm-none-eabi/lib/armv7-m\libg_nano.a(lib_a-init.o)
                0x00002204                __libc_init_array
 .text.memcpy   0x00002250       0x16 c:/program files (x86)/cypress/psoc creator/4.1/psoc creator/import/gnu/arm/5.4.1/bin/../lib/gcc/arm-none-eabi/5.4.1/../../../../arm-none-eabi/lib/armv7-m\libg_nano.a(lib_a-memcpy-stub.o)
                0x00002250                memcpy
 .text.memset   0x00002266       0x10 c:/program files (x86)/cypress/psoc creator/4.1/psoc creator/import/gnu/arm/5.4.1/bin/../lib/gcc/arm-none-eabi/5.4.1/../../../../arm-none-eabi/lib/armv7-m\libg_nano.a(lib_a-memset.o)
                0x00002266                memset
 *(.plt)
 *(.gnu.warning)
 *(.glue_7t)
 .glue_7t       0x00002276        0x0 linker stubs
 *(.glue_7)
 .glue_7        0x00002276        0x0 linker stubs
 *(.vfp11_veneer)
 .vfp11_veneer  0x00002276        0x0 linker stubs
 *(.bootloader)
 *(.ARM.extab* .gnu.linkonce.armextab.*)
 *(.gcc_except_table)

.v4_bx          0x00002278        0x0
 .v4_bx         0x00002278        0x0 linker stubs

.iplt           0x00002278        0x0
 .iplt          0x00002278        0x0 c:/program files (x86)/cypress/psoc creator/4.1/psoc creator/import/gnu/arm/5.4.1/bin/../lib/gcc/arm-none-eabi/5.4.1/armv7-m/crtbegin.o

.eh_frame_hdr
 *(.eh_frame_hdr)

.eh_frame       0x00002278        0x4
 *(.eh_frame)
 .eh_frame      0x00002278        0x0 c:/program files (x86)/cypress/psoc creator/4.1/psoc creator/import/gnu/arm/5.4.1/bin/../lib/gcc/arm-none-eabi/5.4.1/armv7-m/crtbegin.o
 .eh_frame      0x00002278        0x4 c:/program files (x86)/cypress/psoc creator/4.1/psoc creator/import/gnu/arm/5.4.1/bin/../lib/gcc/arm-none-eabi/5.4.1/armv7-m/crtend.o
                [!provide]                PROVIDE (__exidx_start, .)

.ARM.exidx
 *(.ARM.exidx* .gnu.linkonce.armexidx.*)
                0x0000227c                __exidx_end = .

.rodata         0x0000227c      0x1dc
 *(.rodata .rodata.* .gnu.linkonce.r.*)
 .rodata        0x0000227c       0x2a .\CortexM3\ARM_GCC_541\Debug\cyfitter_cfg.o
 *fill*         0x000022a6        0x2 
 .rodata        0x000022a8        0x2 .\CortexM3\ARM_GCC_541\Debug\networking.a(UART_cdc.o)
 *fill*         0x000022aa        0x2 
 .rodata.str1.4
                0x000022ac       0x14 .\CortexM3\ARM_GCC_541\Debug\networking.a(UART_std.o)
                                 0x11 (size before relaxing)
 .rodata        0x000022c0      0x15e .\CortexM3\ARM_GCC_541\Debug\networking.a(UART_descr.o)
                0x000022c0                UART_TABLE
                0x000022c8                UART_DEVICE0_TABLE
                0x000022e0                UART_DEVICE0_CONFIGURATION0_TABLE
                0x00002308                UART_DEVICE0_CONFIGURATION0_INTERFACE_CLASS
                0x0000230c                UART_DEVICE0_CONFIGURATION0_EP_SETTINGS_TABLE
                0x00002324                UART_SN_STRING_DESCRIPTOR
                0x00002328                UART_STRING_DESCRIPTORS
                0x000023c8                UART_DEVICE0_CONFIGURATION0_DESCR
                0x0000240c                UART_DEVICE0_DESCR
 .rodata.str1.1
                0x0000241e        0x2 c:/program files (x86)/cypress/psoc creator/4.1/psoc creator/import/gnu/arm/5.4.1/bin/../lib/gcc/arm-none-eabi/5.4.1/../../../../arm-none-eabi/lib/armv7-m\libg_nano.a(lib_a-impure.o)
                0x00002420                . = ALIGN (0x4)
 *(.init)
 .init          0x00002420        0x4 c:/program files (x86)/cypress/psoc creator/4.1/psoc creator/import/gnu/arm/5.4.1/bin/../lib/gcc/arm-none-eabi/5.4.1/armv7-m/crti.o
                0x00002420                _init
 .init          0x00002424        0x8 c:/program files (x86)/cypress/psoc creator/4.1/psoc creator/import/gnu/arm/5.4.1/bin/../lib/gcc/arm-none-eabi/5.4.1/armv7-m/crtn.o
                0x0000242c                . = ALIGN (0x4)
                0x0000242c                __preinit_array_start = .
 *(.preinit_array)
                0x0000242c                __preinit_array_end = .
                0x0000242c                . = ALIGN (0x4)
                0x0000242c                __init_array_start = .
 *(SORT(.init_array.*))
 *(.init_array)
 .init_array    0x0000242c        0x4 c:/program files (x86)/cypress/psoc creator/4.1/psoc creator/import/gnu/arm/5.4.1/bin/../lib/gcc/arm-none-eabi/5.4.1/armv7-m/crtbegin.o
 .init_array    0x00002430        0x4 .\CortexM3\ARM_GCC_541\Debug\Cm3Start.o
                0x00002434                __init_array_end = .
                0x00002434                . = ALIGN (0x4)
 *(.fini)
 .fini          0x00002434        0x4 c:/program files (x86)/cypress/psoc creator/4.1/psoc creator/import/gnu/arm/5.4.1/bin/../lib/gcc/arm-none-eabi/5.4.1/armv7-m/crti.o
                0x00002434                _fini
 .fini          0x00002438        0x8 c:/program files (x86)/cypress/psoc creator/4.1/psoc creator/import/gnu/arm/5.4.1/bin/../lib/gcc/arm-none-eabi/5.4.1/armv7-m/crtn.o
                0x00002440                . = ALIGN (0x4)
                0x00002440                __fini_array_start = .
 *(.fini_array)
 .fini_array    0x00002440        0x4 c:/program files (x86)/cypress/psoc creator/4.1/psoc creator/import/gnu/arm/5.4.1/bin/../lib/gcc/arm-none-eabi/5.4.1/armv7-m/crtbegin.o
 *(SORT(.fini_array.*))
                0x00002444                __fini_array_end = .
                0x00002444                . = ALIGN (0x4)
 *crtbegin.o(.ctors)
 *(EXCLUDE_FILE(*crtend.o) .ctors)
 *(SORT(.ctors.*))
 *crtend.o(.ctors)
                0x00002444                . = ALIGN (0x4)
 *crtbegin.o(.dtors)
 *(EXCLUDE_FILE(*crtend.o) .dtors)
 *(SORT(.dtors.*))
 *crtend.o(.dtors)
                0x00002444                . = ALIGN (0x4)
                0x00002444                __cy_regions = .
                0x00002444        0x4 LONG 0x2458 __cy_region_init_ram
                0x00002448        0x4 LONG 0x1fff80c8 __cy_region_start_data
                0x0000244c        0x4 LONG 0x98 __cy_region_init_size_ram
                0x00002450        0x4 LONG 0x2250 __cy_region_zero_size_ram
                0x00002454                __cy_regions_end = .
                0x00002458                . = ALIGN (0x8)
 *fill*         0x00002454        0x4 
                0x00002458                _etext = .

.cy_checksum_exclude
                0x00002458        0x0
 *(.cy_checksum_exclude)

.ramvectors     0x1fff8000       0xc0
                0x1fff8000                __cy_region_start_ram = .
 *(.ramvectors)
 .ramvectors    0x1fff8000       0xc0 .\CortexM3\ARM_GCC_541\Debug\Cm3Start.o
                0x1fff8000                CyRamVectors

.noinit         0x1fff80c0        0x1
 *(.noinit)
 .noinit        0x1fff80c0        0x1 .\CortexM3\ARM_GCC_541\Debug\networking.a(CyLib.o)
                0x1fff80c0                CyResetStatus

.data           0x1fff80c8       0x98 load address 0x00002458
                0x1fff80c8                __cy_region_start_data = .
 *(.jcr)
 .jcr           0x1fff80c8        0x0 c:/program files (x86)/cypress/psoc creator/4.1/psoc creator/import/gnu/arm/5.4.1/bin/../lib/gcc/arm-none-eabi/5.4.1/armv7-m/crtbegin.o
 .jcr           0x1fff80c8        0x4 c:/program files (x86)/cypress/psoc creator/4.1/psoc creator/import/gnu/arm/5.4.1/bin/../lib/gcc/arm-none-eabi/5.4.1/armv7-m/crtend.o
 *(.got.plt)
 *(.got)
 *(.shdata)
 *(.data .data.* .gnu.linkonce.d.*)
 .data          0x1fff80cc       0x10 .\CortexM3\ARM_GCC_541\Debug\networking.a(CyLib.o)
                0x1fff80cc                cydelay_32k_ms
                0x1fff80d0                cydelay_freq_khz
                0x1fff80d4                cydelay_freq_mhz
                0x1fff80d8                cydelay_freq_hz
 .data          0x1fff80dc       0x1a .\CortexM3\ARM_GCC_541\Debug\networking.a(UART_cdc.o)
                0x1fff80dc                UART_linesCoding
 *fill*         0x1fff80f6        0x2 
 .data.impure_data
                0x1fff80f8       0x60 c:/program files (x86)/cypress/psoc creator/4.1/psoc creator/import/gnu/arm/5.4.1/bin/../lib/gcc/arm-none-eabi/5.4.1/../../../../arm-none-eabi/lib/armv7-m\libg_nano.a(lib_a-impure.o)
 .data._impure_ptr
                0x1fff8158        0x4 c:/program files (x86)/cypress/psoc creator/4.1/psoc creator/import/gnu/arm/5.4.1/bin/../lib/gcc/arm-none-eabi/5.4.1/../../../../arm-none-eabi/lib/armv7-m\libg_nano.a(lib_a-impure.o)
                0x1fff8158                _impure_ptr
                0x1fff8160                . = ALIGN (0x8)
 *fill*         0x1fff815c        0x4 
 *(.ram)
                0x1fff8160                _edata = .

.igot.plt       0x1fff8160        0x0 load address 0x000024f0
 .igot.plt      0x1fff8160        0x0 c:/program files (x86)/cypress/psoc creator/4.1/psoc creator/import/gnu/arm/5.4.1/bin/../lib/gcc/arm-none-eabi/5.4.1/armv7-m/crtbegin.o

.bss            0x1fff8160     0x2250 load address 0x000024f0
                0x1fff8160                PROVIDE (__bss_start__, .)
 *(.shbss)
 *(.bss .bss.* .gnu.linkonce.b.*)
 .bss           0x1fff8160       0x1c c:/program files (x86)/cypress/psoc creator/4.1/psoc creator/import/gnu/arm/5.4.1/bin/../lib/gcc/arm-none-eabi/5.4.1/armv7-m/crtbegin.o
 .bss           0x1fff817c       0x1c .\CortexM3\ARM_GCC_541\Debug\main.o
                0x1fff817c                lowFlag
                0x1fff817d                systemState
                0x1fff8180                SERIAL_POS
                0x1fff8184                TX_Bit_Counter
                0x1fff8188                count
                0x1fff818c                colCount
                0x1fff8190                uartConnected
                0x1fff8194                dataConvertedReadOutCount
 .bss           0x1fff8198        0x1 .\CortexM3\ARM_GCC_541\Debug\networking.a(Timer_1.o)
                0x1fff8198                Timer_1_initVar
 .bss           0x1fff8199        0x1 .\CortexM3\ARM_GCC_541\Debug\networking.a(Timer_TX.o)
                0x1fff8199                Timer_TX_initVar
 .bss           0x1fff819a        0x1 .\CortexM3\ARM_GCC_541\Debug\networking.a(UART.o)
                0x1fff819a                UART_initVar
 .bss           0x1fff819b        0x1 .\CortexM3\ARM_GCC_541\Debug\networking.a(UART_cdc.o)
 .bss           0x1fff819c        0x2 .\CortexM3\ARM_GCC_541\Debug\networking.a(UART_std.o)
 .bss           0x1fff819e        0x1 .\CortexM3\ARM_GCC_541\Debug\networking.a(PRS.o)
                0x1fff819e                PRS_initVar
 .bss           0x1fff819f        0x1 .\CortexM3\ARM_GCC_541\Debug\networking.a(TIMER_RZ.o)
                0x1fff819f                TIMER_RZ_initVar
 *(COMMON)
 COMMON         0x1fff81a0     0x213c .\CortexM3\ARM_GCC_541\Debug\main.o
                0x1fff81a0                SERIAL_BUFFER
                0x1fff8394                dataSize
                0x1fff8398                currentChar
                0x1fff839c                CONVERTED_DATA
 COMMON         0x1fffa2dc       0x18 .\CortexM3\ARM_GCC_541\Debug\networking.a(UART_cdc.o)
                0x1fffa2dc                UART_linesChanged
                0x1fffa2e0                UART_cdcDataInEp
                0x1fffa2e4                UART_cdcCommInInterruptEp
                0x1fffa2e8                UART_cdcDataOutEp
                0x1fffa2ec                UART_linesControlBitmap
                0x1fffa2f0                UART_serialStateBitmap
 COMMON         0x1fffa2f4       0x98 .\CortexM3\ARM_GCC_541\Debug\networking.a(UART_drv.o)
                0x1fffa2f4                UART_transferState
                0x1fffa2f8                UART_interfaceSettingLast
                0x1fffa2fa                UART_configuration
                0x1fffa2fb                UART_ep0Toggle
                0x1fffa2fc                UART_interfaceNumber
                0x1fffa2fd                UART_device
                0x1fffa300                UART_EP
                0x1fffa36c                UART_interfaceClass
                0x1fffa370                UART_transferByteCount
                0x1fffa374                UART_interfaceSetting
                0x1fffa376                UART_ep0Count
                0x1fffa377                UART_configurationChanged
                0x1fffa378                UART_interfaceStatus
                0x1fffa37a                UART_lastPacketSize
                0x1fffa37b                UART_deviceAddress
                0x1fffa37c                UART_deviceStatus
                0x1fffa37d                UART_ep0Mode
                0x1fffa380                UART_currentTD
 COMMON         0x1fffa38c       0x22 .\CortexM3\ARM_GCC_541\Debug\networking.a(UART_descr.o)
                0x1fffa38c                UART_idSerialNumberStringDescriptor
                0x1fffa3b0                . = ALIGN (0x8)
 *fill*         0x1fffa3ae        0x2 
 *(.ram.b)
                0x1fffa3b0                _end = .
                0x1fffa3b0                __end = .
                0x1fffa3b0                PROVIDE (end, .)
                0x1fffa3b0                PROVIDE (__bss_end__, .)
                0x00002458                __cy_region_init_ram = LOADADDR (.data)
                0x00000098                __cy_region_init_size_ram = (_edata - ADDR (.data))
                0x00002250                __cy_region_zero_size_ram = (_end - _edata)

.heap           0x1fffa3b0       0x80 load address 0x000024f0
                0x1fffa3b0                . = _end
                0x1fffa430                . = (. + 0x80)
 *fill*         0x1fffa3b0       0x80 
                0x1fffa430                __cy_heap_limit = .

.stack          0x20007800      0x800
                0x20007800                __cy_stack_limit = .
                0x20008000                . = (. + 0x800)
 *fill*         0x20007800      0x800 
                0x00000001                ASSERT ((__cy_stack_limit >= __cy_heap_limit), region RAM overflowed with stack)
                0x00000000                cy_checksum_exclude_size = (CY_APPL_LOADABLE == 0x1)?SIZEOF (.cy_checksum_exclude):0x0
                0x00000001                ASSERT ((cy_checksum_exclude_size <= CY_CHECKSUM_EXCLUDE_SIZE), CY_BOOT: Section .cy_checksum_exclude size exceedes specified limit.)

.cyloadermeta
 *(.cyloadermeta)

.cyloadablemeta
 *(.cyloadablemeta)

.cyconfigecc    0x80000000      0x3c4
 *(.cyconfigecc)
 .cyconfigecc   0x80000000      0x3c4 .\CortexM3\ARM_GCC_541\Debug\cymetadata.o
                0x80000000                cy_meta_configecc

.cycustnvl      0x90000000        0x4
 *(.cycustnvl)
 .cycustnvl     0x90000000        0x4 .\CortexM3\ARM_GCC_541\Debug\cymetadata.o
                0x90000000                cy_meta_custnvl

.cywolatch      0x90100000        0x4
 *(.cywolatch)
 .cywolatch     0x90100000        0x4 .\CortexM3\ARM_GCC_541\Debug\cymetadata.o
                0x90100000                cy_meta_wonvl

.cyeeprom       0x90200000        0x0
 *(.cyeeprom)
                0x00000001                ASSERT ((. <= ((0x90200000 + ee_offset) + ee_size)), .cyeeprom data will not fit in EEPROM)

.cyflashprotect
                0x90400000      0x100
 *(.cyflashprotect)
 .cyflashprotect
                0x90400000      0x100 .\CortexM3\ARM_GCC_541\Debug\cymetadata.o
                0x90400000                cy_meta_flashprotect

.cymeta         0x90500000        0xc
 *(.cymeta)
 .cymeta        0x90500000        0xc .\CortexM3\ARM_GCC_541\Debug\cymetadata.o
                0x90500000                cy_metadata

.rel.dyn        0x000024f0        0x0 load address 0x9050000c
 .rel.iplt      0x000024f0        0x0 c:/program files (x86)/cypress/psoc creator/4.1/psoc creator/import/gnu/arm/5.4.1/bin/../lib/gcc/arm-none-eabi/5.4.1/armv7-m/crtbegin.o

.stab
 *(.stab)

.stabstr
 *(.stabstr)

.debug
 *(.debug)

.line
 *(.line)

.debug_srcinfo
 *(.debug_srcinfo)

.debug_sfnames
 *(.debug_sfnames)

.debug_aranges  0x00000000      0xee8
 *(.debug_aranges)
 .debug_aranges
                0x00000000       0x50 .\CortexM3\ARM_GCC_541\Debug\main.o
 .debug_aranges
                0x00000050       0x58 .\CortexM3\ARM_GCC_541\Debug\cyfitter_cfg.o
 .debug_aranges
                0x000000a8       0x18 .\CortexM3\ARM_GCC_541\Debug\cymetadata.o
 .debug_aranges
                0x000000c0       0x48 .\CortexM3\ARM_GCC_541\Debug\Cm3Start.o
 .debug_aranges
                0x00000108      0x2a0 .\CortexM3\ARM_GCC_541\Debug\networking.a(CyLib.o)
 .debug_aranges
                0x000003a8       0x98 .\CortexM3\ARM_GCC_541\Debug\networking.a(cyPm.o)
 .debug_aranges
                0x00000440       0x80 .\CortexM3\ARM_GCC_541\Debug\networking.a(TimerISR.o)
 .debug_aranges
                0x000004c0       0x90 .\CortexM3\ARM_GCC_541\Debug\networking.a(Timer_1.o)
 .debug_aranges
                0x00000550       0x38 .\CortexM3\ARM_GCC_541\Debug\networking.a(IDLE.o)
 .debug_aranges
                0x00000588       0x38 .\CortexM3\ARM_GCC_541\Debug\networking.a(COLLISION.o)
 .debug_aranges
                0x000005c0       0x38 .\CortexM3\ARM_GCC_541\Debug\networking.a(BUSY.o)
 .debug_aranges
                0x000005f8       0x80 .\CortexM3\ARM_GCC_541\Debug\networking.a(INT_RISING.o)
 .debug_aranges
                0x00000678       0x80 .\CortexM3\ARM_GCC_541\Debug\networking.a(INT_FALLING.o)
 .debug_aranges
                0x000006f8       0x90 .\CortexM3\ARM_GCC_541\Debug\networking.a(Timer_TX.o)
 .debug_aranges
                0x00000788       0x80 .\CortexM3\ARM_GCC_541\Debug\networking.a(Timer_TX_ISR.o)
 .debug_aranges
                0x00000808       0x38 .\CortexM3\ARM_GCC_541\Debug\networking.a(TX.o)
 .debug_aranges
                0x00000840       0xc8 .\CortexM3\ARM_GCC_541\Debug\networking.a(UART.o)
 .debug_aranges
                0x00000908       0xe8 .\CortexM3\ARM_GCC_541\Debug\networking.a(UART_cdc.o)
 .debug_aranges
                0x000009f0       0x98 .\CortexM3\ARM_GCC_541\Debug\networking.a(UART_drv.o)
 .debug_aranges
                0x00000a88       0x40 .\CortexM3\ARM_GCC_541\Debug\networking.a(UART_episr.o)
 .debug_aranges
                0x00000ac8       0x40 .\CortexM3\ARM_GCC_541\Debug\networking.a(UART_pm.o)
 .debug_aranges
                0x00000b08       0x80 .\CortexM3\ARM_GCC_541\Debug\networking.a(UART_std.o)
 .debug_aranges
                0x00000b88       0x20 .\CortexM3\ARM_GCC_541\Debug\networking.a(UART_vnd.o)
 .debug_aranges
                0x00000ba8       0x48 .\CortexM3\ARM_GCC_541\Debug\networking.a(UART_Dp.o)
 .debug_aranges
                0x00000bf0       0x60 .\CortexM3\ARM_GCC_541\Debug\networking.a(PRS.o)
 .debug_aranges
                0x00000c50       0x90 .\CortexM3\ARM_GCC_541\Debug\networking.a(TIMER_RZ.o)
 .debug_aranges
                0x00000ce0       0x80 .\CortexM3\ARM_GCC_541\Debug\networking.a(RZ_ISR.o)
 .debug_aranges
                0x00000d60       0x38 .\CortexM3\ARM_GCC_541\Debug\networking.a(COLL_OUT.o)
 .debug_aranges
                0x00000d98       0x20 .\CortexM3\ARM_GCC_541\Debug\networking.a(CyBootAsmGnu.o)
 .debug_aranges
                0x00000db8       0x80 .\CortexM3\ARM_GCC_541\Debug\networking.a(CyFlash.o)
 .debug_aranges
                0x00000e38       0x78 .\CortexM3\ARM_GCC_541\Debug\networking.a(CySpc.o)
 .debug_aranges
                0x00000eb0       0x20 .\CortexM3\ARM_GCC_541\Debug\networking.a(UART_cls.o)
 .debug_aranges
                0x00000ed0       0x18 .\CortexM3\ARM_GCC_541\Debug\networking.a(UART_descr.o)

.debug_pubnames
 *(.debug_pubnames)

.debug_info     0x00000000     0x8bae
 *(.debug_info .gnu.linkonce.wi.*)
 .debug_info    0x00000000      0x7aa .\CortexM3\ARM_GCC_541\Debug\main.o
 .debug_info    0x000007aa      0x513 .\CortexM3\ARM_GCC_541\Debug\cyfitter_cfg.o
 .debug_info    0x00000cbd      0x135 .\CortexM3\ARM_GCC_541\Debug\cymetadata.o
 .debug_info    0x00000df2      0x3bb .\CortexM3\ARM_GCC_541\Debug\Cm3Start.o
 .debug_info    0x000011ad     0x1374 .\CortexM3\ARM_GCC_541\Debug\networking.a(CyLib.o)
 .debug_info    0x00002521      0xa2a .\CortexM3\ARM_GCC_541\Debug\networking.a(cyPm.o)
 .debug_info    0x00002f4b      0x2d2 .\CortexM3\ARM_GCC_541\Debug\networking.a(TimerISR.o)
 .debug_info    0x0000321d      0x2ec .\CortexM3\ARM_GCC_541\Debug\networking.a(Timer_1.o)
 .debug_info    0x00003509      0x11f .\CortexM3\ARM_GCC_541\Debug\networking.a(IDLE.o)
 .debug_info    0x00003628      0x11f .\CortexM3\ARM_GCC_541\Debug\networking.a(COLLISION.o)
 .debug_info    0x00003747      0x11f .\CortexM3\ARM_GCC_541\Debug\networking.a(BUSY.o)
 .debug_info    0x00003866      0x2d2 .\CortexM3\ARM_GCC_541\Debug\networking.a(INT_RISING.o)
 .debug_info    0x00003b38      0x2d2 .\CortexM3\ARM_GCC_541\Debug\networking.a(INT_FALLING.o)
 .debug_info    0x00003e0a      0x2ec .\CortexM3\ARM_GCC_541\Debug\networking.a(Timer_TX.o)
 .debug_info    0x000040f6      0x2d2 .\CortexM3\ARM_GCC_541\Debug\networking.a(Timer_TX_ISR.o)
 .debug_info    0x000043c8      0x11f .\CortexM3\ARM_GCC_541\Debug\networking.a(TX.o)
 .debug_info    0x000044e7      0x98f .\CortexM3\ARM_GCC_541\Debug\networking.a(UART.o)
 .debug_info    0x00004e76      0xaf7 .\CortexM3\ARM_GCC_541\Debug\networking.a(UART_cdc.o)
 .debug_info    0x0000596d      0x655 .\CortexM3\ARM_GCC_541\Debug\networking.a(UART_drv.o)
 .debug_info    0x00005fc2      0x254 .\CortexM3\ARM_GCC_541\Debug\networking.a(UART_episr.o)
 .debug_info    0x00006216      0x2e4 .\CortexM3\ARM_GCC_541\Debug\networking.a(UART_pm.o)
 .debug_info    0x000064fa      0xb26 .\CortexM3\ARM_GCC_541\Debug\networking.a(UART_std.o)
 .debug_info    0x00007020       0xed .\CortexM3\ARM_GCC_541\Debug\networking.a(UART_vnd.o)
 .debug_info    0x0000710d      0x174 .\CortexM3\ARM_GCC_541\Debug\networking.a(UART_Dp.o)
 .debug_info    0x00007281      0x275 .\CortexM3\ARM_GCC_541\Debug\networking.a(PRS.o)
 .debug_info    0x000074f6      0x2ec .\CortexM3\ARM_GCC_541\Debug\networking.a(TIMER_RZ.o)
 .debug_info    0x000077e2      0x2d2 .\CortexM3\ARM_GCC_541\Debug\networking.a(RZ_ISR.o)
 .debug_info    0x00007ab4      0x11f .\CortexM3\ARM_GCC_541\Debug\networking.a(COLL_OUT.o)
 .debug_info    0x00007bd3       0xb9 .\CortexM3\ARM_GCC_541\Debug\networking.a(CyBootAsmGnu.o)
 .debug_info    0x00007c8c      0x5b8 .\CortexM3\ARM_GCC_541\Debug\networking.a(CyFlash.o)
 .debug_info    0x00008244      0x4e9 .\CortexM3\ARM_GCC_541\Debug\networking.a(CySpc.o)
 .debug_info    0x0000872d      0x1de .\CortexM3\ARM_GCC_541\Debug\networking.a(UART_cls.o)
 .debug_info    0x0000890b      0x2a3 .\CortexM3\ARM_GCC_541\Debug\networking.a(UART_descr.o)

.debug_abbrev   0x00000000     0x28a1
 *(.debug_abbrev)
 .debug_abbrev  0x00000000      0x176 .\CortexM3\ARM_GCC_541\Debug\main.o
 .debug_abbrev  0x00000176      0x1fe .\CortexM3\ARM_GCC_541\Debug\cyfitter_cfg.o
 .debug_abbrev  0x00000374       0x66 .\CortexM3\ARM_GCC_541\Debug\cymetadata.o
 .debug_abbrev  0x000003da      0x1e8 .\CortexM3\ARM_GCC_541\Debug\Cm3Start.o
 .debug_abbrev  0x000005c2      0x254 .\CortexM3\ARM_GCC_541\Debug\networking.a(CyLib.o)
 .debug_abbrev  0x00000816      0x1ab .\CortexM3\ARM_GCC_541\Debug\networking.a(cyPm.o)
 .debug_abbrev  0x000009c1      0x173 .\CortexM3\ARM_GCC_541\Debug\networking.a(TimerISR.o)
 .debug_abbrev  0x00000b34      0x12b .\CortexM3\ARM_GCC_541\Debug\networking.a(Timer_1.o)
 .debug_abbrev  0x00000c5f       0x90 .\CortexM3\ARM_GCC_541\Debug\networking.a(IDLE.o)
 .debug_abbrev  0x00000cef       0x90 .\CortexM3\ARM_GCC_541\Debug\networking.a(COLLISION.o)
 .debug_abbrev  0x00000d7f       0x90 .\CortexM3\ARM_GCC_541\Debug\networking.a(BUSY.o)
 .debug_abbrev  0x00000e0f      0x173 .\CortexM3\ARM_GCC_541\Debug\networking.a(INT_RISING.o)
 .debug_abbrev  0x00000f82      0x173 .\CortexM3\ARM_GCC_541\Debug\networking.a(INT_FALLING.o)
 .debug_abbrev  0x000010f5      0x12b .\CortexM3\ARM_GCC_541\Debug\networking.a(Timer_TX.o)
 .debug_abbrev  0x00001220      0x173 .\CortexM3\ARM_GCC_541\Debug\networking.a(Timer_TX_ISR.o)
 .debug_abbrev  0x00001393       0x90 .\CortexM3\ARM_GCC_541\Debug\networking.a(TX.o)
 .debug_abbrev  0x00001423      0x215 .\CortexM3\ARM_GCC_541\Debug\networking.a(UART.o)
 .debug_abbrev  0x00001638      0x245 .\CortexM3\ARM_GCC_541\Debug\networking.a(UART_cdc.o)
 .debug_abbrev  0x0000187d      0x189 .\CortexM3\ARM_GCC_541\Debug\networking.a(UART_drv.o)
 .debug_abbrev  0x00001a06      0x11b .\CortexM3\ARM_GCC_541\Debug\networking.a(UART_episr.o)
 .debug_abbrev  0x00001b21      0x108 .\CortexM3\ARM_GCC_541\Debug\networking.a(UART_pm.o)
 .debug_abbrev  0x00001c29      0x20a .\CortexM3\ARM_GCC_541\Debug\networking.a(UART_std.o)
 .debug_abbrev  0x00001e33       0x9b .\CortexM3\ARM_GCC_541\Debug\networking.a(UART_vnd.o)
 .debug_abbrev  0x00001ece       0x90 .\CortexM3\ARM_GCC_541\Debug\networking.a(UART_Dp.o)
 .debug_abbrev  0x00001f5e      0x140 .\CortexM3\ARM_GCC_541\Debug\networking.a(PRS.o)
 .debug_abbrev  0x0000209e      0x12b .\CortexM3\ARM_GCC_541\Debug\networking.a(TIMER_RZ.o)
 .debug_abbrev  0x000021c9      0x173 .\CortexM3\ARM_GCC_541\Debug\networking.a(RZ_ISR.o)
 .debug_abbrev  0x0000233c       0x90 .\CortexM3\ARM_GCC_541\Debug\networking.a(COLL_OUT.o)
 .debug_abbrev  0x000023cc       0x14 .\CortexM3\ARM_GCC_541\Debug\networking.a(CyBootAsmGnu.o)
 .debug_abbrev  0x000023e0      0x198 .\CortexM3\ARM_GCC_541\Debug\networking.a(CyFlash.o)
 .debug_abbrev  0x00002578      0x194 .\CortexM3\ARM_GCC_541\Debug\networking.a(CySpc.o)
 .debug_abbrev  0x0000270c       0xe1 .\CortexM3\ARM_GCC_541\Debug\networking.a(UART_cls.o)
 .debug_abbrev  0x000027ed       0xb4 .\CortexM3\ARM_GCC_541\Debug\networking.a(UART_descr.o)

.debug_line     0x00000000     0x3662
 *(.debug_line)
 .debug_line    0x00000000      0x323 .\CortexM3\ARM_GCC_541\Debug\main.o
 .debug_line    0x00000323      0x1dc .\CortexM3\ARM_GCC_541\Debug\cyfitter_cfg.o
 .debug_line    0x000004ff      0x141 .\CortexM3\ARM_GCC_541\Debug\cymetadata.o
 .debug_line    0x00000640      0x234 .\CortexM3\ARM_GCC_541\Debug\Cm3Start.o
 .debug_line    0x00000874      0x816 .\CortexM3\ARM_GCC_541\Debug\networking.a(CyLib.o)
 .debug_line    0x0000108a      0x367 .\CortexM3\ARM_GCC_541\Debug\networking.a(cyPm.o)
 .debug_line    0x000013f1      0x135 .\CortexM3\ARM_GCC_541\Debug\networking.a(TimerISR.o)
 .debug_line    0x00001526      0x172 .\CortexM3\ARM_GCC_541\Debug\networking.a(Timer_1.o)
 .debug_line    0x00001698       0x91 .\CortexM3\ARM_GCC_541\Debug\networking.a(IDLE.o)
 .debug_line    0x00001729       0x96 .\CortexM3\ARM_GCC_541\Debug\networking.a(COLLISION.o)
 .debug_line    0x000017bf       0x91 .\CortexM3\ARM_GCC_541\Debug\networking.a(BUSY.o)
 .debug_line    0x00001850      0x137 .\CortexM3\ARM_GCC_541\Debug\networking.a(INT_RISING.o)
 .debug_line    0x00001987      0x138 .\CortexM3\ARM_GCC_541\Debug\networking.a(INT_FALLING.o)
 .debug_line    0x00001abf      0x173 .\CortexM3\ARM_GCC_541\Debug\networking.a(Timer_TX.o)
 .debug_line    0x00001c32      0x139 .\CortexM3\ARM_GCC_541\Debug\networking.a(Timer_TX_ISR.o)
 .debug_line    0x00001d6b       0x8f .\CortexM3\ARM_GCC_541\Debug\networking.a(TX.o)
 .debug_line    0x00001dfa      0x2d0 .\CortexM3\ARM_GCC_541\Debug\networking.a(UART.o)
 .debug_line    0x000020ca      0x2e9 .\CortexM3\ARM_GCC_541\Debug\networking.a(UART_cdc.o)
 .debug_line    0x000023b3      0x218 .\CortexM3\ARM_GCC_541\Debug\networking.a(UART_drv.o)
 .debug_line    0x000025cb       0xdd .\CortexM3\ARM_GCC_541\Debug\networking.a(UART_episr.o)
 .debug_line    0x000026a8      0x102 .\CortexM3\ARM_GCC_541\Debug\networking.a(UART_pm.o)
 .debug_line    0x000027aa      0x3d9 .\CortexM3\ARM_GCC_541\Debug\networking.a(UART_std.o)
 .debug_line    0x00002b83       0x6d .\CortexM3\ARM_GCC_541\Debug\networking.a(UART_vnd.o)
 .debug_line    0x00002bf0       0xb8 .\CortexM3\ARM_GCC_541\Debug\networking.a(UART_Dp.o)
 .debug_line    0x00002ca8      0x110 .\CortexM3\ARM_GCC_541\Debug\networking.a(PRS.o)
 .debug_line    0x00002db8      0x173 .\CortexM3\ARM_GCC_541\Debug\networking.a(TIMER_RZ.o)
 .debug_line    0x00002f2b      0x133 .\CortexM3\ARM_GCC_541\Debug\networking.a(RZ_ISR.o)
 .debug_line    0x0000305e       0x95 .\CortexM3\ARM_GCC_541\Debug\networking.a(COLL_OUT.o)
 .debug_line    0x000030f3       0x66 .\CortexM3\ARM_GCC_541\Debug\networking.a(CyBootAsmGnu.o)
 .debug_line    0x00003159      0x1e9 .\CortexM3\ARM_GCC_541\Debug\networking.a(CyFlash.o)
 .debug_line    0x00003342      0x23c .\CortexM3\ARM_GCC_541\Debug\networking.a(CySpc.o)
 .debug_line    0x0000357e       0x89 .\CortexM3\ARM_GCC_541\Debug\networking.a(UART_cls.o)
 .debug_line    0x00003607       0x5b .\CortexM3\ARM_GCC_541\Debug\networking.a(UART_descr.o)

.debug_frame    0x00000000     0x2328
 *(.debug_frame)
 .debug_frame   0x00000000       0xc8 .\CortexM3\ARM_GCC_541\Debug\main.o
 .debug_frame   0x000000c8       0xe4 .\CortexM3\ARM_GCC_541\Debug\cyfitter_cfg.o
 .debug_frame   0x000001ac       0xb8 .\CortexM3\ARM_GCC_541\Debug\Cm3Start.o
 .debug_frame   0x00000264      0x738 .\CortexM3\ARM_GCC_541\Debug\networking.a(CyLib.o)
 .debug_frame   0x0000099c      0x1f8 .\CortexM3\ARM_GCC_541\Debug\networking.a(cyPm.o)
 .debug_frame   0x00000b94      0x104 .\CortexM3\ARM_GCC_541\Debug\networking.a(TimerISR.o)
 .debug_frame   0x00000c98      0x124 .\CortexM3\ARM_GCC_541\Debug\networking.a(Timer_1.o)
 .debug_frame   0x00000dbc       0x50 .\CortexM3\ARM_GCC_541\Debug\networking.a(IDLE.o)
 .debug_frame   0x00000e0c       0x50 .\CortexM3\ARM_GCC_541\Debug\networking.a(COLLISION.o)
 .debug_frame   0x00000e5c       0x50 .\CortexM3\ARM_GCC_541\Debug\networking.a(BUSY.o)
 .debug_frame   0x00000eac      0x104 .\CortexM3\ARM_GCC_541\Debug\networking.a(INT_RISING.o)
 .debug_frame   0x00000fb0      0x104 .\CortexM3\ARM_GCC_541\Debug\networking.a(INT_FALLING.o)
 .debug_frame   0x000010b4      0x124 .\CortexM3\ARM_GCC_541\Debug\networking.a(Timer_TX.o)
 .debug_frame   0x000011d8      0x104 .\CortexM3\ARM_GCC_541\Debug\networking.a(Timer_TX_ISR.o)
 .debug_frame   0x000012dc       0x50 .\CortexM3\ARM_GCC_541\Debug\networking.a(TX.o)
 .debug_frame   0x0000132c      0x1dc .\CortexM3\ARM_GCC_541\Debug\networking.a(UART.o)
 .debug_frame   0x00001508      0x27c .\CortexM3\ARM_GCC_541\Debug\networking.a(UART_cdc.o)
 .debug_frame   0x00001784      0x194 .\CortexM3\ARM_GCC_541\Debug\networking.a(UART_drv.o)
 .debug_frame   0x00001918       0x6c .\CortexM3\ARM_GCC_541\Debug\networking.a(UART_episr.o)
 .debug_frame   0x00001984       0xa0 .\CortexM3\ARM_GCC_541\Debug\networking.a(UART_pm.o)
 .debug_frame   0x00001a24      0x17c .\CortexM3\ARM_GCC_541\Debug\networking.a(UART_std.o)
 .debug_frame   0x00001ba0       0x20 .\CortexM3\ARM_GCC_541\Debug\networking.a(UART_vnd.o)
 .debug_frame   0x00001bc0       0x70 .\CortexM3\ARM_GCC_541\Debug\networking.a(UART_Dp.o)
 .debug_frame   0x00001c30       0xc4 .\CortexM3\ARM_GCC_541\Debug\networking.a(PRS.o)
 .debug_frame   0x00001cf4      0x124 .\CortexM3\ARM_GCC_541\Debug\networking.a(TIMER_RZ.o)
 .debug_frame   0x00001e18      0x104 .\CortexM3\ARM_GCC_541\Debug\networking.a(RZ_ISR.o)
 .debug_frame   0x00001f1c       0x50 .\CortexM3\ARM_GCC_541\Debug\networking.a(COLL_OUT.o)
 .debug_frame   0x00001f6c      0x174 .\CortexM3\ARM_GCC_541\Debug\networking.a(CyFlash.o)
 .debug_frame   0x000020e0      0x160 .\CortexM3\ARM_GCC_541\Debug\networking.a(CySpc.o)
 .debug_frame   0x00002240       0x2c .\CortexM3\ARM_GCC_541\Debug\networking.a(UART_cls.o)
 .debug_frame   0x0000226c       0x20 c:/program files (x86)/cypress/psoc creator/4.1/psoc creator/import/gnu/arm/5.4.1/bin/../lib/gcc/arm-none-eabi/5.4.1/../../../../arm-none-eabi/lib/armv7-m\libg_nano.a(lib_a-errno.o)
 .debug_frame   0x0000228c       0x28 c:/program files (x86)/cypress/psoc creator/4.1/psoc creator/import/gnu/arm/5.4.1/bin/../lib/gcc/arm-none-eabi/5.4.1/../../../../arm-none-eabi/lib/armv7-m\libg_nano.a(lib_a-exit.o)
 .debug_frame   0x000022b4       0x2c c:/program files (x86)/cypress/psoc creator/4.1/psoc creator/import/gnu/arm/5.4.1/bin/../lib/gcc/arm-none-eabi/5.4.1/../../../../arm-none-eabi/lib/armv7-m\libg_nano.a(lib_a-init.o)
 .debug_frame   0x000022e0       0x28 c:/program files (x86)/cypress/psoc creator/4.1/psoc creator/import/gnu/arm/5.4.1/bin/../lib/gcc/arm-none-eabi/5.4.1/../../../../arm-none-eabi/lib/armv7-m\libg_nano.a(lib_a-memcpy-stub.o)
 .debug_frame   0x00002308       0x20 c:/program files (x86)/cypress/psoc creator/4.1/psoc creator/import/gnu/arm/5.4.1/bin/../lib/gcc/arm-none-eabi/5.4.1/../../../../arm-none-eabi/lib/armv7-m\libg_nano.a(lib_a-memset.o)

.debug_str      0x00000000     0x3090
 *(.debug_str)
 .debug_str     0x00000000      0x4d9 .\CortexM3\ARM_GCC_541\Debug\main.o
                                0x527 (size before relaxing)
 .debug_str     0x000004d9      0x176 .\CortexM3\ARM_GCC_541\Debug\cyfitter_cfg.o
                                0x338 (size before relaxing)
 .debug_str     0x0000064f       0x7f .\CortexM3\ARM_GCC_541\Debug\cymetadata.o
                                0x20d (size before relaxing)
 .debug_str     0x000006ce      0x144 .\CortexM3\ARM_GCC_541\Debug\Cm3Start.o
                                0x333 (size before relaxing)
 .debug_str     0x00000812      0x835 .\CortexM3\ARM_GCC_541\Debug\networking.a(CyLib.o)
                                0xa70 (size before relaxing)
 .debug_str     0x00001047      0x365 .\CortexM3\ARM_GCC_541\Debug\networking.a(cyPm.o)
                                0x75c (size before relaxing)
 .debug_str     0x000013ac       0xff .\CortexM3\ARM_GCC_541\Debug\networking.a(TimerISR.o)
                                0x2f9 (size before relaxing)
 .debug_str     0x000014ab      0x168 .\CortexM3\ARM_GCC_541\Debug\networking.a(Timer_1.o)
                                0x388 (size before relaxing)
 .debug_str     0x00001613       0x4c .\CortexM3\ARM_GCC_541\Debug\networking.a(IDLE.o)
                                0x206 (size before relaxing)
 .debug_str     0x0000165f       0x50 .\CortexM3\ARM_GCC_541\Debug\networking.a(COLLISION.o)
                                0x21f (size before relaxing)
 .debug_str     0x000016af       0x41 .\CortexM3\ARM_GCC_541\Debug\networking.a(BUSY.o)
                                0x206 (size before relaxing)
 .debug_str     0x000016f0      0x119 .\CortexM3\ARM_GCC_541\Debug\networking.a(INT_RISING.o)
                                0x315 (size before relaxing)
 .debug_str     0x00001809      0x126 .\CortexM3\ARM_GCC_541\Debug\networking.a(INT_FALLING.o)
                                0x323 (size before relaxing)
 .debug_str     0x0000192f      0x152 .\CortexM3\ARM_GCC_541\Debug\networking.a(Timer_TX.o)
                                0x39a (size before relaxing)
 .debug_str     0x00001a81      0x133 .\CortexM3\ARM_GCC_541\Debug\networking.a(Timer_TX_ISR.o)
                                0x331 (size before relaxing)
 .debug_str     0x00001bb4       0x43 .\CortexM3\ARM_GCC_541\Debug\networking.a(TX.o)
                                0x1fc (size before relaxing)
 .debug_str     0x00001bf7      0x388 .\CortexM3\ARM_GCC_541\Debug\networking.a(UART.o)
                                0x61b (size before relaxing)
 .debug_str     0x00001f7f      0x440 .\CortexM3\ARM_GCC_541\Debug\networking.a(UART_cdc.o)
                                0x75b (size before relaxing)
 .debug_str     0x000023bf      0x249 .\CortexM3\ARM_GCC_541\Debug\networking.a(UART_drv.o)
                                0x5f3 (size before relaxing)
 .debug_str     0x00002608       0x6e .\CortexM3\ARM_GCC_541\Debug\networking.a(UART_episr.o)
                                0x2e7 (size before relaxing)
 .debug_str     0x00002676       0xb4 .\CortexM3\ARM_GCC_541\Debug\networking.a(UART_pm.o)
                                0x2f5 (size before relaxing)
 .debug_str     0x0000272a      0x226 .\CortexM3\ARM_GCC_541\Debug\networking.a(UART_std.o)
                                0x759 (size before relaxing)
 .debug_str     0x00002950       0x22 .\CortexM3\ARM_GCC_541\Debug\networking.a(UART_vnd.o)
                                0x20d (size before relaxing)
 .debug_str     0x00002972       0x87 .\CortexM3\ARM_GCC_541\Debug\networking.a(UART_Dp.o)
                                0x255 (size before relaxing)
 .debug_str     0x000029f9       0xba .\CortexM3\ARM_GCC_541\Debug\networking.a(PRS.o)
                                0x2c6 (size before relaxing)
 .debug_str     0x00002ab3      0x144 .\CortexM3\ARM_GCC_541\Debug\networking.a(TIMER_RZ.o)
                                0x39a (size before relaxing)
 .debug_str     0x00002bf7       0xe5 .\CortexM3\ARM_GCC_541\Debug\networking.a(RZ_ISR.o)
                                0x2dd (size before relaxing)
 .debug_str     0x00002cdc       0x5b .\CortexM3\ARM_GCC_541\Debug\networking.a(COLL_OUT.o)
                                0x21a (size before relaxing)
 .debug_str     0x00002d37      0x19c .\CortexM3\ARM_GCC_541\Debug\networking.a(CyFlash.o)
                                0x3ca (size before relaxing)
 .debug_str     0x00002ed3       0xac .\CortexM3\ARM_GCC_541\Debug\networking.a(CySpc.o)
                                0x353 (size before relaxing)
 .debug_str     0x00002f7f       0x22 .\CortexM3\ARM_GCC_541\Debug\networking.a(UART_cls.o)
                                0x2c0 (size before relaxing)
 .debug_str     0x00002fa1       0xef .\CortexM3\ARM_GCC_541\Debug\networking.a(UART_descr.o)
                                0x35b (size before relaxing)

.debug_loc      0x00000000     0x310a
 *(.debug_loc)
 .debug_loc     0x00000000       0x32 .\CortexM3\ARM_GCC_541\Debug\main.o
 .debug_loc     0x00000032      0x1d7 .\CortexM3\ARM_GCC_541\Debug\cyfitter_cfg.o
 .debug_loc     0x00000209      0x144 .\CortexM3\ARM_GCC_541\Debug\Cm3Start.o
 .debug_loc     0x0000034d      0xa11 .\CortexM3\ARM_GCC_541\Debug\networking.a(CyLib.o)
 .debug_loc     0x00000d5e      0x1e4 .\CortexM3\ARM_GCC_541\Debug\networking.a(cyPm.o)
 .debug_loc     0x00000f42       0x56 .\CortexM3\ARM_GCC_541\Debug\networking.a(TimerISR.o)
 .debug_loc     0x00000f98       0x13 .\CortexM3\ARM_GCC_541\Debug\networking.a(Timer_1.o)
 .debug_loc     0x00000fab       0x42 .\CortexM3\ARM_GCC_541\Debug\networking.a(IDLE.o)
 .debug_loc     0x00000fed       0x42 .\CortexM3\ARM_GCC_541\Debug\networking.a(COLLISION.o)
 .debug_loc     0x0000102f       0x42 .\CortexM3\ARM_GCC_541\Debug\networking.a(BUSY.o)
 .debug_loc     0x00001071       0x56 .\CortexM3\ARM_GCC_541\Debug\networking.a(INT_RISING.o)
 .debug_loc     0x000010c7       0x56 .\CortexM3\ARM_GCC_541\Debug\networking.a(INT_FALLING.o)
 .debug_loc     0x0000111d       0x13 .\CortexM3\ARM_GCC_541\Debug\networking.a(Timer_TX.o)
 .debug_loc     0x00001130       0x56 .\CortexM3\ARM_GCC_541\Debug\networking.a(Timer_TX_ISR.o)
 .debug_loc     0x00001186       0x42 .\CortexM3\ARM_GCC_541\Debug\networking.a(TX.o)
 .debug_loc     0x000011c8      0x3e1 .\CortexM3\ARM_GCC_541\Debug\networking.a(UART.o)
 .debug_loc     0x000015a9      0x557 .\CortexM3\ARM_GCC_541\Debug\networking.a(UART_cdc.o)
 .debug_loc     0x00001b00      0x171 .\CortexM3\ARM_GCC_541\Debug\networking.a(UART_drv.o)
 .debug_loc     0x00001c71       0x26 .\CortexM3\ARM_GCC_541\Debug\networking.a(UART_pm.o)
 .debug_loc     0x00001c97      0x945 .\CortexM3\ARM_GCC_541\Debug\networking.a(UART_std.o)
 .debug_loc     0x000025dc       0x84 .\CortexM3\ARM_GCC_541\Debug\networking.a(UART_Dp.o)
 .debug_loc     0x00002660       0x79 .\CortexM3\ARM_GCC_541\Debug\networking.a(PRS.o)
 .debug_loc     0x000026d9       0x13 .\CortexM3\ARM_GCC_541\Debug\networking.a(TIMER_RZ.o)
 .debug_loc     0x000026ec       0x56 .\CortexM3\ARM_GCC_541\Debug\networking.a(RZ_ISR.o)
 .debug_loc     0x00002742       0x42 .\CortexM3\ARM_GCC_541\Debug\networking.a(COLL_OUT.o)
 .debug_loc     0x00002784      0x2f2 .\CortexM3\ARM_GCC_541\Debug\networking.a(CyFlash.o)
 .debug_loc     0x00002a76      0x64d .\CortexM3\ARM_GCC_541\Debug\networking.a(CySpc.o)
 .debug_loc     0x000030c3       0x47 .\CortexM3\ARM_GCC_541\Debug\networking.a(UART_cls.o)

.debug_macinfo
 *(.debug_macinfo)

.debug_ranges   0x00000000      0xce8
 *(.debug_ranges)
 .debug_ranges  0x00000000       0x58 .\CortexM3\ARM_GCC_541\Debug\main.o
 .debug_ranges  0x00000058       0x48 .\CortexM3\ARM_GCC_541\Debug\cyfitter_cfg.o
 .debug_ranges  0x000000a0       0x38 .\CortexM3\ARM_GCC_541\Debug\Cm3Start.o
 .debug_ranges  0x000000d8      0x290 .\CortexM3\ARM_GCC_541\Debug\networking.a(CyLib.o)
 .debug_ranges  0x00000368       0x88 .\CortexM3\ARM_GCC_541\Debug\networking.a(cyPm.o)
 .debug_ranges  0x000003f0       0x70 .\CortexM3\ARM_GCC_541\Debug\networking.a(TimerISR.o)
 .debug_ranges  0x00000460       0x80 .\CortexM3\ARM_GCC_541\Debug\networking.a(Timer_1.o)
 .debug_ranges  0x000004e0       0x28 .\CortexM3\ARM_GCC_541\Debug\networking.a(IDLE.o)
 .debug_ranges  0x00000508       0x28 .\CortexM3\ARM_GCC_541\Debug\networking.a(COLLISION.o)
 .debug_ranges  0x00000530       0x28 .\CortexM3\ARM_GCC_541\Debug\networking.a(BUSY.o)
 .debug_ranges  0x00000558       0x70 .\CortexM3\ARM_GCC_541\Debug\networking.a(INT_RISING.o)
 .debug_ranges  0x000005c8       0x70 .\CortexM3\ARM_GCC_541\Debug\networking.a(INT_FALLING.o)
 .debug_ranges  0x00000638       0x80 .\CortexM3\ARM_GCC_541\Debug\networking.a(Timer_TX.o)
 .debug_ranges  0x000006b8       0x70 .\CortexM3\ARM_GCC_541\Debug\networking.a(Timer_TX_ISR.o)
 .debug_ranges  0x00000728       0x28 .\CortexM3\ARM_GCC_541\Debug\networking.a(TX.o)
 .debug_ranges  0x00000750       0xd0 .\CortexM3\ARM_GCC_541\Debug\networking.a(UART.o)
 .debug_ranges  0x00000820       0xd8 .\CortexM3\ARM_GCC_541\Debug\networking.a(UART_cdc.o)
 .debug_ranges  0x000008f8       0x88 .\CortexM3\ARM_GCC_541\Debug\networking.a(UART_drv.o)
 .debug_ranges  0x00000980       0x30 .\CortexM3\ARM_GCC_541\Debug\networking.a(UART_episr.o)
 .debug_ranges  0x000009b0       0x30 .\CortexM3\ARM_GCC_541\Debug\networking.a(UART_pm.o)
 .debug_ranges  0x000009e0       0x70 .\CortexM3\ARM_GCC_541\Debug\networking.a(UART_std.o)
 .debug_ranges  0x00000a50       0x10 .\CortexM3\ARM_GCC_541\Debug\networking.a(UART_vnd.o)
 .debug_ranges  0x00000a60       0x38 .\CortexM3\ARM_GCC_541\Debug\networking.a(UART_Dp.o)
 .debug_ranges  0x00000a98       0x50 .\CortexM3\ARM_GCC_541\Debug\networking.a(PRS.o)
 .debug_ranges  0x00000ae8       0x80 .\CortexM3\ARM_GCC_541\Debug\networking.a(TIMER_RZ.o)
 .debug_ranges  0x00000b68       0x70 .\CortexM3\ARM_GCC_541\Debug\networking.a(RZ_ISR.o)
 .debug_ranges  0x00000bd8       0x28 .\CortexM3\ARM_GCC_541\Debug\networking.a(COLL_OUT.o)
 .debug_ranges  0x00000c00       0x70 .\CortexM3\ARM_GCC_541\Debug\networking.a(CyFlash.o)
 .debug_ranges  0x00000c70       0x68 .\CortexM3\ARM_GCC_541\Debug\networking.a(CySpc.o)
 .debug_ranges  0x00000cd8       0x10 .\CortexM3\ARM_GCC_541\Debug\networking.a(UART_cls.o)

.comment        0x00000000       0x6e
 .comment       0x00000000       0x6e .\CortexM3\ARM_GCC_541\Debug\main.o
                                 0x6f (size before relaxing)
 .comment       0x0000006e       0x6f .\CortexM3\ARM_GCC_541\Debug\cyfitter_cfg.o
 .comment       0x0000006e       0x6f .\CortexM3\ARM_GCC_541\Debug\cymetadata.o
 .comment       0x0000006e       0x6f .\CortexM3\ARM_GCC_541\Debug\Cm3Start.o
 .comment       0x0000006e       0x6f .\CortexM3\ARM_GCC_541\Debug\networking.a(CyLib.o)
 .comment       0x0000006e       0x6f .\CortexM3\ARM_GCC_541\Debug\networking.a(cyPm.o)
 .comment       0x0000006e       0x6f .\CortexM3\ARM_GCC_541\Debug\networking.a(TimerISR.o)
 .comment       0x0000006e       0x6f .\CortexM3\ARM_GCC_541\Debug\networking.a(Timer_1.o)
 .comment       0x0000006e       0x6f .\CortexM3\ARM_GCC_541\Debug\networking.a(IDLE.o)
 .comment       0x0000006e       0x6f .\CortexM3\ARM_GCC_541\Debug\networking.a(COLLISION.o)
 .comment       0x0000006e       0x6f .\CortexM3\ARM_GCC_541\Debug\networking.a(BUSY.o)
 .comment       0x0000006e       0x6f .\CortexM3\ARM_GCC_541\Debug\networking.a(INT_RISING.o)
 .comment       0x0000006e       0x6f .\CortexM3\ARM_GCC_541\Debug\networking.a(INT_FALLING.o)
 .comment       0x0000006e       0x6f .\CortexM3\ARM_GCC_541\Debug\networking.a(Timer_TX.o)
 .comment       0x0000006e       0x6f .\CortexM3\ARM_GCC_541\Debug\networking.a(Timer_TX_ISR.o)
 .comment       0x0000006e       0x6f .\CortexM3\ARM_GCC_541\Debug\networking.a(TX.o)
 .comment       0x0000006e       0x6f .\CortexM3\ARM_GCC_541\Debug\networking.a(UART.o)
 .comment       0x0000006e       0x6f .\CortexM3\ARM_GCC_541\Debug\networking.a(UART_cdc.o)
 .comment       0x0000006e       0x6f .\CortexM3\ARM_GCC_541\Debug\networking.a(UART_drv.o)
 .comment       0x0000006e       0x6f .\CortexM3\ARM_GCC_541\Debug\networking.a(UART_episr.o)
 .comment       0x0000006e       0x6f .\CortexM3\ARM_GCC_541\Debug\networking.a(UART_pm.o)
 .comment       0x0000006e       0x6f .\CortexM3\ARM_GCC_541\Debug\networking.a(UART_std.o)
 .comment       0x0000006e       0x6f .\CortexM3\ARM_GCC_541\Debug\networking.a(UART_vnd.o)
 .comment       0x0000006e       0x6f .\CortexM3\ARM_GCC_541\Debug\networking.a(UART_Dp.o)
 .comment       0x0000006e       0x6f .\CortexM3\ARM_GCC_541\Debug\networking.a(PRS.o)
 .comment       0x0000006e       0x6f .\CortexM3\ARM_GCC_541\Debug\networking.a(TIMER_RZ.o)
 .comment       0x0000006e       0x6f .\CortexM3\ARM_GCC_541\Debug\networking.a(RZ_ISR.o)
 .comment       0x0000006e       0x6f .\CortexM3\ARM_GCC_541\Debug\networking.a(COLL_OUT.o)
 .comment       0x0000006e       0x6f .\CortexM3\ARM_GCC_541\Debug\networking.a(CyFlash.o)
 .comment       0x0000006e       0x6f .\CortexM3\ARM_GCC_541\Debug\networking.a(CySpc.o)
 .comment       0x0000006e       0x6f .\CortexM3\ARM_GCC_541\Debug\networking.a(UART_cls.o)
 .comment       0x0000006e       0x6f .\CortexM3\ARM_GCC_541\Debug\networking.a(UART_descr.o)

.debug_weaknames
 *(.debug_weaknames)

.debug_funcnames
 *(.debug_funcnames)

.debug_typenames
 *(.debug_typenames)

.debug_varnames
 *(.debug_varnames)

.note.gnu.arm.ident
 *(.note.gnu.arm.ident)

.ARM.attributes
                0x00000000       0x29
 *(.ARM.attributes)
 .ARM.attributes
                0x00000000       0x1d c:/program files (x86)/cypress/psoc creator/4.1/psoc creator/import/gnu/arm/5.4.1/bin/../lib/gcc/arm-none-eabi/5.4.1/armv7-m/crti.o
 .ARM.attributes
                0x0000001d       0x2d c:/program files (x86)/cypress/psoc creator/4.1/psoc creator/import/gnu/arm/5.4.1/bin/../lib/gcc/arm-none-eabi/5.4.1/armv7-m/crtbegin.o
 .ARM.attributes
                0x0000004a       0x1b c:/program files (x86)/cypress/psoc creator/4.1/psoc creator/import/gnu/arm/5.4.1/bin/../lib/gcc/arm-none-eabi/5.4.1/../../../../arm-none-eabi/lib/armv7-m/crt0.o
 .ARM.attributes
                0x00000065       0x33 .\CortexM3\ARM_GCC_541\Debug\main.o
 .ARM.attributes
                0x00000098       0x33 .\CortexM3\ARM_GCC_541\Debug\cyfitter_cfg.o
 .ARM.attributes
                0x000000cb       0x33 .\CortexM3\ARM_GCC_541\Debug\cymetadata.o
 .ARM.attributes
                0x000000fe       0x33 .\CortexM3\ARM_GCC_541\Debug\Cm3Start.o
 .ARM.attributes
                0x00000131       0x33 .\CortexM3\ARM_GCC_541\Debug\networking.a(CyLib.o)
 .ARM.attributes
                0x00000164       0x33 .\CortexM3\ARM_GCC_541\Debug\networking.a(cyPm.o)
 .ARM.attributes
                0x00000197       0x33 .\CortexM3\ARM_GCC_541\Debug\networking.a(TimerISR.o)
 .ARM.attributes
                0x000001ca       0x33 .\CortexM3\ARM_GCC_541\Debug\networking.a(Timer_1.o)
 .ARM.attributes
                0x000001fd       0x33 .\CortexM3\ARM_GCC_541\Debug\networking.a(IDLE.o)
 .ARM.attributes
                0x00000230       0x33 .\CortexM3\ARM_GCC_541\Debug\networking.a(COLLISION.o)
 .ARM.attributes
                0x00000263       0x33 .\CortexM3\ARM_GCC_541\Debug\networking.a(BUSY.o)
 .ARM.attributes
                0x00000296       0x33 .\CortexM3\ARM_GCC_541\Debug\networking.a(INT_RISING.o)
 .ARM.attributes
                0x000002c9       0x33 .\CortexM3\ARM_GCC_541\Debug\networking.a(INT_FALLING.o)
 .ARM.attributes
                0x000002fc       0x33 .\CortexM3\ARM_GCC_541\Debug\networking.a(Timer_TX.o)
 .ARM.attributes
                0x0000032f       0x33 .\CortexM3\ARM_GCC_541\Debug\networking.a(Timer_TX_ISR.o)
 .ARM.attributes
                0x00000362       0x33 .\CortexM3\ARM_GCC_541\Debug\networking.a(TX.o)
 .ARM.attributes
                0x00000395       0x33 .\CortexM3\ARM_GCC_541\Debug\networking.a(UART.o)
 .ARM.attributes
                0x000003c8       0x33 .\CortexM3\ARM_GCC_541\Debug\networking.a(UART_cdc.o)
 .ARM.attributes
                0x000003fb       0x33 .\CortexM3\ARM_GCC_541\Debug\networking.a(UART_drv.o)
 .ARM.attributes
                0x0000042e       0x33 .\CortexM3\ARM_GCC_541\Debug\networking.a(UART_episr.o)
 .ARM.attributes
                0x00000461       0x33 .\CortexM3\ARM_GCC_541\Debug\networking.a(UART_pm.o)
 .ARM.attributes
                0x00000494       0x33 .\CortexM3\ARM_GCC_541\Debug\networking.a(UART_std.o)
 .ARM.attributes
                0x000004c7       0x33 .\CortexM3\ARM_GCC_541\Debug\networking.a(UART_vnd.o)
 .ARM.attributes
                0x000004fa       0x33 .\CortexM3\ARM_GCC_541\Debug\networking.a(UART_Dp.o)
 .ARM.attributes
                0x0000052d       0x33 .\CortexM3\ARM_GCC_541\Debug\networking.a(PRS.o)
 .ARM.attributes
                0x00000560       0x33 .\CortexM3\ARM_GCC_541\Debug\networking.a(TIMER_RZ.o)
 .ARM.attributes
                0x00000593       0x33 .\CortexM3\ARM_GCC_541\Debug\networking.a(RZ_ISR.o)
 .ARM.attributes
                0x000005c6       0x33 .\CortexM3\ARM_GCC_541\Debug\networking.a(COLL_OUT.o)
 .ARM.attributes
                0x000005f9       0x21 .\CortexM3\ARM_GCC_541\Debug\networking.a(CyBootAsmGnu.o)
 .ARM.attributes
                0x0000061a       0x33 .\CortexM3\ARM_GCC_541\Debug\networking.a(CyFlash.o)
 .ARM.attributes
                0x0000064d       0x33 .\CortexM3\ARM_GCC_541\Debug\networking.a(CySpc.o)
 .ARM.attributes
                0x00000680       0x33 .\CortexM3\ARM_GCC_541\Debug\networking.a(UART_cls.o)
 .ARM.attributes
                0x000006b3       0x33 .\CortexM3\ARM_GCC_541\Debug\networking.a(UART_descr.o)
 .ARM.attributes
                0x000006e6       0x2d c:/program files (x86)/cypress/psoc creator/4.1/psoc creator/import/gnu/arm/5.4.1/bin/../lib/gcc/arm-none-eabi/5.4.1/../../../../arm-none-eabi/lib/armv7-m\libg_nano.a(lib_a-errno.o)
 .ARM.attributes
                0x00000713       0x2d c:/program files (x86)/cypress/psoc creator/4.1/psoc creator/import/gnu/arm/5.4.1/bin/../lib/gcc/arm-none-eabi/5.4.1/../../../../arm-none-eabi/lib/armv7-m\libg_nano.a(lib_a-exit.o)
 .ARM.attributes
                0x00000740       0x2d c:/program files (x86)/cypress/psoc creator/4.1/psoc creator/import/gnu/arm/5.4.1/bin/../lib/gcc/arm-none-eabi/5.4.1/../../../../arm-none-eabi/lib/armv7-m\libg_nano.a(lib_a-impure.o)
 .ARM.attributes
                0x0000076d       0x2d c:/program files (x86)/cypress/psoc creator/4.1/psoc creator/import/gnu/arm/5.4.1/bin/../lib/gcc/arm-none-eabi/5.4.1/../../../../arm-none-eabi/lib/armv7-m\libg_nano.a(lib_a-init.o)
 .ARM.attributes
                0x0000079a       0x2d c:/program files (x86)/cypress/psoc creator/4.1/psoc creator/import/gnu/arm/5.4.1/bin/../lib/gcc/arm-none-eabi/5.4.1/../../../../arm-none-eabi/lib/armv7-m\libg_nano.a(lib_a-memcpy-stub.o)
 .ARM.attributes
                0x000007c7       0x2d c:/program files (x86)/cypress/psoc creator/4.1/psoc creator/import/gnu/arm/5.4.1/bin/../lib/gcc/arm-none-eabi/5.4.1/../../../../arm-none-eabi/lib/armv7-m\libg_nano.a(lib_a-memset.o)
 .ARM.attributes
                0x000007f4       0x2d c:/program files (x86)/cypress/psoc creator/4.1/psoc creator/import/gnu/arm/5.4.1/bin/../lib/gcc/arm-none-eabi/5.4.1/armv7-m/crtend.o
 .ARM.attributes
                0x00000821       0x1d c:/program files (x86)/cypress/psoc creator/4.1/psoc creator/import/gnu/arm/5.4.1/bin/../lib/gcc/arm-none-eabi/5.4.1/armv7-m/crtn.o

/DISCARD/
 *(.note.GNU-stack)
OUTPUT(C:\Users\marlowea\Google Drive\BACKUP\docs\2017-2018\sem2year4\CE4950\Project\psocker2017\networking.cydsn\CortexM3\ARM_GCC_541\Debug\networking.elf elf32-littlearm)
